Archive member included to satisfy reference by file (symbol)

c:/st/stm32cubeide_1.5.1/stm32cubeide/plugins/com.st.stm32cube.ide.mcu.externaltools.gnu-tools-for-stm32.9-2020-q2-update.win32_1.5.0.202011040924/tools/bin/../lib/gcc/arm-none-eabi/9.3.1/../../../../arm-none-eabi/lib/thumb/v7e-m+fp/hard\libc_nano.a(lib_a-errno.o)
                              Core/Src/syscalls.o (__errno)
c:/st/stm32cubeide_1.5.1/stm32cubeide/plugins/com.st.stm32cube.ide.mcu.externaltools.gnu-tools-for-stm32.9-2020-q2-update.win32_1.5.0.202011040924/tools/bin/../lib/gcc/arm-none-eabi/9.3.1/../../../../arm-none-eabi/lib/thumb/v7e-m+fp/hard\libc_nano.a(lib_a-exit.o)
                              c:/st/stm32cubeide_1.5.1/stm32cubeide/plugins/com.st.stm32cube.ide.mcu.externaltools.gnu-tools-for-stm32.9-2020-q2-update.win32_1.5.0.202011040924/tools/bin/../lib/gcc/arm-none-eabi/9.3.1/../../../../arm-none-eabi/lib/thumb/v7e-m+fp/hard/crt0.o (exit)
c:/st/stm32cubeide_1.5.1/stm32cubeide/plugins/com.st.stm32cube.ide.mcu.externaltools.gnu-tools-for-stm32.9-2020-q2-update.win32_1.5.0.202011040924/tools/bin/../lib/gcc/arm-none-eabi/9.3.1/../../../../arm-none-eabi/lib/thumb/v7e-m+fp/hard\libc_nano.a(lib_a-impure.o)
                              c:/st/stm32cubeide_1.5.1/stm32cubeide/plugins/com.st.stm32cube.ide.mcu.externaltools.gnu-tools-for-stm32.9-2020-q2-update.win32_1.5.0.202011040924/tools/bin/../lib/gcc/arm-none-eabi/9.3.1/../../../../arm-none-eabi/lib/thumb/v7e-m+fp/hard\libc_nano.a(lib_a-exit.o) (_global_impure_ptr)
c:/st/stm32cubeide_1.5.1/stm32cubeide/plugins/com.st.stm32cube.ide.mcu.externaltools.gnu-tools-for-stm32.9-2020-q2-update.win32_1.5.0.202011040924/tools/bin/../lib/gcc/arm-none-eabi/9.3.1/../../../../arm-none-eabi/lib/thumb/v7e-m+fp/hard\libc_nano.a(lib_a-init.o)
                              c:/st/stm32cubeide_1.5.1/stm32cubeide/plugins/com.st.stm32cube.ide.mcu.externaltools.gnu-tools-for-stm32.9-2020-q2-update.win32_1.5.0.202011040924/tools/bin/../lib/gcc/arm-none-eabi/9.3.1/../../../../arm-none-eabi/lib/thumb/v7e-m+fp/hard/crt0.o (__libc_init_array)
c:/st/stm32cubeide_1.5.1/stm32cubeide/plugins/com.st.stm32cube.ide.mcu.externaltools.gnu-tools-for-stm32.9-2020-q2-update.win32_1.5.0.202011040924/tools/bin/../lib/gcc/arm-none-eabi/9.3.1/../../../../arm-none-eabi/lib/thumb/v7e-m+fp/hard\libc_nano.a(lib_a-memset.o)
                              c:/st/stm32cubeide_1.5.1/stm32cubeide/plugins/com.st.stm32cube.ide.mcu.externaltools.gnu-tools-for-stm32.9-2020-q2-update.win32_1.5.0.202011040924/tools/bin/../lib/gcc/arm-none-eabi/9.3.1/../../../../arm-none-eabi/lib/thumb/v7e-m+fp/hard/crt0.o (memset)
c:/st/stm32cubeide_1.5.1/stm32cubeide/plugins/com.st.stm32cube.ide.mcu.externaltools.gnu-tools-for-stm32.9-2020-q2-update.win32_1.5.0.202011040924/tools/bin/../lib/gcc/arm-none-eabi/9.3.1/../../../../arm-none-eabi/lib/thumb/v7e-m+fp/hard\libc_nano.a(lib_a-strcpy.o)
                              Core/Src/main.o (strcpy)
c:/st/stm32cubeide_1.5.1/stm32cubeide/plugins/com.st.stm32cube.ide.mcu.externaltools.gnu-tools-for-stm32.9-2020-q2-update.win32_1.5.0.202011040924/tools/bin/../lib/gcc/arm-none-eabi/9.3.1/../../../../arm-none-eabi/lib/thumb/v7e-m+fp/hard\libc_nano.a(lib_a-strlen.o)
                              Core/Src/main.o (strlen)
c:/st/stm32cubeide_1.5.1/stm32cubeide/plugins/com.st.stm32cube.ide.mcu.externaltools.gnu-tools-for-stm32.9-2020-q2-update.win32_1.5.0.202011040924/tools/bin/../lib/gcc/arm-none-eabi/9.3.1/../../../../arm-none-eabi/lib/thumb/v7e-m+fp/hard\libc_nano.a(lib_a-strpbrk.o)
                              Core/Src/main.o (strpbrk)
c:/st/stm32cubeide_1.5.1/stm32cubeide/plugins/com.st.stm32cube.ide.mcu.externaltools.gnu-tools-for-stm32.9-2020-q2-update.win32_1.5.0.202011040924/tools/bin/../lib/gcc/arm-none-eabi/9.3.1/../../../../arm-none-eabi/lib/thumb/v7e-m+fp/hard\libc_nano.a(lib_a-vsprintf.o)
                              Core/Src/main.o (vsprintf)
c:/st/stm32cubeide_1.5.1/stm32cubeide/plugins/com.st.stm32cube.ide.mcu.externaltools.gnu-tools-for-stm32.9-2020-q2-update.win32_1.5.0.202011040924/tools/bin/../lib/gcc/arm-none-eabi/9.3.1/../../../../arm-none-eabi/lib/thumb/v7e-m+fp/hard\libc_nano.a(lib_a-nano-svfprintf.o)
                              c:/st/stm32cubeide_1.5.1/stm32cubeide/plugins/com.st.stm32cube.ide.mcu.externaltools.gnu-tools-for-stm32.9-2020-q2-update.win32_1.5.0.202011040924/tools/bin/../lib/gcc/arm-none-eabi/9.3.1/../../../../arm-none-eabi/lib/thumb/v7e-m+fp/hard\libc_nano.a(lib_a-vsprintf.o) (_svfprintf_r)
c:/st/stm32cubeide_1.5.1/stm32cubeide/plugins/com.st.stm32cube.ide.mcu.externaltools.gnu-tools-for-stm32.9-2020-q2-update.win32_1.5.0.202011040924/tools/bin/../lib/gcc/arm-none-eabi/9.3.1/../../../../arm-none-eabi/lib/thumb/v7e-m+fp/hard\libc_nano.a(lib_a-nano-vfprintf_i.o)
[...]
Memory Configuration

Name             Origin             Length             Attributes
RAM              0x0000000020000000 0x0000000000018000 xrw
RAM2             0x0000000010000000 0x0000000000008000 xrw
FLASH            0x0000000008000000 0x0000000000100000 xr
*default*        0x0000000000000000 0xffffffffffffffff

Linker script and memory map

LOAD c:/st/stm32cubeide_1.5.1/stm32cubeide/plugins/com.st.stm32cube.ide.mcu.externaltools.gnu-tools-for-stm32.9-2020-q2-update.win32_1.5.0.202011040924/tools/bin/../lib/gcc/arm-none-eabi/9.3.1/thumb/v7e-m+fp/hard/crti.o
LOAD c:/st/stm32cubeide_1.5.1/stm32cubeide/plugins/com.st.stm32cube.ide.mcu.externaltools.gnu-tools-for-stm32.9-2020-q2-update.win32_1.5.0.202011040924/tools/bin/../lib/gcc/arm-none-eabi/9.3.1/thumb/v7e-m+fp/hard/crtbegin.o
LOAD c:/st/stm32cubeide_1.5.1/stm32cubeide/plugins/com.st.stm32cube.ide.mcu.externaltools.gnu-tools-for-stm32.9-2020-q2-update.win32_1.5.0.202011040924/tools/bin/../lib/gcc/arm-none-eabi/9.3.1/../../../../arm-none-eabi/lib/thumb/v7e-m+fp/hard/crt0.o
LOAD Core/Src/LED.o
LOAD Core/Src/SysClock.o
LOAD Core/Src/UART.o
LOAD Core/Src/button.o
LOAD Core/Src/main.o
LOAD Core/Src/stm32l4xx_hal_msp.o
LOAD Core/Src/stm32l4xx_it.o
LOAD Core/Src/syscalls.o
LOAD Core/Src/sysmem.o
LOAD Core/Src/system_stm32l4xx.o
LOAD Core/Startup/startup_stm32l476vgtx.o
LOAD Drivers/STM32L4xx_HAL_Driver/Src/stm32l4xx_hal.o
LOAD Drivers/STM32L4xx_HAL_Driver/Src/stm32l4xx_hal_cortex.o
LOAD Drivers/STM32L4xx_HAL_Driver/Src/stm32l4xx_hal_dma.o
LOAD Drivers/STM32L4xx_HAL_Driver/Src/stm32l4xx_hal_dma_ex.o
LOAD Drivers/STM32L4xx_HAL_Driver/Src/stm32l4xx_hal_exti.o
LOAD Drivers/STM32L4xx_HAL_Driver/Src/stm32l4xx_hal_flash.o
LOAD Drivers/STM32L4xx_HAL_Driver/Src/stm32l4xx_hal_flash_ex.o
LOAD Drivers/STM32L4xx_HAL_Driver/Src/stm32l4xx_hal_flash_ramfunc.o
LOAD Drivers/STM32L4xx_HAL_Driver/Src/stm32l4xx_hal_gpio.o
LOAD Drivers/STM32L4xx_HAL_Driver/Src/stm32l4xx_hal_i2c.o
LOAD Drivers/STM32L4xx_HAL_Driver/Src/stm32l4xx_hal_i2c_ex.o
LOAD Drivers/STM32L4xx_HAL_Driver/Src/stm32l4xx_hal_pwr.o
LOAD Drivers/STM32L4xx_HAL_Driver/Src/stm32l4xx_hal_pwr_ex.o
LOAD Drivers/STM32L4xx_HAL_Driver/Src/stm32l4xx_hal_rcc.o
LOAD Drivers/STM32L4xx_HAL_Driver/Src/stm32l4xx_hal_rcc_ex.o
LOAD Drivers/STM32L4xx_HAL_Driver/Src/stm32l4xx_hal_tim.o
LOAD Drivers/STM32L4xx_HAL_Driver/Src/stm32l4xx_hal_tim_ex.o
START GROUP
LOAD c:/st/stm32cubeide_1.5.1/stm32cubeide/plugins/com.st.stm32cube.ide.mcu.externaltools.gnu-tools-for-stm32.9-2020-q2-update.win32_1.5.0.202011040924/tools/bin/../lib/gcc/arm-none-eabi/9.3.1/../../../../arm-none-eabi/lib/thumb/v7e-m+fp/hard\libc_nano.a
LOAD c:/st/stm32cubeide_1.5.1/stm32cubeide/plugins/com.st.stm32cube.ide.mcu.externaltools.gnu-tools-for-stm32.9-2020-q2-update.win32_1.5.0.202011040924/tools/bin/../lib/gcc/arm-none-eabi/9.3.1/../../../../arm-none-eabi/lib/thumb/v7e-m+fp/hard\libm.a
END GROUP
START GROUP
LOAD c:/st/stm32cubeide_1.5.1/stm32cubeide/plugins/com.st.stm32cube.ide.mcu.externaltools.gnu-tools-for-stm32.9-2020-q2-update.win32_1.5.0.202011040924/tools/bin/../lib/gcc/arm-none-eabi/9.3.1/thumb/v7e-m+fp/hard\libgcc.a
LOAD c:/st/stm32cubeide_1.5.1/stm32cubeide/plugins/com.st.stm32cube.ide.mcu.externaltools.gnu-tools-for-stm32.9-2020-q2-update.win32_1.5.0.202011040924/tools/bin/../lib/gcc/arm-none-eabi/9.3.1/../../../../arm-none-eabi/lib/thumb/v7e-m+fp/hard\libc_nano.a
END GROUP
START GROUP
LOAD c:/st/stm32cubeide_1.5.1/stm32cubeide/plugins/com.st.stm32cube.ide.mcu.externaltools.gnu-tools-for-stm32.9-2020-q2-update.win32_1.5.0.202011040924/tools/bin/../lib/gcc/arm-none-eabi/9.3.1/thumb/v7e-m+fp/hard\libgcc.a
LOAD c:/st/stm32cubeide_1.5.1/stm32cubeide/plugins/com.st.stm32cube.ide.mcu.externaltools.gnu-tools-for-stm32.9-2020-q2-update.win32_1.5.0.202011040924/tools/bin/../lib/gcc/arm-none-eabi/9.3.1/../../../../arm-none-eabi/lib/thumb/v7e-m+fp/hard\libc_nano.a
LOAD c:/st/stm32cubeide_1.5.1/stm32cubeide/plugins/com.st.stm32cube.ide.mcu.externaltools.gnu-tools-for-stm32.9-2020-q2-update.win32_1.5.0.202011040924/tools/bin/../lib/gcc/arm-none-eabi/9.3.1/../../../../arm-none-eabi/lib/thumb/v7e-m+fp/hard\libnosys.a
END GROUP
START GROUP
LOAD c:/st/stm32cubeide_1.5.1/stm32cubeide/plugins/com.st.stm32cube.ide.mcu.externaltools.gnu-tools-for-stm32.9-2020-q2-update.win32_1.5.0.202011040924/tools/bin/../lib/gcc/arm-none-eabi/9.3.1/thumb/v7e-m+fp/hard\libgcc.a
LOAD c:/st/stm32cubeide_1.5.1/stm32cubeide/plugins/com.st.stm32cube.ide.mcu.externaltools.gnu-tools-for-stm32.9-2020-q2-update.win32_1.5.0.202011040924/tools/bin/../lib/gcc/arm-none-eabi/9.3.1/../../../../arm-none-eabi/lib/thumb/v7e-m+fp/hard\libc_nano.a
LOAD c:/st/stm32cubeide_1.5.1/stm32cubeide/plugins/com.st.stm32cube.ide.mcu.externaltools.gnu-tools-for-stm32.9-2020-q2-update.win32_1.5.0.202011040924/tools/bin/../lib/gcc/arm-none-eabi/9.3.1/../../../../arm-none-eabi/lib/thumb/v7e-m+fp/hard\libnosys.a
END GROUP
LOAD c:/st/stm32cubeide_1.5.1/stm32cubeide/plugins/com.st.stm32cube.ide.mcu.externaltools.gnu-tools-for-stm32.9-2020-q2-update.win32_1.5.0.202011040924/tools/bin/../lib/gcc/arm-none-eabi/9.3.1/thumb/v7e-m+fp/hard/crtend.o
LOAD c:/st/stm32cubeide_1.5.1/stm32cubeide/plugins/com.st.stm32cube.ide.mcu.externaltools.gnu-tools-for-stm32.9-2020-q2-update.win32_1.5.0.202011040924/tools/bin/../lib/gcc/arm-none-eabi/9.3.1/thumb/v7e-m+fp/hard/crtn.o
                0x0000000020018000                _estack = (ORIGIN (RAM) + LENGTH (RAM))
                0x0000000000000200                _Min_Heap_Size = 0x200
                0x0000000000000400                _Min_Stack_Size = 0x400

.isr_vector     0x0000000008000000      0x188
                0x0000000008000000                . = ALIGN (0x4)
 *(.isr_vector)
 .isr_vector    0x0000000008000000      0x188 Core/Startup/startup_stm32l476vgtx.o
                0x0000000008000000                g_pfnVectors
                0x0000000008000188                . = ALIGN (0x4)

.text           0x0000000008000190     0x2274
                0x0000000008000190                . = ALIGN (0x4)
 *(.text)
 .text          0x0000000008000190       0x40 c:/st/stm32cubeide_1.5.1/stm32cubeide/plugins/com.st.stm32cube.ide.mcu.externaltools.gnu-tools-for-stm32.9-2020-q2-update.win32_1.5.0.202011040924/tools/bin/../lib/gcc/arm-none-eabi/9.3.1/thumb/v7e-m+fp/hard/crtbegin.o
 .text          0x00000000080001d0       0x10 c:/st/stm32cubeide_1.5.1/stm32cubeide/plugins/com.st.stm32cube.ide.mcu.externaltools.gnu-tools-for-stm32.9-2020-q2-update.win32_1.5.0.202011040924/tools/bin/../lib/gcc/arm-none-eabi/9.3.1/../../../../arm-none-eabi/lib/thumb/v7e-m+fp/hard\libc_nano.a(lib_a-strlen.o)
                0x00000000080001d0                strlen
 .text          0x00000000080001e0       0xa0 c:/st/stm32cubeide_1.5.1/stm32cubeide/plugins/com.st.stm32cube.ide.mcu.externaltools.gnu-tools-for-stm32.9-2020-q2-update.win32_1.5.0.202011040924/tools/bin/../lib/gcc/arm-none-eabi/9.3.1/../../../../arm-none-eabi/lib/thumb/v7e-m+fp/hard\libc_nano.a(lib_a-memchr.o)
                0x00000000080001e0                memchr
 *(.text*)
 .text.LED_Init
                0x0000000008000280       0xb0 Core/Src/LED.o
                0x0000000008000280                LED_Init
 .text.Red_LED_On
                0x0000000008000330       0x20 Core/Src/LED.o
                0x0000000008000330                Red_LED_On
 .text.Red_LED_Off
                0x0000000008000350       0x20 Core/Src/LED.o
                0x0000000008000350                Red_LED_Off
 .text.Green_LED_On
                0x0000000008000370       0x20 Core/Src/LED.o
                0x0000000008000370                Green_LED_On
 .text.Green_LED_Off
                0x0000000008000390       0x20 Core/Src/LED.o
                0x0000000008000390                Green_LED_Off
 .text.System_Clock_Init
                0x00000000080003b0      0x1bc Core/Src/SysClock.o
                0x00000000080003b0                System_Clock_Init
 .text.UART2_Init
                0x000000000800056c       0x48 Core/Src/UART.o
                0x000000000800056c                UART2_Init
 .text.UART2_GPIO_Init
                0x00000000080005b4       0x78 Core/Src/UART.o
                0x00000000080005b4                UART2_GPIO_Init
 .text.USART_Init
                0x000000000800062c      0x10c Core/Src/UART.o
                0x000000000800062c                USART_Init
 .text.USART_Read
                0x0000000008000738       0x2a Core/Src/UART.o
                0x0000000008000738                USART_Read
 .text.USART_Write
                0x0000000008000762       0x66 Core/Src/UART.o
                0x0000000008000762                USART_Write
 .text.USART_Delay
                0x00000000080007c8       0x40 Core/Src/UART.o
                0x00000000080007c8                USART_Delay
 .text.USART_Read_No_Block
                0x0000000008000808       0x2c Core/Src/UART.o
                0x0000000008000808                USART_Read_No_Block
 .text.write_cmd
                0x0000000008000834       0xac Core/Src/main.o
                0x0000000008000834                write_cmd
 .text.usart_real_time_write
                0x00000000080008e0       0x48 Core/Src/main.o
                0x00000000080008e0                usart_real_time_write
 .text.usart_write_data_string
                0x0000000008000928       0x3a Core/Src/main.o
                0x0000000008000928                usart_write_data_string
 .text.is_valid
                0x0000000008000962       0x26 Core/Src/main.o
                0x0000000008000962                is_valid
 .text.check_for_continuation
                0x0000000008000988       0x9c Core/Src/main.o
                0x0000000008000988                check_for_continuation
 .text.stop     0x0000000008000a24       0x2c Core/Src/main.o
                0x0000000008000a24                stop
 .text.delay    0x0000000008000a50       0x36 Core/Src/main.o
                0x0000000008000a50                delay
 .text.calculate_delay
                0x0000000008000a86       0x5e Core/Src/main.o
                0x0000000008000a86                calculate_delay
 .text.start_timer
                0x0000000008000ae4       0x3c Core/Src/main.o
                0x0000000008000ae4                start_timer
 .text.stop_timer
                0x0000000008000b20       0x3c Core/Src/main.o
                0x0000000008000b20                stop_timer
 .text.stop_timers
                0x0000000008000b5c       0x28 Core/Src/main.o
                0x0000000008000b5c                stop_timers
 .text.get_current_time
                0x0000000008000b84       0x30 Core/Src/main.o
                0x0000000008000b84                get_current_time
 .text.move_motor
                0x0000000008000bb4       0x84 Core/Src/main.o
                0x0000000008000bb4                move_motor
 .text.get_opcode
                0x0000000008000c38       0x1e Core/Src/main.o
                0x0000000008000c38                get_opcode
 .text.get_parameter
                0x0000000008000c56       0x1e Core/Src/main.o
                0x0000000008000c56                get_parameter
 .text.get_instruction
                0x0000000008000c74       0x3c Core/Src/main.o
                0x0000000008000c74                get_instruction
 .text.instruction_in_bounds
                0x0000000008000cb0       0x20 Core/Src/main.o
                0x0000000008000cb0                instruction_in_bounds
 .text.increment_recipe
                0x0000000008000cd0       0x2e Core/Src/main.o
                0x0000000008000cd0                increment_recipe
 *fill*         0x0000000008000cfe        0x2 
 .text.reset_servo
                0x0000000008000d00       0x78 Core/Src/main.o
                0x0000000008000d00                reset_servo
 .text.reset_all_servos
                0x0000000008000d78       0x4c Core/Src/main.o
                0x0000000008000d78                reset_all_servos
 .text.servo_ready
                0x0000000008000dc4       0x54 Core/Src/main.o
                0x0000000008000dc4                servo_ready
 .text.some_servo_inactive
                0x0000000008000e18       0x40 Core/Src/main.o
                0x0000000008000e18                some_servo_inactive
 .text.both_servos_inactive_or_paused
                0x0000000008000e58       0x58 Core/Src/main.o
                0x0000000008000e58                both_servos_inactive_or_paused
 .text.parse_cmd
                0x0000000008000eb0      0x278 Core/Src/main.o
                0x0000000008000eb0                parse_cmd
 .text.run_recipe
                0x0000000008001128      0x4cc Core/Src/main.o
                0x0000000008001128                run_recipe
 .text.get_cmd  0x00000000080015f4       0xc8 Core/Src/main.o
                0x00000000080015f4                get_cmd
 .text.additional_init
                0x00000000080016bc      0x214 Core/Src/main.o
                0x00000000080016bc                additional_init
 .text.main     0x00000000080018d0       0x80 Core/Src/main.o
                0x00000000080018d0                main
 .text.NMI_Handler
                0x0000000008001950        0x6 Core/Src/stm32l4xx_it.o
                0x0000000008001950                NMI_Handler
 .text.HardFault_Handler
                0x0000000008001956        0x6 Core/Src/stm32l4xx_it.o
                0x0000000008001956                HardFault_Handler
 .text.MemManage_Handler
                0x000000000800195c        0x6 Core/Src/stm32l4xx_it.o
                0x000000000800195c                MemManage_Handler
 .text.BusFault_Handler
                0x0000000008001962        0x6 Core/Src/stm32l4xx_it.o
                0x0000000008001962                BusFault_Handler
 .text.UsageFault_Handler
                0x0000000008001968        0x6 Core/Src/stm32l4xx_it.o
                0x0000000008001968                UsageFault_Handler
 .text.SVC_Handler
                0x000000000800196e        0xe Core/Src/stm32l4xx_it.o
                0x000000000800196e                SVC_Handler
 .text.DebugMon_Handler
                0x000000000800197c        0xe Core/Src/stm32l4xx_it.o
                0x000000000800197c                DebugMon_Handler
 .text.PendSV_Handler
                0x000000000800198a        0xe Core/Src/stm32l4xx_it.o
                0x000000000800198a                PendSV_Handler
 .text.SysTick_Handler
                0x0000000008001998        0xc Core/Src/stm32l4xx_it.o
                0x0000000008001998                SysTick_Handler
 .text._sbrk    0x00000000080019a4       0x6c Core/Src/sysmem.o
                0x00000000080019a4                _sbrk
 .text.SystemInit
                0x0000000008001a10       0x6c Core/Src/system_stm32l4xx.o
                0x0000000008001a10                SystemInit
 .text.Reset_Handler
                0x0000000008001a7c       0x50 Core/Startup/startup_stm32l476vgtx.o
                0x0000000008001a7c                Reset_Handler
 .text.Default_Handler
                0x0000000008001acc        0x2 Core/Startup/startup_stm32l476vgtx.o
                0x0000000008001acc                RTC_Alarm_IRQHandler
                0x0000000008001acc                EXTI2_IRQHandler
                0x0000000008001acc                TIM8_TRG_COM_IRQHandler
                0x0000000008001acc                TIM8_CC_IRQHandler
                0x0000000008001acc                TIM1_CC_IRQHandler
                0x0000000008001acc                TSC_IRQHandler
                0x0000000008001acc                TAMP_STAMP_IRQHandler
                0x0000000008001acc                EXTI3_IRQHandler
                0x0000000008001acc                LPTIM2_IRQHandler
                0x0000000008001acc                DFSDM1_FLT1_IRQHandler
                0x0000000008001acc                I2C3_ER_IRQHandler
                0x0000000008001acc                DFSDM1_FLT2_IRQHandler
                0x0000000008001acc                EXTI0_IRQHandler
                0x0000000008001acc                I2C2_EV_IRQHandler
                0x0000000008001acc                CAN1_RX0_IRQHandler
                0x0000000008001acc                FPU_IRQHandler
                0x0000000008001acc                TIM1_UP_TIM16_IRQHandler
                0x0000000008001acc                ADC1_2_IRQHandler
                0x0000000008001acc                SPI1_IRQHandler
                0x0000000008001acc                TIM6_DAC_IRQHandler
                0x0000000008001acc                TIM8_UP_IRQHandler
                0x0000000008001acc                DMA2_Channel2_IRQHandler
                0x0000000008001acc                DMA1_Channel4_IRQHandler
                0x0000000008001acc                SAI2_IRQHandler
                0x0000000008001acc                DFSDM1_FLT3_IRQHandler
                0x0000000008001acc                USART3_IRQHandler
                0x0000000008001acc                DMA1_Channel7_IRQHandler
                0x0000000008001acc                CAN1_RX1_IRQHandler
                0x0000000008001acc                LCD_IRQHandler
                0x0000000008001acc                UART5_IRQHandler
                0x0000000008001acc                ADC3_IRQHandler
                0x0000000008001acc                TIM4_IRQHandler
                0x0000000008001acc                DMA2_Channel1_IRQHandler
                0x0000000008001acc                QUADSPI_IRQHandler
                0x0000000008001acc                I2C1_EV_IRQHandler
                0x0000000008001acc                DMA1_Channel6_IRQHandler
                0x0000000008001acc                UART4_IRQHandler
                0x0000000008001acc                DMA2_Channel4_IRQHandler
                0x0000000008001acc                TIM3_IRQHandler
                0x0000000008001acc                RCC_IRQHandler
                0x0000000008001acc                DMA1_Channel1_IRQHandler
                0x0000000008001acc                Default_Handler
                0x0000000008001acc                DMA2_Channel7_IRQHandler
                0x0000000008001acc                EXTI15_10_IRQHandler
                0x0000000008001acc                TIM7_IRQHandler
                0x0000000008001acc                SDMMC1_IRQHandler
                0x0000000008001acc                TIM5_IRQHandler
                0x0000000008001acc                I2C3_EV_IRQHandler
                0x0000000008001acc                EXTI9_5_IRQHandler
                0x0000000008001acc                RTC_WKUP_IRQHandler
                0x0000000008001acc                PVD_PVM_IRQHandler
                0x0000000008001acc                SPI2_IRQHandler
                0x0000000008001acc                CAN1_TX_IRQHandler
                0x0000000008001acc                DMA2_Channel5_IRQHandler
                0x0000000008001acc                DMA1_Channel5_IRQHandler
                0x0000000008001acc                EXTI4_IRQHandler
                0x0000000008001acc                RNG_IRQHandler
                0x0000000008001acc                TIM1_TRG_COM_TIM17_IRQHandler
                0x0000000008001acc                DMA1_Channel3_IRQHandler
                0x0000000008001acc                COMP_IRQHandler
                0x0000000008001acc                WWDG_IRQHandler
                0x0000000008001acc                LPUART1_IRQHandler
                0x0000000008001acc                DMA2_Channel6_IRQHandler
                0x0000000008001acc                TIM2_IRQHandler
                0x0000000008001acc                EXTI1_IRQHandler
                0x0000000008001acc                USART2_IRQHandler
                0x0000000008001acc                DFSDM1_FLT0_IRQHandler
                0x0000000008001acc                I2C2_ER_IRQHandler
                0x0000000008001acc                DMA1_Channel2_IRQHandler
                0x0000000008001acc                TIM8_BRK_IRQHandler
                0x0000000008001acc                CAN1_SCE_IRQHandler
                0x0000000008001acc                FLASH_IRQHandler
                0x0000000008001acc                USART1_IRQHandler
                0x0000000008001acc                OTG_FS_IRQHandler
                0x0000000008001acc                SPI3_IRQHandler
                0x0000000008001acc                I2C1_ER_IRQHandler
                0x0000000008001acc                FMC_IRQHandler
                0x0000000008001acc                SWPMI1_IRQHandler
                0x0000000008001acc                LPTIM1_IRQHandler
                0x0000000008001acc                SAI1_IRQHandler
                0x0000000008001acc                DMA2_Channel3_IRQHandler
                0x0000000008001acc                TIM1_BRK_TIM15_IRQHandler
 *fill*         0x0000000008001ace        0x2 
 .text.HAL_IncTick
                0x0000000008001ad0       0x28 Drivers/STM32L4xx_HAL_Driver/Src/stm32l4xx_hal.o
                0x0000000008001ad0                HAL_IncTick
 .text.__errno  0x0000000008001af8        0xc c:/st/stm32cubeide_1.5.1/stm32cubeide/plugins/com.st.stm32cube.ide.mcu.externaltools.gnu-tools-for-stm32.9-2020-q2-update.win32_1.5.0.202011040924/tools/bin/../lib/gcc/arm-none-eabi/9.3.1/../../../../arm-none-eabi/lib/thumb/v7e-m+fp/hard\libc_nano.a(lib_a-errno.o)
                0x0000000008001af8                __errno
 .text.__libc_init_array
                0x0000000008001b04       0x48 c:/st/stm32cubeide_1.5.1/stm32cubeide/plugins/com.st.stm32cube.ide.mcu.externaltools.gnu-tools-for-stm32.9-2020-q2-update.win32_1.5.0.202011040924/tools/bin/../lib/gcc/arm-none-eabi/9.3.1/../../../../arm-none-eabi/lib/thumb/v7e-m+fp/hard\libc_nano.a(lib_a-init.o)
                0x0000000008001b04                __libc_init_array
 .text.strcpy   0x0000000008001b4c       0x10 c:/st/stm32cubeide_1.5.1/stm32cubeide/plugins/com.st.stm32cube.ide.mcu.externaltools.gnu-tools-for-stm32.9-2020-q2-update.win32_1.5.0.202011040924/tools/bin/../lib/gcc/arm-none-eabi/9.3.1/../../../../arm-none-eabi/lib/thumb/v7e-m+fp/hard\libc_nano.a(lib_a-strcpy.o)
                0x0000000008001b4c                strcpy
 .text.strpbrk  0x0000000008001b5c       0x34 c:/st/stm32cubeide_1.5.1/stm32cubeide/plugins/com.st.stm32cube.ide.mcu.externaltools.gnu-tools-for-stm32.9-2020-q2-update.win32_1.5.0.202011040924/tools/bin/../lib/gcc/arm-none-eabi/9.3.1/../../../../arm-none-eabi/lib/thumb/v7e-m+fp/hard\libc_nano.a(lib_a-strpbrk.o)
                0x0000000008001b5c                strpbrk
 .text._vsprintf_r
                0x0000000008001b90       0x2c c:/st/stm32cubeide_1.5.1/stm32cubeide/plugins/com.st.stm32cube.ide.mcu.externaltools.gnu-tools-for-stm32.9-2020-q2-update.win32_1.5.0.202011040924/tools/bin/../lib/gcc/arm-none-eabi/9.3.1/../../../../arm-none-eabi/lib/thumb/v7e-m+fp/hard\libc_nano.a(lib_a-vsprintf.o)
                0x0000000008001b90                _vsprintf_r
                0x0000000008001b90                _vsiprintf_r
 .text.vsprintf
                0x0000000008001bbc       0x14 c:/st/stm32cubeide_1.5.1/stm32cubeide/plugins/com.st.stm32cube.ide.mcu.externaltools.gnu-tools-for-stm32.9-2020-q2-update.win32_1.5.0.202011040924/tools/bin/../lib/gcc/arm-none-eabi/9.3.1/../../../../arm-none-eabi/lib/thumb/v7e-m+fp/hard\libc_nano.a(lib_a-vsprintf.o)
                0x0000000008001bbc                vsiprintf
                0x0000000008001bbc                vsprintf
 .text.__ssputs_r
                0x0000000008001bd0       0xb6 c:/st/stm32cubeide_1.5.1/stm32cubeide/plugins/com.st.stm32cube.ide.mcu.externaltools.gnu-tools-for-stm32.9-2020-q2-update.win32_1.5.0.202011040924/tools/bin/../lib/gcc/arm-none-eabi/9.3.1/../../../../arm-none-eabi/lib/thumb/v7e-m+fp/hard\libc_nano.a(lib_a-nano-svfprintf.o)
                0x0000000008001bd0                __ssputs_r
 *fill*         0x0000000008001c86        0x2 
 .text._svfprintf_r
                0x0000000008001c88      0x200 c:/st/stm32cubeide_1.5.1/stm32cubeide/plugins/com.st.stm32cube.ide.mcu.externaltools.gnu-tools-for-stm32.9-2020-q2-update.win32_1.5.0.202011040924/tools/bin/../lib/gcc/arm-none-eabi/9.3.1/../../../../arm-none-eabi/lib/thumb/v7e-m+fp/hard\libc_nano.a(lib_a-nano-svfprintf.o)
                0x0000000008001c88                _svfiprintf_r
                0x0000000008001c88                _svfprintf_r
 .text._printf_common
                0x0000000008001e88       0xda c:/st/stm32cubeide_1.5.1/stm32cubeide/plugins/com.st.stm32cube.ide.mcu.externaltools.gnu-tools-for-stm32.9-2020-q2-update.win32_1.5.0.202011040924/tools/bin/../lib/gcc/arm-none-eabi/9.3.1/../../../../arm-none-eabi/lib/thumb/v7e-m+fp/hard\libc_nano.a(lib_a-nano-vfprintf_i.o)
                0x0000000008001e88                _printf_common
 *fill*         0x0000000008001f62        0x2 
 .text._printf_i
                0x0000000008001f64      0x24c c:/st/stm32cubeide_1.5.1/stm32cubeide/plugins/com.st.stm32cube.ide.mcu.externaltools.gnu-tools-for-stm32.9-2020-q2-update.win32_1.5.0.202011040924/tools/bin/../lib/gcc/arm-none-eabi/9.3.1/../../../../arm-none-eabi/lib/thumb/v7e-m+fp/hard\libc_nano.a(lib_a-nano-vfprintf_i.o)
                0x0000000008001f64                _printf_i
 .text.memcpy   0x00000000080021b0       0x1c c:/st/stm32cubeide_1.5.1/stm32cubeide/plugins/com.st.stm32cube.ide.mcu.externaltools.gnu-tools-for-stm32.9-2020-q2-update.win32_1.5.0.202011040924/tools/bin/../lib/gcc/arm-none-eabi/9.3.1/../../../../arm-none-eabi/lib/thumb/v7e-m+fp/hard\libc_nano.a(lib_a-memcpy-stub.o)
                0x00000000080021b0                memcpy
 .text.memmove  0x00000000080021cc       0x34 c:/st/stm32cubeide_1.5.1/stm32cubeide/plugins/com.st.stm32cube.ide.mcu.externaltools.gnu-tools-for-stm32.9-2020-q2-update.win32_1.5.0.202011040924/tools/bin/../lib/gcc/arm-none-eabi/9.3.1/../../../../arm-none-eabi/lib/thumb/v7e-m+fp/hard\libc_nano.a(lib_a-memmove.o)
                0x00000000080021cc                memmove
 .text._free_r  0x0000000008002200       0xa0 c:/st/stm32cubeide_1.5.1/stm32cubeide/plugins/com.st.stm32cube.ide.mcu.externaltools.gnu-tools-for-stm32.9-2020-q2-update.win32_1.5.0.202011040924/tools/bin/../lib/gcc/arm-none-eabi/9.3.1/../../../../arm-none-eabi/lib/thumb/v7e-m+fp/hard\libc_nano.a(lib_a-nano-freer.o)
                0x0000000008002200                _free_r
 .text._malloc_r
                0x00000000080022a0       0xb4 c:/st/stm32cubeide_1.5.1/stm32cubeide/plugins/com.st.stm32cube.ide.mcu.externaltools.gnu-tools-for-stm32.9-2020-q2-update.win32_1.5.0.202011040924/tools/bin/../lib/gcc/arm-none-eabi/9.3.1/../../../../arm-none-eabi/lib/thumb/v7e-m+fp/hard\libc_nano.a(lib_a-nano-mallocr.o)
                0x00000000080022a0                _malloc_r
 .text._realloc_r
                0x0000000008002354       0x4c c:/st/stm32cubeide_1.5.1/stm32cubeide/plugins/com.st.stm32cube.ide.mcu.externaltools.gnu-tools-for-stm32.9-2020-q2-update.win32_1.5.0.202011040924/tools/bin/../lib/gcc/arm-none-eabi/9.3.1/../../../../arm-none-eabi/lib/thumb/v7e-m+fp/hard\libc_nano.a(lib_a-nano-reallocr.o)
                0x0000000008002354                _realloc_r
 .text._sbrk_r  0x00000000080023a0       0x20 c:/st/stm32cubeide_1.5.1/stm32cubeide/plugins/com.st.stm32cube.ide.mcu.externaltools.gnu-tools-for-stm32.9-2020-q2-update.win32_1.5.0.202011040924/tools/bin/../lib/gcc/arm-none-eabi/9.3.1/../../../../arm-none-eabi/lib/thumb/v7e-m+fp/hard\libc_nano.a(lib_a-sbrkr.o)
                0x00000000080023a0                _sbrk_r
 .text.__malloc_lock
                0x00000000080023c0        0xc c:/st/stm32cubeide_1.5.1/stm32cubeide/plugins/com.st.stm32cube.ide.mcu.externaltools.gnu-tools-for-stm32.9-2020-q2-update.win32_1.5.0.202011040924/tools/bin/../lib/gcc/arm-none-eabi/9.3.1/../../../../arm-none-eabi/lib/thumb/v7e-m+fp/hard\libc_nano.a(lib_a-mlock.o)
                0x00000000080023c0                __malloc_lock
 .text.__malloc_unlock
                0x00000000080023cc        0xc c:/st/stm32cubeide_1.5.1/stm32cubeide/plugins/com.st.stm32cube.ide.mcu.externaltools.gnu-tools-for-stm32.9-2020-q2-update.win32_1.5.0.202011040924/tools/bin/../lib/gcc/arm-none-eabi/9.3.1/../../../../arm-none-eabi/lib/thumb/v7e-m+fp/hard\libc_nano.a(lib_a-mlock.o)
                0x00000000080023cc                __malloc_unlock
 .text._malloc_usable_size_r
                0x00000000080023d8       0x10 c:/st/stm32cubeide_1.5.1/stm32cubeide/plugins/com.st.stm32cube.ide.mcu.externaltools.gnu-tools-for-stm32.9-2020-q2-update.win32_1.5.0.202011040924/tools/bin/../lib/gcc/arm-none-eabi/9.3.1/../../../../arm-none-eabi/lib/thumb/v7e-m+fp/hard\libc_nano.a(lib_a-nano-msizer.o)
                0x00000000080023d8                _malloc_usable_size_r
 .text.__retarget_lock_acquire_recursive
                0x00000000080023e8        0x2 c:/st/stm32cubeide_1.5.1/stm32cubeide/plugins/com.st.stm32cube.ide.mcu.externaltools.gnu-tools-for-stm32.9-2020-q2-update.win32_1.5.0.202011040924/tools/bin/../lib/gcc/arm-none-eabi/9.3.1/../../../../arm-none-eabi/lib/thumb/v7e-m+fp/hard\libc_nano.a(lib_a-lock.o)
                0x00000000080023e8                __retarget_lock_acquire_recursive
 .text.__retarget_lock_release_recursive
                0x00000000080023ea        0x2 c:/st/stm32cubeide_1.5.1/stm32cubeide/plugins/com.st.stm32cube.ide.mcu.externaltools.gnu-tools-for-stm32.9-2020-q2-update.win32_1.5.0.202011040924/tools/bin/../lib/gcc/arm-none-eabi/9.3.1/../../../../arm-none-eabi/lib/thumb/v7e-m+fp/hard\libc_nano.a(lib_a-lock.o)
                0x00000000080023ea                __retarget_lock_release_recursive
 *(.glue_7)
 .glue_7        0x00000000080023ec        0x0 linker stubs
 *(.glue_7t)
 .glue_7t       0x00000000080023ec        0x0 linker stubs
 *(.eh_frame)
 .eh_frame      0x00000000080023ec        0x0 c:/st/stm32cubeide_1.5.1/stm32cubeide/plugins/com.st.stm32cube.ide.mcu.externaltools.gnu-tools-for-stm32.9-2020-q2-update.win32_1.5.0.202011040924/tools/bin/../lib/gcc/arm-none-eabi/9.3.1/thumb/v7e-m+fp/hard/crtbegin.o
 *(.init)
 .init          0x00000000080023ec        0x4 c:/st/stm32cubeide_1.5.1/stm32cubeide/plugins/com.st.stm32cube.ide.mcu.externaltools.gnu-tools-for-stm32.9-2020-q2-update.win32_1.5.0.202011040924/tools/bin/../lib/gcc/arm-none-eabi/9.3.1/thumb/v7e-m+fp/hard/crti.o
                0x00000000080023ec                _init
 .init          0x00000000080023f0        0x8 c:/st/stm32cubeide_1.5.1/stm32cubeide/plugins/com.st.stm32cube.ide.mcu.externaltools.gnu-tools-for-stm32.9-2020-q2-update.win32_1.5.0.202011040924/tools/bin/../lib/gcc/arm-none-eabi/9.3.1/thumb/v7e-m+fp/hard/crtn.o
 *(.fini)
 .fini          0x00000000080023f8        0x4 c:/st/stm32cubeide_1.5.1/stm32cubeide/plugins/com.st.stm32cube.ide.mcu.externaltools.gnu-tools-for-stm32.9-2020-q2-update.win32_1.5.0.202011040924/tools/bin/../lib/gcc/arm-none-eabi/9.3.1/thumb/v7e-m+fp/hard/crti.o
                0x00000000080023f8                _fini
 .fini          0x00000000080023fc        0x8 c:/st/stm32cubeide_1.5.1/stm32cubeide/plugins/com.st.stm32cube.ide.mcu.externaltools.gnu-tools-for-stm32.9-2020-q2-update.win32_1.5.0.202011040924/tools/bin/../lib/gcc/arm-none-eabi/9.3.1/thumb/v7e-m+fp/hard/crtn.o
                0x0000000008002404                . = ALIGN (0x4)
                0x0000000008002404                _etext = .

.vfp11_veneer   0x0000000008002404        0x0
 .vfp11_veneer  0x0000000008002404        0x0 linker stubs

.v4_bx          0x0000000008002404        0x0
 .v4_bx         0x0000000008002404        0x0 linker stubs

.iplt           0x0000000008002404        0x0
 .iplt          0x0000000008002404        0x0 c:/st/stm32cubeide_1.5.1/stm32cubeide/plugins/com.st.stm32cube.ide.mcu.externaltools.gnu-tools-for-stm32.9-2020-q2-update.win32_1.5.0.202011040924/tools/bin/../lib/gcc/arm-none-eabi/9.3.1/thumb/v7e-m+fp/hard/crtbegin.o

.rodata         0x0000000008002404      0x2c4
                0x0000000008002404                . = ALIGN (0x4)
 *(.rodata)
 .rodata        0x0000000008002404      0x28e Core/Src/main.o
 *(.rodata*)
 .rodata._svfprintf_r.str1.1
                0x0000000008002692       0x11 c:/st/stm32cubeide_1.5.1/stm32cubeide/plugins/com.st.stm32cube.ide.mcu.externaltools.gnu-tools-for-stm32.9-2020-q2-update.win32_1.5.0.202011040924/tools/bin/../lib/gcc/arm-none-eabi/9.3.1/../../../../arm-none-eabi/lib/thumb/v7e-m+fp/hard\libc_nano.a(lib_a-nano-svfprintf.o)
 .rodata._printf_i.str1.1
                0x00000000080026a3       0x22 c:/st/stm32cubeide_1.5.1/stm32cubeide/plugins/com.st.stm32cube.ide.mcu.externaltools.gnu-tools-for-stm32.9-2020-q2-update.win32_1.5.0.202011040924/tools/bin/../lib/gcc/arm-none-eabi/9.3.1/../../../../arm-none-eabi/lib/thumb/v7e-m+fp/hard\libc_nano.a(lib_a-nano-vfprintf_i.o)
                0x00000000080026c8                . = ALIGN (0x4)
 *fill*         0x00000000080026c5        0x3 

.rel.dyn        0x00000000080026c8        0x0
 .rel.iplt      0x00000000080026c8        0x0 c:/st/stm32cubeide_1.5.1/stm32cubeide/plugins/com.st.stm32cube.ide.mcu.externaltools.gnu-tools-for-stm32.9-2020-q2-update.win32_1.5.0.202011040924/tools/bin/../lib/gcc/arm-none-eabi/9.3.1/thumb/v7e-m+fp/hard/crtbegin.o

.ARM.extab      0x00000000080026c8        0x0
                0x00000000080026c8                . = ALIGN (0x4)
 *(.ARM.extab* .gnu.linkonce.armextab.*)
                0x00000000080026c8                . = ALIGN (0x4)

.ARM            0x00000000080026c8        0x0
                0x00000000080026c8                . = ALIGN (0x4)
                0x00000000080026c8                __exidx_start = .
 *(.ARM.exidx*)
                0x00000000080026c8                __exidx_end = .
                0x00000000080026c8                . = ALIGN (0x4)

.preinit_array  0x00000000080026c8        0x0
                0x00000000080026c8                . = ALIGN (0x4)
                0x00000000080026c8                PROVIDE (__preinit_array_start = .)
 *(.preinit_array*)
                0x00000000080026c8                PROVIDE (__preinit_array_end = .)
                0x00000000080026c8                . = ALIGN (0x4)

.init_array     0x00000000080026c8        0x4
                0x00000000080026c8                . = ALIGN (0x4)
                0x00000000080026c8                PROVIDE (__init_array_start = .)
 *(SORT_BY_NAME(.init_array.*))
 *(.init_array*)
 .init_array    0x00000000080026c8        0x4 c:/st/stm32cubeide_1.5.1/stm32cubeide/plugins/com.st.stm32cube.ide.mcu.externaltools.gnu-tools-for-stm32.9-2020-q2-update.win32_1.5.0.202011040924/tools/bin/../lib/gcc/arm-none-eabi/9.3.1/thumb/v7e-m+fp/hard/crtbegin.o
                0x00000000080026cc                PROVIDE (__init_array_end = .)
                0x00000000080026cc                . = ALIGN (0x4)

.fini_array     0x00000000080026cc        0x4
                0x00000000080026cc                . = ALIGN (0x4)
                [!provide]                        PROVIDE (__fini_array_start = .)
 *(SORT_BY_NAME(.fini_array.*))
 *(.fini_array*)
 .fini_array    0x00000000080026cc        0x4 c:/st/stm32cubeide_1.5.1/stm32cubeide/plugins/com.st.stm32cube.ide.mcu.externaltools.gnu-tools-for-stm32.9-2020-q2-update.win32_1.5.0.202011040924/tools/bin/../lib/gcc/arm-none-eabi/9.3.1/thumb/v7e-m+fp/hard/crtbegin.o
                [!provide]                        PROVIDE (__fini_array_end = .)
                0x00000000080026d0                . = ALIGN (0x4)
                0x00000000080026d0                _sidata = LOADADDR (.data)

.data           0x0000000020000000      0x6c0 load address 0x00000000080026d0
                0x0000000020000000                . = ALIGN (0x4)
                0x0000000020000000                _sdata = .
 *(.data)
 *(.data*)
 .data.positions
                0x0000000020000000       0x18 Core/Src/main.o
                0x0000000020000000                positions
 .data.recipes  0x0000000020000018      0x640 Core/Src/main.o
                0x0000000020000018                recipes
 .data.uwTickFreq
                0x0000000020000658        0x1 Drivers/STM32L4xx_HAL_Driver/Src/stm32l4xx_hal.o
                0x0000000020000658                uwTickFreq
 *fill*         0x0000000020000659        0x3 
 .data._impure_ptr
                0x000000002000065c        0x4 c:/st/stm32cubeide_1.5.1/stm32cubeide/plugins/com.st.stm32cube.ide.mcu.externaltools.gnu-tools-for-stm32.9-2020-q2-update.win32_1.5.0.202011040924/tools/bin/../lib/gcc/arm-none-eabi/9.3.1/../../../../arm-none-eabi/lib/thumb/v7e-m+fp/hard\libc_nano.a(lib_a-impure.o)
                0x000000002000065c                _impure_ptr
 .data.impure_data
                0x0000000020000660       0x60 c:/st/stm32cubeide_1.5.1/stm32cubeide/plugins/com.st.stm32cube.ide.mcu.externaltools.gnu-tools-for-stm32.9-2020-q2-update.win32_1.5.0.202011040924/tools/bin/../lib/gcc/arm-none-eabi/9.3.1/../../../../arm-none-eabi/lib/thumb/v7e-m+fp/hard\libc_nano.a(lib_a-impure.o)
 *(.RamFunc)
 *(.RamFunc*)
                0x00000000200006c0                . = ALIGN (0x4)
                0x00000000200006c0                _edata = .

.igot.plt       0x00000000200006c0        0x0 load address 0x0000000008002d90
 .igot.plt      0x00000000200006c0        0x0 c:/st/stm32cubeide_1.5.1/stm32cubeide/plugins/com.st.stm32cube.ide.mcu.externaltools.gnu-tools-for-stm32.9-2020-q2-update.win32_1.5.0.202011040924/tools/bin/../lib/gcc/arm-none-eabi/9.3.1/thumb/v7e-m+fp/hard/crtbegin.o
                0x00000000200006c0                . = ALIGN (0x4)

.bss            0x00000000200006c0       0x80 load address 0x0000000008002d90
                0x00000000200006c0                _sbss = .
                0x00000000200006c0                __bss_start__ = _sbss
 *(.bss)
 .bss           0x00000000200006c0       0x1c c:/st/stm32cubeide_1.5.1/stm32cubeide/plugins/com.st.stm32cube.ide.mcu.externaltools.gnu-tools-for-stm32.9-2020-q2-update.win32_1.5.0.202011040924/tools/bin/../lib/gcc/arm-none-eabi/9.3.1/thumb/v7e-m+fp/hard/crtbegin.o
 *(.bss*)
 .bss.null      0x00000000200006dc        0x4 Core/Src/main.o
                0x00000000200006dc                null
 .bss.__sbrk_heap_end
                0x00000000200006e0        0x4 Core/Src/sysmem.o
 .bss.__malloc_free_list
                0x00000000200006e4        0x4 c:/st/stm32cubeide_1.5.1/stm32cubeide/plugins/com.st.stm32cube.ide.mcu.externaltools.gnu-tools-for-stm32.9-2020-q2-update.win32_1.5.0.202011040924/tools/bin/../lib/gcc/arm-none-eabi/9.3.1/../../../../arm-none-eabi/lib/thumb/v7e-m+fp/hard\libc_nano.a(lib_a-nano-mallocr.o)
                0x00000000200006e4                __malloc_free_list
 .bss.__malloc_sbrk_start
                0x00000000200006e8        0x4 c:/st/stm32cubeide_1.5.1/stm32cubeide/plugins/com.st.stm32cube.ide.mcu.externaltools.gnu-tools-for-stm32.9-2020-q2-update.win32_1.5.0.202011040924/tools/bin/../lib/gcc/arm-none-eabi/9.3.1/../../../../arm-none-eabi/lib/thumb/v7e-m+fp/hard\libc_nano.a(lib_a-nano-mallocr.o)
                0x00000000200006e8                __malloc_sbrk_start
 *(COMMON)
 COMMON         0x00000000200006ec       0x40 Core/Src/main.o
                0x00000000200006ec                servos
 COMMON         0x000000002000072c        0x4 Drivers/STM32L4xx_HAL_Driver/Src/stm32l4xx_hal.o
                0x000000002000072c                uwTick
 COMMON         0x0000000020000730        0x4 c:/st/stm32cubeide_1.5.1/stm32cubeide/plugins/com.st.stm32cube.ide.mcu.externaltools.gnu-tools-for-stm32.9-2020-q2-update.win32_1.5.0.202011040924/tools/bin/../lib/gcc/arm-none-eabi/9.3.1/../../../../arm-none-eabi/lib/thumb/v7e-m+fp/hard\libc_nano.a(lib_a-reent.o)
                0x0000000020000730                errno
 COMMON         0x0000000020000734        0x9 c:/st/stm32cubeide_1.5.1/stm32cubeide/plugins/com.st.stm32cube.ide.mcu.externaltools.gnu-tools-for-stm32.9-2020-q2-update.win32_1.5.0.202011040924/tools/bin/../lib/gcc/arm-none-eabi/9.3.1/../../../../arm-none-eabi/lib/thumb/v7e-m+fp/hard\libc_nano.a(lib_a-lock.o)
                0x0000000020000734                __lock___atexit_recursive_mutex
                0x0000000020000735                __lock___arc4random_mutex
                0x0000000020000736                __lock___env_recursive_mutex
                0x0000000020000737                __lock___sinit_recursive_mutex
                0x0000000020000738                __lock___malloc_recursive_mutex
                0x0000000020000739                __lock___at_quick_exit_mutex
                0x000000002000073a                __lock___dd_hash_mutex
                0x000000002000073b                __lock___tz_mutex
                0x000000002000073c                __lock___sfp_recursive_mutex
                0x0000000020000740                . = ALIGN (0x4)
 *fill*         0x000000002000073d        0x3 
                0x0000000020000740                _ebss = .
                0x0000000020000740                __bss_end__ = _ebss

._user_heap_stack
                0x0000000020000740      0x600 load address 0x0000000008002d90
                0x0000000020000740                . = ALIGN (0x8)
                [!provide]                        PROVIDE (end = .)
                0x0000000020000740                PROVIDE (_end = .)
                0x0000000020000940                . = (. + _Min_Heap_Size)
 *fill*         0x0000000020000740      0x200 
                0x0000000020000d40                . = (. + _Min_Stack_Size)
 *fill*         0x0000000020000940      0x400 
                0x0000000020000d40                . = ALIGN (0x8)

/DISCARD/
 libc.a(*)
 libm.a(*)
 libgcc.a(*)

.ARM.attributes
                0x0000000000000000       0x30
 *(.ARM.attributes)
 .ARM.attributes
                0x0000000000000000       0x1e c:/st/stm32cubeide_1.5.1/stm32cubeide/plugins/com.st.stm32cube.ide.mcu.externaltools.gnu-tools-for-stm32.9-2020-q2-update.win32_1.5.0.202011040924/tools/bin/../lib/gcc/arm-none-eabi/9.3.1/thumb/v7e-m+fp/hard/crti.o
 .ARM.attributes
                0x000000000000001e       0x34 c:/st/stm32cubeide_1.5.1/stm32cubeide/plugins/com.st.stm32cube.ide.mcu.externaltools.gnu-tools-for-stm32.9-2020-q2-update.win32_1.5.0.202011040924/tools/bin/../lib/gcc/arm-none-eabi/9.3.1/thumb/v7e-m+fp/hard/crtbegin.o
 .ARM.attributes
                0x0000000000000052       0x34 Core/Src/LED.o
 .ARM.attributes
                0x0000000000000086       0x34 Core/Src/SysClock.o
 .ARM.attributes
                0x00000000000000ba       0x34 Core/Src/UART.o
 .ARM.attributes
                0x00000000000000ee       0x34 Core/Src/main.o
 .ARM.attributes
                0x0000000000000122       0x34 Core/Src/stm32l4xx_it.o
 .ARM.attributes
                0x0000000000000156       0x34 Core/Src/sysmem.o
 .ARM.attributes
                0x000000000000018a       0x34 Core/Src/system_stm32l4xx.o
 .ARM.attributes
                0x00000000000001be       0x21 Core/Startup/startup_stm32l476vgtx.o
 .ARM.attributes
                0x00000000000001df       0x34 Drivers/STM32L4xx_HAL_Driver/Src/stm32l4xx_hal.o
 .ARM.attributes
                0x0000000000000213       0x34 c:/st/stm32cubeide_1.5.1/stm32cubeide/plugins/com.st.stm32cube.ide.mcu.externaltools.gnu-tools-for-stm32.9-2020-q2-update.win32_1.5.0.202011040924/tools/bin/../lib/gcc/arm-none-eabi/9.3.1/../../../../arm-none-eabi/lib/thumb/v7e-m+fp/hard\libc_nano.a(lib_a-errno.o)
 .ARM.attributes
                0x0000000000000247       0x32 c:/st/stm32cubeide_1.5.1/stm32cubeide/plugins/com.st.stm32cube.ide.mcu.externaltools.gnu-tools-for-stm32.9-2020-q2-update.win32_1.5.0.202011040924/tools/bin/../lib/gcc/arm-none-eabi/9.3.1/../../../../arm-none-eabi/lib/thumb/v7e-m+fp/hard\libc_nano.a(lib_a-impure.o)
 .ARM.attributes
                0x0000000000000279       0x34 c:/st/stm32cubeide_1.5.1/stm32cubeide/plugins/com.st.stm32cube.ide.mcu.externaltools.gnu-tools-for-stm32.9-2020-q2-update.win32_1.5.0.202011040924/tools/bin/../lib/gcc/arm-none-eabi/9.3.1/../../../../arm-none-eabi/lib/thumb/v7e-m+fp/hard\libc_nano.a(lib_a-init.o)
 .ARM.attributes
                0x00000000000002ad       0x34 c:/st/stm32cubeide_1.5.1/stm32cubeide/plugins/com.st.stm32cube.ide.mcu.externaltools.gnu-tools-for-stm32.9-2020-q2-update.win32_1.5.0.202011040924/tools/bin/../lib/gcc/arm-none-eabi/9.3.1/../../../../arm-none-eabi/lib/thumb/v7e-m+fp/hard\libc_nano.a(lib_a-strcpy.o)
 .ARM.attributes
                0x00000000000002e1       0x17 c:/st/stm32cubeide_1.5.1/stm32cubeide/plugins/com.st.stm32cube.ide.mcu.externaltools.gnu-tools-for-stm32.9-2020-q2-update.win32_1.5.0.202011040924/tools/bin/../lib/gcc/arm-none-eabi/9.3.1/../../../../arm-none-eabi/lib/thumb/v7e-m+fp/hard\libc_nano.a(lib_a-strlen.o)
 .ARM.attributes
                0x00000000000002f8       0x34 c:/st/stm32cubeide_1.5.1/stm32cubeide/plugins/com.st.stm32cube.ide.mcu.externaltools.gnu-tools-for-stm32.9-2020-q2-update.win32_1.5.0.202011040924/tools/bin/../lib/gcc/arm-none-eabi/9.3.1/../../../../arm-none-eabi/lib/thumb/v7e-m+fp/hard\libc_nano.a(lib_a-strpbrk.o)
 .ARM.attributes
                0x000000000000032c       0x34 c:/st/stm32cubeide_1.5.1/stm32cubeide/plugins/com.st.stm32cube.ide.mcu.externaltools.gnu-tools-for-stm32.9-2020-q2-update.win32_1.5.0.202011040924/tools/bin/../lib/gcc/arm-none-eabi/9.3.1/../../../../arm-none-eabi/lib/thumb/v7e-m+fp/hard\libc_nano.a(lib_a-vsprintf.o)
 .ARM.attributes
                0x0000000000000360       0x34 c:/st/stm32cubeide_1.5.1/stm32cubeide/plugins/com.st.stm32cube.ide.mcu.externaltools.gnu-tools-for-stm32.9-2020-q2-update.win32_1.5.0.202011040924/tools/bin/../lib/gcc/arm-none-eabi/9.3.1/../../../../arm-none-eabi/lib/thumb/v7e-m+fp/hard\libc_nano.a(lib_a-nano-svfprintf.o)
 .ARM.attributes
                0x0000000000000394       0x34 c:/st/stm32cubeide_1.5.1/stm32cubeide/plugins/com.st.stm32cube.ide.mcu.externaltools.gnu-tools-for-stm32.9-2020-q2-update.win32_1.5.0.202011040924/tools/bin/../lib/gcc/arm-none-eabi/9.3.1/../../../../arm-none-eabi/lib/thumb/v7e-m+fp/hard\libc_nano.a(lib_a-nano-vfprintf_i.o)
 .ARM.attributes
                0x00000000000003c8       0x1c c:/st/stm32cubeide_1.5.1/stm32cubeide/plugins/com.st.stm32cube.ide.mcu.externaltools.gnu-tools-for-stm32.9-2020-q2-update.win32_1.5.0.202011040924/tools/bin/../lib/gcc/arm-none-eabi/9.3.1/../../../../arm-none-eabi/lib/thumb/v7e-m+fp/hard\libc_nano.a(lib_a-memchr.o)
 .ARM.attributes
                0x00000000000003e4       0x34 c:/st/stm32cubeide_1.5.1/stm32cubeide/plugins/com.st.stm32cube.ide.mcu.externaltools.gnu-tools-for-stm32.9-2020-q2-update.win32_1.5.0.202011040924/tools/bin/../lib/gcc/arm-none-eabi/9.3.1/../../../../arm-none-eabi/lib/thumb/v7e-m+fp/hard\libc_nano.a(lib_a-memcpy-stub.o)
 .ARM.attributes
                0x0000000000000418       0x34 c:/st/stm32cubeide_1.5.1/stm32cubeide/plugins/com.st.stm32cube.ide.mcu.externaltools.gnu-tools-for-stm32.9-2020-q2-update.win32_1.5.0.202011040924/tools/bin/../lib/gcc/arm-none-eabi/9.3.1/../../../../arm-none-eabi/lib/thumb/v7e-m+fp/hard\libc_nano.a(lib_a-memmove.o)
 .ARM.attributes
                0x000000000000044c       0x34 c:/st/stm32cubeide_1.5.1/stm32cubeide/plugins/com.st.stm32cube.ide.mcu.externaltools.gnu-tools-for-stm32.9-2020-q2-update.win32_1.5.0.202011040924/tools/bin/../lib/gcc/arm-none-eabi/9.3.1/../../../../arm-none-eabi/lib/thumb/v7e-m+fp/hard\libc_nano.a(lib_a-nano-freer.o)
 .ARM.attributes
                0x0000000000000480       0x34 c:/st/stm32cubeide_1.5.1/stm32cubeide/plugins/com.st.stm32cube.ide.mcu.externaltools.gnu-tools-for-stm32.9-2020-q2-update.win32_1.5.0.202011040924/tools/bin/../lib/gcc/arm-none-eabi/9.3.1/../../../../arm-none-eabi/lib/thumb/v7e-m+fp/hard\libc_nano.a(lib_a-nano-mallocr.o)
 .ARM.attributes
                0x00000000000004b4       0x34 c:/st/stm32cubeide_1.5.1/stm32cubeide/plugins/com.st.stm32cube.ide.mcu.externaltools.gnu-tools-for-stm32.9-2020-q2-update.win32_1.5.0.202011040924/tools/bin/../lib/gcc/arm-none-eabi/9.3.1/../../../../arm-none-eabi/lib/thumb/v7e-m+fp/hard\libc_nano.a(lib_a-nano-reallocr.o)
 .ARM.attributes
                0x00000000000004e8       0x34 c:/st/stm32cubeide_1.5.1/stm32cubeide/plugins/com.st.stm32cube.ide.mcu.externaltools.gnu-tools-for-stm32.9-2020-q2-update.win32_1.5.0.202011040924/tools/bin/../lib/gcc/arm-none-eabi/9.3.1/../../../../arm-none-eabi/lib/thumb/v7e-m+fp/hard\libc_nano.a(lib_a-sbrkr.o)
 .ARM.attributes
                0x000000000000051c       0x34 c:/st/stm32cubeide_1.5.1/stm32cubeide/plugins/com.st.stm32cube.ide.mcu.externaltools.gnu-tools-for-stm32.9-2020-q2-update.win32_1.5.0.202011040924/tools/bin/../lib/gcc/arm-none-eabi/9.3.1/../../../../arm-none-eabi/lib/thumb/v7e-m+fp/hard\libc_nano.a(lib_a-mlock.o)
 .ARM.attributes
                0x0000000000000550       0x34 c:/st/stm32cubeide_1.5.1/stm32cubeide/plugins/com.st.stm32cube.ide.mcu.externaltools.gnu-tools-for-stm32.9-2020-q2-update.win32_1.5.0.202011040924/tools/bin/../lib/gcc/arm-none-eabi/9.3.1/../../../../arm-none-eabi/lib/thumb/v7e-m+fp/hard\libc_nano.a(lib_a-nano-msizer.o)
 .ARM.attributes
                0x0000000000000584       0x34 c:/st/stm32cubeide_1.5.1/stm32cubeide/plugins/com.st.stm32cube.ide.mcu.externaltools.gnu-tools-for-stm32.9-2020-q2-update.win32_1.5.0.202011040924/tools/bin/../lib/gcc/arm-none-eabi/9.3.1/../../../../arm-none-eabi/lib/thumb/v7e-m+fp/hard\libc_nano.a(lib_a-reent.o)
 .ARM.attributes
                0x00000000000005b8       0x34 c:/st/stm32cubeide_1.5.1/stm32cubeide/plugins/com.st.stm32cube.ide.mcu.externaltools.gnu-tools-for-stm32.9-2020-q2-update.win32_1.5.0.202011040924/tools/bin/../lib/gcc/arm-none-eabi/9.3.1/../../../../arm-none-eabi/lib/thumb/v7e-m+fp/hard\libc_nano.a(lib_a-lock.o)
 .ARM.attributes
                0x00000000000005ec       0x1e c:/st/stm32cubeide_1.5.1/stm32cubeide/plugins/com.st.stm32cube.ide.mcu.externaltools.gnu-tools-for-stm32.9-2020-q2-update.win32_1.5.0.202011040924/tools/bin/../lib/gcc/arm-none-eabi/9.3.1/thumb/v7e-m+fp/hard/crtn.o
OUTPUT(project2.elf elf32-littlearm)
LOAD linker stubs
LOAD c:/st/stm32cubeide_1.5.1/stm32cubeide/plugins/com.st.stm32cube.ide.mcu.externaltools.gnu-tools-for-stm32.9-2020-q2-update.win32_1.5.0.202011040924/tools/bin/../lib/gcc/arm-none-eabi/9.3.1/../../../../arm-none-eabi/lib/thumb/v7e-m+fp/hard\libc.a
LOAD c:/st/stm32cubeide_1.5.1/stm32cubeide/plugins/com.st.stm32cube.ide.mcu.externaltools.gnu-tools-for-stm32.9-2020-q2-update.win32_1.5.0.202011040924/tools/bin/../lib/gcc/arm-none-eabi/9.3.1/../../../../arm-none-eabi/lib/thumb/v7e-m+fp/hard\libm.a
LOAD c:/st/stm32cubeide_1.5.1/stm32cubeide/plugins/com.st.stm32cube.ide.mcu.externaltools.gnu-tools-for-stm32.9-2020-q2-update.win32_1.5.0.202011040924/tools/bin/../lib/gcc/arm-none-eabi/9.3.1/thumb/v7e-m+fp/hard\libgcc.a

.debug_info     0x0000000000000000     0x4c51
 .debug_info    0x0000000000000000      0x4b8 Core/Src/LED.o
 .debug_info    0x00000000000004b8      0x4b7 Core/Src/SysClock.o
 .debug_info    0x000000000000096f      0x6ba Core/Src/UART.o
 .debug_info    0x0000000000001029     0x1a21 Core/Src/main.o
 .debug_info    0x0000000000002a4a      0x373 Core/Src/stm32l4xx_it.o
 .debug_info    0x0000000000002dbd      0xa25 Core/Src/sysmem.o
 .debug_info    0x00000000000037e2      0x794 Core/Src/system_stm32l4xx.o
 .debug_info    0x0000000000003f76       0x22 Core/Startup/startup_stm32l476vgtx.o
 .debug_info    0x0000000000003f98      0xcb9 Drivers/STM32L4xx_HAL_Driver/Src/stm32l4xx_hal.o

.debug_abbrev   0x0000000000000000      0xd76
 .debug_abbrev  0x0000000000000000       0xdc Core/Src/LED.o
 .debug_abbrev  0x00000000000000dc       0xed Core/Src/SysClock.o
 .debug_abbrev  0x00000000000001c9      0x199 Core/Src/UART.o
 .debug_abbrev  0x0000000000000362      0x3bc Core/Src/main.o
 .debug_abbrev  0x000000000000071e       0xf2 Core/Src/stm32l4xx_it.o
 .debug_abbrev  0x0000000000000810      0x1bf Core/Src/sysmem.o
 .debug_abbrev  0x00000000000009cf      0x16e Core/Src/system_stm32l4xx.o
 .debug_abbrev  0x0000000000000b3d       0x12 Core/Startup/startup_stm32l476vgtx.o
 .debug_abbrev  0x0000000000000b4f      0x227 Drivers/STM32L4xx_HAL_Driver/Src/stm32l4xx_hal.o

.debug_aranges  0x0000000000000000      0x3d0
 .debug_aranges
                0x0000000000000000       0x50 Core/Src/LED.o
 .debug_aranges
                0x0000000000000050       0x20 Core/Src/SysClock.o
 .debug_aranges
                0x0000000000000070       0x58 Core/Src/UART.o
 .debug_aranges
                0x00000000000000c8      0x108 Core/Src/main.o
 .debug_aranges
                0x00000000000001d0       0x60 Core/Src/stm32l4xx_it.o
 .debug_aranges
                0x0000000000000230       0x20 Core/Src/sysmem.o
 .debug_aranges
                0x0000000000000250       0x28 Core/Src/system_stm32l4xx.o
 .debug_aranges
                0x0000000000000278       0x28 Core/Startup/startup_stm32l476vgtx.o
 .debug_aranges
                0x00000000000002a0      0x130 Drivers/STM32L4xx_HAL_Driver/Src/stm32l4xx_hal.o

.debug_ranges   0x0000000000000000      0x348
 .debug_ranges  0x0000000000000000       0x40 Core/Src/LED.o
 .debug_ranges  0x0000000000000040       0x10 Core/Src/SysClock.o
 .debug_ranges  0x0000000000000050       0x48 Core/Src/UART.o
 .debug_ranges  0x0000000000000098       0xf8 Core/Src/main.o
 .debug_ranges  0x0000000000000190       0x50 Core/Src/stm32l4xx_it.o
 .debug_ranges  0x00000000000001e0       0x10 Core/Src/sysmem.o
 .debug_ranges  0x00000000000001f0       0x18 Core/Src/system_stm32l4xx.o
 .debug_ranges  0x0000000000000208       0x20 Core/Startup/startup_stm32l476vgtx.o
 .debug_ranges  0x0000000000000228      0x120 Drivers/STM32L4xx_HAL_Driver/Src/stm32l4xx_hal.o

.debug_macro    0x0000000000000000    0x1df9c
 .debug_macro   0x0000000000000000       0xc9 Core/Src/LED.o
 .debug_macro   0x00000000000000c9      0xaa8 Core/Src/LED.o
 .debug_macro   0x0000000000000b71       0x28 Core/Src/LED.o
 .debug_macro   0x0000000000000b99       0x22 Core/Src/LED.o
 .debug_macro   0x0000000000000bbb       0x8e Core/Src/LED.o
 .debug_macro   0x0000000000000c49       0x51 Core/Src/LED.o
 .debug_macro   0x0000000000000c9a      0x103 Core/Src/LED.o
 .debug_macro   0x0000000000000d9d       0x6a Core/Src/LED.o
 .debug_macro   0x0000000000000e07      0x1df Core/Src/LED.o
 .debug_macro   0x0000000000000fe6       0x1c Core/Src/LED.o
 .debug_macro   0x0000000000001002       0x22 Core/Src/LED.o
 .debug_macro   0x0000000000001024      0x101 Core/Src/LED.o
 .debug_macro   0x0000000000001125     0x1011 Core/Src/LED.o
 .debug_macro   0x0000000000002136      0x11f Core/Src/LED.o
 .debug_macro   0x0000000000002255    0x1a13d Core/Src/LED.o
 .debug_macro   0x000000000001c392       0xc9 Core/Src/SysClock.o
 .debug_macro   0x000000000001c45b       0xcf Core/Src/UART.o
 .debug_macro   0x000000000001c52a      0x2ef Core/Src/main.o
 .debug_macro   0x000000000001c819       0x4c Core/Src/main.o
 .debug_macro   0x000000000001c865       0x18 Core/Src/main.o
 .debug_macro   0x000000000001c87d       0x94 Core/Src/main.o
 .debug_macro   0x000000000001c911       0x3c Core/Src/main.o
 .debug_macro   0x000000000001c94d       0x34 Core/Src/main.o
 .debug_macro   0x000000000001c981      0x174 Core/Src/main.o
 .debug_macro   0x000000000001caf5       0x16 Core/Src/main.o
 .debug_macro   0x000000000001cb0b       0x43 Core/Src/main.o
 .debug_macro   0x000000000001cb4e       0x57 Core/Src/main.o
 .debug_macro   0x000000000001cba5       0x34 Core/Src/main.o
 .debug_macro   0x000000000001cbd9       0x10 Core/Src/main.o
 .debug_macro   0x000000000001cbe9       0x58 Core/Src/main.o
 .debug_macro   0x000000000001cc41       0x71 Core/Src/main.o
 .debug_macro   0x000000000001ccb2       0x1c Core/Src/main.o
 .debug_macro   0x000000000001ccce      0x12a Core/Src/main.o
 .debug_macro   0x000000000001cdf8      0x339 Core/Src/main.o
 .debug_macro   0x000000000001d131       0x10 Core/Src/main.o
 .debug_macro   0x000000000001d141       0x35 Core/Src/main.o
 .debug_macro   0x000000000001d176       0x20 Core/Src/main.o
 .debug_macro   0x000000000001d196       0x1c Core/Src/main.o
 .debug_macro   0x000000000001d1b2       0x10 Core/Src/main.o
 .debug_macro   0x000000000001d1c2       0x10 Core/Src/main.o
 .debug_macro   0x000000000001d1d2       0x1c Core/Src/main.o
 .debug_macro   0x000000000001d1ee       0x52 Core/Src/main.o
 .debug_macro   0x000000000001d240       0x22 Core/Src/main.o
 .debug_macro   0x000000000001d262       0x10 Core/Src/main.o
 .debug_macro   0x000000000001d272       0x40 Core/Src/main.o
 .debug_macro   0x000000000001d2b2       0xd5 Core/Src/main.o
 .debug_macro   0x000000000001d387       0x1c Core/Src/main.o
 .debug_macro   0x000000000001d3a3       0x3d Core/Src/main.o
 .debug_macro   0x000000000001d3e0       0x16 Core/Src/main.o
 .debug_macro   0x000000000001d3f6      0x145 Core/Src/main.o
 .debug_macro   0x000000000001d53b       0x16 Core/Src/main.o
 .debug_macro   0x000000000001d551       0x16 Core/Src/main.o
 .debug_macro   0x000000000001d567       0x29 Core/Src/main.o
 .debug_macro   0x000000000001d590       0x4c Core/Src/main.o
 .debug_macro   0x000000000001d5dc       0xfb Core/Src/main.o
 .debug_macro   0x000000000001d6d7       0x10 Core/Src/main.o
 .debug_macro   0x000000000001d6e7      0x1c5 Core/Src/stm32l4xx_it.o
 .debug_macro   0x000000000001d8ac       0xff Core/Src/sysmem.o
 .debug_macro   0x000000000001d9ab      0x23b Core/Src/sysmem.o
 .debug_macro   0x000000000001dbe6      0x1b7 Core/Src/system_stm32l4xx.o
 .debug_macro   0x000000000001dd9d      0x1ff Drivers/STM32L4xx_HAL_Driver/Src/stm32l4xx_hal.o

.debug_line     0x0000000000000000     0x3e42
 .debug_line    0x0000000000000000      0x501 Core/Src/LED.o
 .debug_line    0x0000000000000501      0x541 Core/Src/SysClock.o
 .debug_line    0x0000000000000a42      0x658 Core/Src/UART.o
 .debug_line    0x000000000000109a      0xef1 Core/Src/main.o
 .debug_line    0x0000000000001f8b      0x757 Core/Src/stm32l4xx_it.o
 .debug_line    0x00000000000026e2      0x4f8 Core/Src/sysmem.o
 .debug_line    0x0000000000002bda      0x75d Core/Src/system_stm32l4xx.o
 .debug_line    0x0000000000003337       0x87 Core/Startup/startup_stm32l476vgtx.o
 .debug_line    0x00000000000033be      0xa84 Drivers/STM32L4xx_HAL_Driver/Src/stm32l4xx_hal.o

.debug_str      0x0000000000000000    0xe35b8
 .debug_str     0x0000000000000000    0x9e13f Core/Src/LED.o
                                      0x9e2e7 (size before relaxing)
 .debug_str     0x000000000009e13f       0xb8 Core/Src/SysClock.o
                                      0x9e2e2 (size before relaxing)
 .debug_str     0x000000000009e1f7       0xeb Core/Src/UART.o
                                      0x9e35c (size before relaxing)
 .debug_str     0x000000000009e2e2     0x4aa0 Core/Src/main.o
                                      0xa2fca (size before relaxing)
 .debug_str     0x00000000000a2d82    0x3f80a Core/Src/stm32l4xx_it.o
                                      0xddcba (size before relaxing)
 .debug_str     0x00000000000e258c      0x4e9 Core/Src/sysmem.o
                                       0x629f (size before relaxing)
 .debug_str     0x00000000000e2a75       0xcd Core/Src/system_stm32l4xx.o
                                      0xdde0f (size before relaxing)
 .debug_str     0x00000000000e2b42       0x36 Core/Startup/startup_stm32l476vgtx.o
                                         0x70 (size before relaxing)
 .debug_str     0x00000000000e2b78      0xa40 Drivers/STM32L4xx_HAL_Driver/Src/stm32l4xx_hal.o
                                      0xde8f3 (size before relaxing)

.comment        0x0000000000000000       0x53
 .comment       0x0000000000000000       0x53 Core/Src/LED.o
                                         0x54 (size before relaxing)
 .comment       0x0000000000000053       0x54 Core/Src/SysClock.o
 .comment       0x0000000000000053       0x54 Core/Src/UART.o
 .comment       0x0000000000000053       0x54 Core/Src/main.o
 .comment       0x0000000000000053       0x54 Core/Src/stm32l4xx_it.o
 .comment       0x0000000000000053       0x54 Core/Src/sysmem.o
 .comment       0x0000000000000053       0x54 Core/Src/system_stm32l4xx.o
 .comment       0x0000000000000053       0x54 Drivers/STM32L4xx_HAL_Driver/Src/stm32l4xx_hal.o

.debug_frame    0x0000000000000000     0x1164
 .debug_frame   0x0000000000000000       0xf0 Core/Src/LED.o
 .debug_frame   0x00000000000000f0       0x38 Core/Src/SysClock.o
 .debug_frame   0x0000000000000128      0x138 Core/Src/UART.o
 .debug_frame   0x0000000000000260      0x49c Core/Src/main.o
 .debug_frame   0x00000000000006fc      0x104 Core/Src/stm32l4xx_it.o
 .debug_frame   0x0000000000000800       0x34 Core/Src/sysmem.o
 .debug_frame   0x0000000000000834       0x58 Core/Src/system_stm32l4xx.o
 .debug_frame   0x000000000000088c      0x498 Drivers/STM32L4xx_HAL_Driver/Src/stm32l4xx_hal.o
 .debug_frame   0x0000000000000d24       0x20 c:/st/stm32cubeide_1.5.1/stm32cubeide/plugins/com.st.stm32cube.ide.mcu.externaltools.gnu-tools-for-stm32.9-2020-q2-update.win32_1.5.0.202011040924/tools/bin/../lib/gcc/arm-none-eabi/9.3.1/../../../../arm-none-eabi/lib/thumb/v7e-m+fp/hard\libc_nano.a(lib_a-errno.o)
 .debug_frame   0x0000000000000d44       0x2c c:/st/stm32cubeide_1.5.1/stm32cubeide/plugins/com.st.stm32cube.ide.mcu.externaltools.gnu-tools-for-stm32.9-2020-q2-update.win32_1.5.0.202011040924/tools/bin/../lib/gcc/arm-none-eabi/9.3.1/../../../../arm-none-eabi/lib/thumb/v7e-m+fp/hard\libc_nano.a(lib_a-init.o)
 .debug_frame   0x0000000000000d70       0x20 c:/st/stm32cubeide_1.5.1/stm32cubeide/plugins/com.st.stm32cube.ide.mcu.externaltools.gnu-tools-for-stm32.9-2020-q2-update.win32_1.5.0.202011040924/tools/bin/../lib/gcc/arm-none-eabi/9.3.1/../../../../arm-none-eabi/lib/thumb/v7e-m+fp/hard\libc_nano.a(lib_a-strcpy.o)
 .debug_frame   0x0000000000000d90       0x2c c:/st/stm32cubeide_1.5.1/stm32cubeide/plugins/com.st.stm32cube.ide.mcu.externaltools.gnu-tools-for-stm32.9-2020-q2-update.win32_1.5.0.202011040924/tools/bin/../lib/gcc/arm-none-eabi/9.3.1/../../../../arm-none-eabi/lib/thumb/v7e-m+fp/hard\libc_nano.a(lib_a-strpbrk.o)
 .debug_frame   0x0000000000000dbc       0x3c c:/st/stm32cubeide_1.5.1/stm32cubeide/plugins/com.st.stm32cube.ide.mcu.externaltools.gnu-tools-for-stm32.9-2020-q2-update.win32_1.5.0.202011040924/tools/bin/../lib/gcc/arm-none-eabi/9.3.1/../../../../arm-none-eabi/lib/thumb/v7e-m+fp/hard\libc_nano.a(lib_a-vsprintf.o)
 .debug_frame   0x0000000000000df8       0x90 c:/st/stm32cubeide_1.5.1/stm32cubeide/plugins/com.st.stm32cube.ide.mcu.externaltools.gnu-tools-for-stm32.9-2020-q2-update.win32_1.5.0.202011040924/tools/bin/../lib/gcc/arm-none-eabi/9.3.1/../../../../arm-none-eabi/lib/thumb/v7e-m+fp/hard\libc_nano.a(lib_a-nano-svfprintf.o)
 .debug_frame   0x0000000000000e88       0x60 c:/st/stm32cubeide_1.5.1/stm32cubeide/plugins/com.st.stm32cube.ide.mcu.externaltools.gnu-tools-for-stm32.9-2020-q2-update.win32_1.5.0.202011040924/tools/bin/../lib/gcc/arm-none-eabi/9.3.1/../../../../arm-none-eabi/lib/thumb/v7e-m+fp/hard\libc_nano.a(lib_a-nano-vfprintf_i.o)
 .debug_frame   0x0000000000000ee8       0x28 c:/st/stm32cubeide_1.5.1/stm32cubeide/plugins/com.st.stm32cube.ide.mcu.externaltools.gnu-tools-for-stm32.9-2020-q2-update.win32_1.5.0.202011040924/tools/bin/../lib/gcc/arm-none-eabi/9.3.1/../../../../arm-none-eabi/lib/thumb/v7e-m+fp/hard\libc_nano.a(lib_a-memcpy-stub.o)
 .debug_frame   0x0000000000000f10       0x28 c:/st/stm32cubeide_1.5.1/stm32cubeide/plugins/com.st.stm32cube.ide.mcu.externaltools.gnu-tools-for-stm32.9-2020-q2-update.win32_1.5.0.202011040924/tools/bin/../lib/gcc/arm-none-eabi/9.3.1/../../../../arm-none-eabi/lib/thumb/v7e-m+fp/hard\libc_nano.a(lib_a-memmove.o)
 .debug_frame   0x0000000000000f38       0x38 c:/st/stm32cubeide_1.5.1/stm32cubeide/plugins/com.st.stm32cube.ide.mcu.externaltools.gnu-tools-for-stm32.9-2020-q2-update.win32_1.5.0.202011040924/tools/bin/../lib/gcc/arm-none-eabi/9.3.1/../../../../arm-none-eabi/lib/thumb/v7e-m+fp/hard\libc_nano.a(lib_a-nano-freer.o)
 .debug_frame   0x0000000000000f70       0x30 c:/st/stm32cubeide_1.5.1/stm32cubeide/plugins/com.st.stm32cube.ide.mcu.externaltools.gnu-tools-for-stm32.9-2020-q2-update.win32_1.5.0.202011040924/tools/bin/../lib/gcc/arm-none-eabi/9.3.1/../../../../arm-none-eabi/lib/thumb/v7e-m+fp/hard\libc_nano.a(lib_a-nano-mallocr.o)
 .debug_frame   0x0000000000000fa0       0x3c c:/st/stm32cubeide_1.5.1/stm32cubeide/plugins/com.st.stm32cube.ide.mcu.externaltools.gnu-tools-for-stm32.9-2020-q2-update.win32_1.5.0.202011040924/tools/bin/../lib/gcc/arm-none-eabi/9.3.1/../../../../arm-none-eabi/lib/thumb/v7e-m+fp/hard\libc_nano.a(lib_a-nano-reallocr.o)
 .debug_frame   0x0000000000000fdc       0x2c c:/st/stm32cubeide_1.5.1/stm32cubeide/plugins/com.st.stm32cube.ide.mcu.externaltools.gnu-tools-for-stm32.9-2020-q2-update.win32_1.5.0.202011040924/tools/bin/../lib/gcc/arm-none-eabi/9.3.1/../../../../arm-none-eabi/lib/thumb/v7e-m+fp/hard\libc_nano.a(lib_a-sbrkr.o)
 .debug_frame   0x0000000000001008       0x30 c:/st/stm32cubeide_1.5.1/stm32cubeide/plugins/com.st.stm32cube.ide.mcu.externaltools.gnu-tools-for-stm32.9-2020-q2-update.win32_1.5.0.202011040924/tools/bin/../lib/gcc/arm-none-eabi/9.3.1/../../../../arm-none-eabi/lib/thumb/v7e-m+fp/hard\libc_nano.a(lib_a-mlock.o)
 .debug_frame   0x0000000000001038       0x20 c:/st/stm32cubeide_1.5.1/stm32cubeide/plugins/com.st.stm32cube.ide.mcu.externaltools.gnu-tools-for-stm32.9-2020-q2-update.win32_1.5.0.202011040924/tools/bin/../lib/gcc/arm-none-eabi/9.3.1/../../../../arm-none-eabi/lib/thumb/v7e-m+fp/hard\libc_nano.a(lib_a-nano-msizer.o)
 .debug_frame   0x0000000000001058       0x5c c:/st/stm32cubeide_1.5.1/stm32cubeide/plugins/com.st.stm32cube.ide.mcu.externaltools.gnu-tools-for-stm32.9-2020-q2-update.win32_1.5.0.202011040924/tools/bin/../lib/gcc/arm-none-eabi/9.3.1/../../../../arm-none-eabi/lib/thumb/v7e-m+fp/hard\libc_nano.a(lib_a-reent.o)
 .debug_frame   0x00000000000010b4       0xb0 c:/st/stm32cubeide_1.5.1/stm32cubeide/plugins/com.st.stm32cube.ide.mcu.externaltools.gnu-tools-for-stm32.9-2020-q2-update.win32_1.5.0.202011040924/tools/bin/../lib/gcc/arm-none-eabi/9.3.1/../../../../arm-none-eabi/lib/thumb/v7e-m+fp/hard\libc_nano.a(lib_a-lock.o)
