Archive member included to satisfy reference by file (symbol)

c:/st/stm32cubeide_1.5.1/stm32cubeide/plugins/com.st.stm32cube.ide.mcu.externaltools.gnu-tools-for-stm32.9-2020-q2-update.win32_1.5.0.202011040924/tools/bin/../lib/gcc/arm-none-eabi/9.3.1/../../../../arm-none-eabi/lib/thumb/v7e-m+fp/hard\libc_nano.a(lib_a-exit.o)
                              c:/st/stm32cubeide_1.5.1/stm32cubeide/plugins/com.st.stm32cube.ide.mcu.externaltools.gnu-tools-for-stm32.9-2020-q2-update.win32_1.5.0.202011040924/tools/bin/../lib/gcc/arm-none-eabi/9.3.1/../../../../arm-none-eabi/lib/thumb/v7e-m+fp/hard/crt0.o (exit)
c:/st/stm32cubeide_1.5.1/stm32cubeide/plugins/com.st.stm32cube.ide.mcu.externaltools.gnu-tools-for-stm32.9-2020-q2-update.win32_1.5.0.202011040924/tools/bin/../lib/gcc/arm-none-eabi/9.3.1/../../../../arm-none-eabi/lib/thumb/v7e-m+fp/hard\libc_nano.a(lib_a-impure.o)
                              c:/st/stm32cubeide_1.5.1/stm32cubeide/plugins/com.st.stm32cube.ide.mcu.externaltools.gnu-tools-for-stm32.9-2020-q2-update.win32_1.5.0.202011040924/tools/bin/../lib/gcc/arm-none-eabi/9.3.1/../../../../arm-none-eabi/lib/thumb/v7e-m+fp/hard\libc_nano.a(lib_a-exit.o) (_global_impure_ptr)
c:/st/stm32cubeide_1.5.1/stm32cubeide/plugins/com.st.stm32cube.ide.mcu.externaltools.gnu-tools-for-stm32.9-2020-q2-update.win32_1.5.0.202011040924/tools/bin/../lib/gcc/arm-none-eabi/9.3.1/../../../../arm-none-eabi/lib/thumb/v7e-m+fp/hard\libc_nano.a(lib_a-init.o)
                              c:/st/stm32cubeide_1.5.1/stm32cubeide/plugins/com.st.stm32cube.ide.mcu.externaltools.gnu-tools-for-stm32.9-2020-q2-update.win32_1.5.0.202011040924/tools/bin/../lib/gcc/arm-none-eabi/9.3.1/../../../../arm-none-eabi/lib/thumb/v7e-m+fp/hard/crt0.o (__libc_init_array)
c:/st/stm32cubeide_1.5.1/stm32cubeide/plugins/com.st.stm32cube.ide.mcu.externaltools.gnu-tools-for-stm32.9-2020-q2-update.win32_1.5.0.202011040924/tools/bin/../lib/gcc/arm-none-eabi/9.3.1/../../../../arm-none-eabi/lib/thumb/v7e-m+fp/hard\libc_nano.a(lib_a-malloc.o)
                              Middlewares/ST/STM32_USB_Host_Library/Class/CDC/Src/usbh_cdc.o (malloc)
c:/st/stm32cubeide_1.5.1/stm32cubeide/plugins/com.st.stm32cube.ide.mcu.externaltools.gnu-tools-for-stm32.9-2020-q2-update.win32_1.5.0.202011040924/tools/bin/../lib/gcc/arm-none-eabi/9.3.1/../../../../arm-none-eabi/lib/thumb/v7e-m+fp/hard\libc_nano.a(lib_a-memcpy-stub.o)
                              Core/Src/bank.o (memcpy)
c:/st/stm32cubeide_1.5.1/stm32cubeide/plugins/com.st.stm32cube.ide.mcu.externaltools.gnu-tools-for-stm32.9-2020-q2-update.win32_1.5.0.202011040924/tools/bin/../lib/gcc/arm-none-eabi/9.3.1/../../../../arm-none-eabi/lib/thumb/v7e-m+fp/hard\libc_nano.a(lib_a-memset.o)
                              c:/st/stm32cubeide_1.5.1/stm32cubeide/plugins/com.st.stm32cube.ide.mcu.externaltools.gnu-tools-for-stm32.9-2020-q2-update.win32_1.5.0.202011040924/tools/bin/../lib/gcc/arm-none-eabi/9.3.1/../../../../arm-none-eabi/lib/thumb/v7e-m+fp/hard/crt0.o (memset)
c:/st/stm32cubeide_1.5.1/stm32cubeide/plugins/com.st.stm32cube.ide.mcu.externaltools.gnu-tools-for-stm32.9-2020-q2-update.win32_1.5.0.202011040924/tools/bin/../lib/gcc/arm-none-eabi/9.3.1/../../../../arm-none-eabi/lib/thumb/v7e-m+fp/hard\libc_nano.a(lib_a-nano-freer.o)
                              c:/st/stm32cubeide_1.5.1/stm32cubeide/plugins/com.st.stm32cube.ide.mcu.externaltools.gnu-tools-for-stm32.9-2020-q2-update.win32_1.5.0.202011040924/tools/bin/../lib/gcc/arm-none-eabi/9.3.1/../../../../arm-none-eabi/lib/thumb/v7e-m+fp/hard\libc_nano.a(lib_a-malloc.o) (_free_r)
c:/st/stm32cubeide_1.5.1/stm32cubeide/plugins/com.st.stm32cube.ide.mcu.externaltools.gnu-tools-for-stm32.9-2020-q2-update.win32_1.5.0.202011040924/tools/bin/../lib/gcc/arm-none-eabi/9.3.1/../../../../arm-none-eabi/lib/thumb/v7e-m+fp/hard\libc_nano.a(lib_a-nano-mallocr.o)
                              c:/st/stm32cubeide_1.5.1/stm32cubeide/plugins/com.st.stm32cube.ide.mcu.externaltools.gnu-tools-for-stm32.9-2020-q2-update.win32_1.5.0.202011040924/tools/bin/../lib/gcc/arm-none-eabi/9.3.1/../../../../arm-none-eabi/lib/thumb/v7e-m+fp/hard\libc_nano.a(lib_a-malloc.o) (_malloc_r)
c:/st/stm32cubeide_1.5.1/stm32cubeide/plugins/com.st.stm32cube.ide.mcu.externaltools.gnu-tools-for-stm32.9-2020-q2-update.win32_1.5.0.202011040924/tools/bin/../lib/gcc/arm-none-eabi/9.3.1/../../../../arm-none-eabi/lib/thumb/v7e-m+fp/hard\libc_nano.a(lib_a-sbrkr.o)
                              c:/st/stm32cubeide_1.5.1/stm32cubeide/plugins/com.st.stm32cube.ide.mcu.externaltools.gnu-tools-for-stm32.9-2020-q2-update.win32_1.5.0.202011040924/tools/bin/../lib/gcc/arm-none-eabi/9.3.1/../../../../arm-none-eabi/lib/thumb/v7e-m+fp/hard\libc_nano.a(lib_a-nano-mallocr.o) (_sbrk_r)
c:/st/stm32cubeide_1.5.1/stm32cubeide/plugins/com.st.stm32cube.ide.mcu.externaltools.gnu-tools-for-stm32.9-2020-q2-update.win32_1.5.0.202011040924/tools/bin/../lib/gcc/arm-none-eabi/9.3.1/../../../../arm-none-eabi/lib/thumb/v7e-m+fp/hard\libc_nano.a(lib_a-sprintf.o)
[...]
Memory Configuration

Name             Origin             Length             Attributes
RAM              0x0000000020000000 0x0000000000018000 xrw
RAM2             0x0000000010000000 0x0000000000008000 xrw
FLASH            0x0000000008000000 0x0000000000100000 xr
*default*        0x0000000000000000 0xffffffffffffffff

Linker script and memory map

LOAD c:/st/stm32cubeide_1.5.1/stm32cubeide/plugins/com.st.stm32cube.ide.mcu.externaltools.gnu-tools-for-stm32.9-2020-q2-update.win32_1.5.0.202011040924/tools/bin/../lib/gcc/arm-none-eabi/9.3.1/thumb/v7e-m+fp/hard/crti.o
LOAD c:/st/stm32cubeide_1.5.1/stm32cubeide/plugins/com.st.stm32cube.ide.mcu.externaltools.gnu-tools-for-stm32.9-2020-q2-update.win32_1.5.0.202011040924/tools/bin/../lib/gcc/arm-none-eabi/9.3.1/thumb/v7e-m+fp/hard/crtbegin.o
LOAD c:/st/stm32cubeide_1.5.1/stm32cubeide/plugins/com.st.stm32cube.ide.mcu.externaltools.gnu-tools-for-stm32.9-2020-q2-update.win32_1.5.0.202011040924/tools/bin/../lib/gcc/arm-none-eabi/9.3.1/../../../../arm-none-eabi/lib/thumb/v7e-m+fp/hard/crt0.o
LOAD Core/Src/bank.o
LOAD Core/Src/freertos.o
LOAD Core/Src/gpio.o
LOAD Core/Src/i2c.o
LOAD Core/Src/lcd.o
LOAD Core/Src/main.o
LOAD Core/Src/quadspi.o
LOAD Core/Src/rng.o
LOAD Core/Src/spi.o
LOAD Core/Src/stm32l4xx_hal_msp.o
LOAD Core/Src/stm32l4xx_hal_timebase_TIM.o
LOAD Core/Src/stm32l4xx_it.o
LOAD Core/Src/system_stm32l4xx.o
LOAD Core/Src/usart.o
LOAD Core/Src/usb_host.o
LOAD Core/Src/usbh_conf.o
LOAD Core/Src/usbh_platform.o
LOAD Core/Startup/startup_stm32l476vgtx.o
LOAD Drivers/STM32L4xx_HAL_Driver/Src/stm32l4xx_hal.o
LOAD Drivers/STM32L4xx_HAL_Driver/Src/stm32l4xx_hal_cortex.o
LOAD Drivers/STM32L4xx_HAL_Driver/Src/stm32l4xx_hal_dma.o
LOAD Drivers/STM32L4xx_HAL_Driver/Src/stm32l4xx_hal_dma_ex.o
LOAD Drivers/STM32L4xx_HAL_Driver/Src/stm32l4xx_hal_exti.o
LOAD Drivers/STM32L4xx_HAL_Driver/Src/stm32l4xx_hal_flash.o
LOAD Drivers/STM32L4xx_HAL_Driver/Src/stm32l4xx_hal_flash_ex.o
LOAD Drivers/STM32L4xx_HAL_Driver/Src/stm32l4xx_hal_flash_ramfunc.o
LOAD Drivers/STM32L4xx_HAL_Driver/Src/stm32l4xx_hal_gpio.o
LOAD Drivers/STM32L4xx_HAL_Driver/Src/stm32l4xx_hal_hcd.o
LOAD Drivers/STM32L4xx_HAL_Driver/Src/stm32l4xx_hal_i2c.o
LOAD Drivers/STM32L4xx_HAL_Driver/Src/stm32l4xx_hal_i2c_ex.o
LOAD Drivers/STM32L4xx_HAL_Driver/Src/stm32l4xx_hal_lcd.o
LOAD Drivers/STM32L4xx_HAL_Driver/Src/stm32l4xx_hal_pwr.o
LOAD Drivers/STM32L4xx_HAL_Driver/Src/stm32l4xx_hal_pwr_ex.o
LOAD Drivers/STM32L4xx_HAL_Driver/Src/stm32l4xx_hal_qspi.o
LOAD Drivers/STM32L4xx_HAL_Driver/Src/stm32l4xx_hal_rcc.o
LOAD Drivers/STM32L4xx_HAL_Driver/Src/stm32l4xx_hal_rcc_ex.o
LOAD Drivers/STM32L4xx_HAL_Driver/Src/stm32l4xx_hal_rng.o
LOAD Drivers/STM32L4xx_HAL_Driver/Src/stm32l4xx_hal_spi.o
LOAD Drivers/STM32L4xx_HAL_Driver/Src/stm32l4xx_hal_spi_ex.o
LOAD Drivers/STM32L4xx_HAL_Driver/Src/stm32l4xx_hal_tim.o
LOAD Drivers/STM32L4xx_HAL_Driver/Src/stm32l4xx_hal_tim_ex.o
LOAD Drivers/STM32L4xx_HAL_Driver/Src/stm32l4xx_hal_uart.o
LOAD Drivers/STM32L4xx_HAL_Driver/Src/stm32l4xx_hal_uart_ex.o
LOAD Drivers/STM32L4xx_HAL_Driver/Src/stm32l4xx_ll_usb.o
LOAD Middlewares/ST/STM32_USB_Host_Library/Class/CDC/Src/usbh_cdc.o
LOAD Middlewares/ST/STM32_USB_Host_Library/Core/Src/usbh_core.o
LOAD Middlewares/ST/STM32_USB_Host_Library/Core/Src/usbh_ctlreq.o
LOAD Middlewares/ST/STM32_USB_Host_Library/Core/Src/usbh_ioreq.o
LOAD Middlewares/ST/STM32_USB_Host_Library/Core/Src/usbh_pipes.o
LOAD Middlewares/Third_Party/FreeRTOS/Source/CMSIS_RTOS/cmsis_os.o
LOAD Middlewares/Third_Party/FreeRTOS/Source/croutine.o
LOAD Middlewares/Third_Party/FreeRTOS/Source/event_groups.o
LOAD Middlewares/Third_Party/FreeRTOS/Source/list.o
LOAD Middlewares/Third_Party/FreeRTOS/Source/queue.o
LOAD Middlewares/Third_Party/FreeRTOS/Source/stream_buffer.o
LOAD Middlewares/Third_Party/FreeRTOS/Source/tasks.o
LOAD Middlewares/Third_Party/FreeRTOS/Source/timers.o
LOAD Middlewares/Third_Party/FreeRTOS/Source/portable/GCC/ARM_CM4F/port.o
LOAD Middlewares/Third_Party/FreeRTOS/Source/portable/MemMang/heap_4.o
START GROUP
LOAD c:/st/stm32cubeide_1.5.1/stm32cubeide/plugins/com.st.stm32cube.ide.mcu.externaltools.gnu-tools-for-stm32.9-2020-q2-update.win32_1.5.0.202011040924/tools/bin/../lib/gcc/arm-none-eabi/9.3.1/../../../../arm-none-eabi/lib/thumb/v7e-m+fp/hard\libc_nano.a
LOAD c:/st/stm32cubeide_1.5.1/stm32cubeide/plugins/com.st.stm32cube.ide.mcu.externaltools.gnu-tools-for-stm32.9-2020-q2-update.win32_1.5.0.202011040924/tools/bin/../lib/gcc/arm-none-eabi/9.3.1/../../../../arm-none-eabi/lib/thumb/v7e-m+fp/hard\libm.a
END GROUP
START GROUP
LOAD c:/st/stm32cubeide_1.5.1/stm32cubeide/plugins/com.st.stm32cube.ide.mcu.externaltools.gnu-tools-for-stm32.9-2020-q2-update.win32_1.5.0.202011040924/tools/bin/../lib/gcc/arm-none-eabi/9.3.1/thumb/v7e-m+fp/hard\libgcc.a
LOAD c:/st/stm32cubeide_1.5.1/stm32cubeide/plugins/com.st.stm32cube.ide.mcu.externaltools.gnu-tools-for-stm32.9-2020-q2-update.win32_1.5.0.202011040924/tools/bin/../lib/gcc/arm-none-eabi/9.3.1/../../../../arm-none-eabi/lib/thumb/v7e-m+fp/hard\libc_nano.a
END GROUP
START GROUP
LOAD c:/st/stm32cubeide_1.5.1/stm32cubeide/plugins/com.st.stm32cube.ide.mcu.externaltools.gnu-tools-for-stm32.9-2020-q2-update.win32_1.5.0.202011040924/tools/bin/../lib/gcc/arm-none-eabi/9.3.1/thumb/v7e-m+fp/hard\libgcc.a
LOAD c:/st/stm32cubeide_1.5.1/stm32cubeide/plugins/com.st.stm32cube.ide.mcu.externaltools.gnu-tools-for-stm32.9-2020-q2-update.win32_1.5.0.202011040924/tools/bin/../lib/gcc/arm-none-eabi/9.3.1/../../../../arm-none-eabi/lib/thumb/v7e-m+fp/hard\libc_nano.a
LOAD c:/st/stm32cubeide_1.5.1/stm32cubeide/plugins/com.st.stm32cube.ide.mcu.externaltools.gnu-tools-for-stm32.9-2020-q2-update.win32_1.5.0.202011040924/tools/bin/../lib/gcc/arm-none-eabi/9.3.1/../../../../arm-none-eabi/lib/thumb/v7e-m+fp/hard\libnosys.a
END GROUP
START GROUP
LOAD c:/st/stm32cubeide_1.5.1/stm32cubeide/plugins/com.st.stm32cube.ide.mcu.externaltools.gnu-tools-for-stm32.9-2020-q2-update.win32_1.5.0.202011040924/tools/bin/../lib/gcc/arm-none-eabi/9.3.1/thumb/v7e-m+fp/hard\libgcc.a
LOAD c:/st/stm32cubeide_1.5.1/stm32cubeide/plugins/com.st.stm32cube.ide.mcu.externaltools.gnu-tools-for-stm32.9-2020-q2-update.win32_1.5.0.202011040924/tools/bin/../lib/gcc/arm-none-eabi/9.3.1/../../../../arm-none-eabi/lib/thumb/v7e-m+fp/hard\libc_nano.a
LOAD c:/st/stm32cubeide_1.5.1/stm32cubeide/plugins/com.st.stm32cube.ide.mcu.externaltools.gnu-tools-for-stm32.9-2020-q2-update.win32_1.5.0.202011040924/tools/bin/../lib/gcc/arm-none-eabi/9.3.1/../../../../arm-none-eabi/lib/thumb/v7e-m+fp/hard\libnosys.a
END GROUP
LOAD c:/st/stm32cubeide_1.5.1/stm32cubeide/plugins/com.st.stm32cube.ide.mcu.externaltools.gnu-tools-for-stm32.9-2020-q2-update.win32_1.5.0.202011040924/tools/bin/../lib/gcc/arm-none-eabi/9.3.1/thumb/v7e-m+fp/hard/crtend.o
LOAD c:/st/stm32cubeide_1.5.1/stm32cubeide/plugins/com.st.stm32cube.ide.mcu.externaltools.gnu-tools-for-stm32.9-2020-q2-update.win32_1.5.0.202011040924/tools/bin/../lib/gcc/arm-none-eabi/9.3.1/thumb/v7e-m+fp/hard/crtn.o
                0x0000000020018000                _estack = (ORIGIN (RAM) + LENGTH (RAM))
                0x0000000000000200                _Min_Heap_Size = 0x200
                0x0000000000000400                _Min_Stack_Size = 0x400

.isr_vector     0x0000000008000000      0x188
                0x0000000008000000                . = ALIGN (0x4)
 *(.isr_vector)
 .isr_vector    0x0000000008000000      0x188 Core/Startup/startup_stm32l476vgtx.o
                0x0000000008000000                g_pfnVectors
                0x0000000008000188                . = ALIGN (0x4)

.text           0x0000000008000190     0xd314
                0x0000000008000190                . = ALIGN (0x4)
 *(.text)
 .text          0x0000000008000190       0x40 c:/st/stm32cubeide_1.5.1/stm32cubeide/plugins/com.st.stm32cube.ide.mcu.externaltools.gnu-tools-for-stm32.9-2020-q2-update.win32_1.5.0.202011040924/tools/bin/../lib/gcc/arm-none-eabi/9.3.1/thumb/v7e-m+fp/hard/crtbegin.o
 .text          0x00000000080001d0       0x10 c:/st/stm32cubeide_1.5.1/stm32cubeide/plugins/com.st.stm32cube.ide.mcu.externaltools.gnu-tools-for-stm32.9-2020-q2-update.win32_1.5.0.202011040924/tools/bin/../lib/gcc/arm-none-eabi/9.3.1/../../../../arm-none-eabi/lib/thumb/v7e-m+fp/hard\libc_nano.a(lib_a-strlen.o)
                0x00000000080001d0                strlen
 .text          0x00000000080001e0       0xa0 c:/st/stm32cubeide_1.5.1/stm32cubeide/plugins/com.st.stm32cube.ide.mcu.externaltools.gnu-tools-for-stm32.9-2020-q2-update.win32_1.5.0.202011040924/tools/bin/../lib/gcc/arm-none-eabi/9.3.1/../../../../arm-none-eabi/lib/thumb/v7e-m+fp/hard\libc_nano.a(lib_a-memchr.o)
                0x00000000080001e0                memchr
 .text          0x0000000008000280      0x378 c:/st/stm32cubeide_1.5.1/stm32cubeide/plugins/com.st.stm32cube.ide.mcu.externaltools.gnu-tools-for-stm32.9-2020-q2-update.win32_1.5.0.202011040924/tools/bin/../lib/gcc/arm-none-eabi/9.3.1/thumb/v7e-m+fp/hard\libgcc.a(_arm_addsubdf3.o)
                0x0000000008000280                __aeabi_drsub
                0x0000000008000288                __aeabi_dsub
                0x0000000008000288                __subdf3
                0x000000000800028c                __aeabi_dadd
                0x000000000800028c                __adddf3
                0x0000000008000504                __floatunsidf
                0x0000000008000504                __aeabi_ui2d
                0x0000000008000524                __floatsidf
                0x0000000008000524                __aeabi_i2d
                0x0000000008000548                __aeabi_f2d
                0x0000000008000548                __extendsfdf2
                0x000000000800058c                __floatundidf
                0x000000000800058c                __aeabi_ul2d
                0x000000000800059c                __floatdidf
                0x000000000800059c                __aeabi_l2d
 .text          0x00000000080005f8      0x424 c:/st/stm32cubeide_1.5.1/stm32cubeide/plugins/com.st.stm32cube.ide.mcu.externaltools.gnu-tools-for-stm32.9-2020-q2-update.win32_1.5.0.202011040924/tools/bin/../lib/gcc/arm-none-eabi/9.3.1/thumb/v7e-m+fp/hard\libgcc.a(_arm_muldivdf3.o)
                0x00000000080005f8                __aeabi_dmul
                0x00000000080005f8                __muldf3
                0x000000000800084c                __divdf3
                0x000000000800084c                __aeabi_ddiv
 .text          0x0000000008000a1c       0xa0 c:/st/stm32cubeide_1.5.1/stm32cubeide/plugins/com.st.stm32cube.ide.mcu.externaltools.gnu-tools-for-stm32.9-2020-q2-update.win32_1.5.0.202011040924/tools/bin/../lib/gcc/arm-none-eabi/9.3.1/thumb/v7e-m+fp/hard\libgcc.a(_arm_truncdfsf2.o)
                0x0000000008000a1c                __truncdfsf2
                0x0000000008000a1c                __aeabi_d2f
 .text          0x0000000008000abc       0x30 c:/st/stm32cubeide_1.5.1/stm32cubeide/plugins/com.st.stm32cube.ide.mcu.externaltools.gnu-tools-for-stm32.9-2020-q2-update.win32_1.5.0.202011040924/tools/bin/../lib/gcc/arm-none-eabi/9.3.1/thumb/v7e-m+fp/hard\libgcc.a(_aeabi_uldivmod.o)
                0x0000000008000abc                __aeabi_uldivmod
 .text          0x0000000008000aec      0x2c4 c:/st/stm32cubeide_1.5.1/stm32cubeide/plugins/com.st.stm32cube.ide.mcu.externaltools.gnu-tools-for-stm32.9-2020-q2-update.win32_1.5.0.202011040924/tools/bin/../lib/gcc/arm-none-eabi/9.3.1/thumb/v7e-m+fp/hard\libgcc.a(_udivmoddi4.o)
                0x0000000008000aec                __udivmoddi4
 .text          0x0000000008000db0        0x4 c:/st/stm32cubeide_1.5.1/stm32cubeide/plugins/com.st.stm32cube.ide.mcu.externaltools.gnu-tools-for-stm32.9-2020-q2-update.win32_1.5.0.202011040924/tools/bin/../lib/gcc/arm-none-eabi/9.3.1/thumb/v7e-m+fp/hard\libgcc.a(_dvmd_tls.o)
                0x0000000008000db0                __aeabi_idiv0
                0x0000000008000db0                __aeabi_ldiv0
 *(.text*)
 .text.print_line
                0x0000000008000db4       0x4c Core/Src/bank.o
                0x0000000008000db4                print_line
 .text.print_metrics
                0x0000000008000e00      0x100 Core/Src/bank.o
                0x0000000008000e00                print_metrics
 .text.int_format_print
                0x0000000008000f00       0xac Core/Src/bank.o
                0x0000000008000f00                int_format_print
 .text.float_format_print
                0x0000000008000fac       0xb8 Core/Src/bank.o
                0x0000000008000fac                float_format_print
 .text.set_current_time
                0x0000000008001064       0x20 Core/Src/bank.o
                0x0000000008001064                set_current_time
 .text.get_current_time
                0x0000000008001084       0x20 Core/Src/bank.o
                0x0000000008001084                get_current_time
 .text.teller_init
                0x00000000080010a4       0x38 Core/Src/bank.o
                0x00000000080010a4                teller_init
 .text.bank_init
                0x00000000080010dc       0x60 Core/Src/bank.o
                0x00000000080010dc                bank_init
 .text.metric_init
                0x000000000800113c       0x96 Core/Src/bank.o
                0x000000000800113c                metric_init
 *fill*         0x00000000080011d2        0x2 
 .text.bank_thread
                0x00000000080011d4      0x404 Core/Src/bank.o
                0x00000000080011d4                bank_thread
 .text.thread_init
                0x00000000080015d8       0xc4 Core/Src/bank.o
                0x00000000080015d8                thread_init
 .text.teller_thread
                0x000000000800169c      0x2ec Core/Src/bank.o
                0x000000000800169c                teller_thread
 .text.get_random
                0x0000000008001988       0x34 Core/Src/bank.o
                0x0000000008001988                get_random
 .text.teller_status_to_string
                0x00000000080019bc       0x48 Core/Src/bank.o
                0x00000000080019bc                teller_status_to_string
 .text.MX_FREERTOS_Init
                0x0000000008001a04       0x34 Core/Src/freertos.o
                0x0000000008001a04                MX_FREERTOS_Init
 .text.StartDefaultTask
                0x0000000008001a38       0x14 Core/Src/freertos.o
                0x0000000008001a38                StartDefaultTask
 .text.MX_GPIO_Init
                0x0000000008001a4c      0x2a8 Core/Src/gpio.o
                0x0000000008001a4c                MX_GPIO_Init
 .text.MX_I2C1_Init
                0x0000000008001cf4       0x90 Core/Src/i2c.o
                0x0000000008001cf4                MX_I2C1_Init
 .text.HAL_I2C_MspInit
                0x0000000008001d84       0xa8 Core/Src/i2c.o
                0x0000000008001d84                HAL_I2C_MspInit
 .text.vApplicationIdleHook
                0x0000000008001e2c       0x1c Core/Src/main.o
                0x0000000008001e2c                vApplicationIdleHook
 .text.main     0x0000000008001e48       0x30 Core/Src/main.o
                0x0000000008001e48                main
 .text.SystemClock_Config
                0x0000000008001e78      0x164 Core/Src/main.o
                0x0000000008001e78                SystemClock_Config
 .text.HAL_TIM_PeriodElapsedCallback
                0x0000000008001fdc       0x24 Core/Src/main.o
                0x0000000008001fdc                HAL_TIM_PeriodElapsedCallback
 .text._Error_Handler
                0x0000000008002000       0x3c Core/Src/main.o
                0x0000000008002000                _Error_Handler
 .text.MX_RNG_Init
                0x000000000800203c       0x30 Core/Src/rng.o
                0x000000000800203c                MX_RNG_Init
 .text.HAL_RNG_MspInit
                0x000000000800206c       0x40 Core/Src/rng.o
                0x000000000800206c                HAL_RNG_MspInit
 .text.HAL_MspInit
                0x00000000080020ac       0x9c Core/Src/stm32l4xx_hal_msp.o
                0x00000000080020ac                HAL_MspInit
 .text.HAL_InitTick
                0x0000000008002148       0xac Core/Src/stm32l4xx_hal_timebase_TIM.o
                0x0000000008002148                HAL_InitTick
 .text.SysTick_Handler
                0x00000000080021f4        0xc Core/Src/stm32l4xx_it.o
                0x00000000080021f4                SysTick_Handler
 .text.TIM5_IRQHandler
                0x0000000008002200       0x14 Core/Src/stm32l4xx_it.o
                0x0000000008002200                TIM5_IRQHandler
 .text.OTG_FS_IRQHandler
                0x0000000008002214       0x14 Core/Src/stm32l4xx_it.o
                0x0000000008002214                OTG_FS_IRQHandler
 .text.SystemInit
                0x0000000008002228       0x6c Core/Src/system_stm32l4xx.o
                0x0000000008002228                SystemInit
 .text.MX_USART2_UART_Init
                0x0000000008002294       0x68 Core/Src/usart.o
                0x0000000008002294                MX_USART2_UART_Init
 .text.HAL_UART_MspInit
                0x00000000080022fc       0x60 Core/Src/usart.o
                0x00000000080022fc                HAL_UART_MspInit
 .text.MX_USB_HOST_Init
                0x000000000800235c       0x2c Core/Src/usb_host.o
                0x000000000800235c                MX_USB_HOST_Init
 .text.USBH_UserProcess
                0x0000000008002388       0x5c Core/Src/usb_host.o
 .text.HAL_HCD_MspInit
                0x00000000080023e4       0xa4 Core/Src/usbh_conf.o
                0x00000000080023e4                HAL_HCD_MspInit
 .text.HAL_HCD_SOF_Callback
                0x0000000008002488       0x1c Core/Src/usbh_conf.o
                0x0000000008002488                HAL_HCD_SOF_Callback
 .text.HAL_HCD_Connect_Callback
                0x00000000080024a4       0x1c Core/Src/usbh_conf.o
                0x00000000080024a4                HAL_HCD_Connect_Callback
 .text.HAL_HCD_Disconnect_Callback
                0x00000000080024c0       0x1c Core/Src/usbh_conf.o
                0x00000000080024c0                HAL_HCD_Disconnect_Callback
 .text.HAL_HCD_HC_NotifyURBChange_Callback
                0x00000000080024dc       0x24 Core/Src/usbh_conf.o
                0x00000000080024dc                HAL_HCD_HC_NotifyURBChange_Callback
 .text.USBH_LL_Init
                0x0000000008002500       0x80 Core/Src/usbh_conf.o
                0x0000000008002500                USBH_LL_Init
 .text.USBH_LL_Start
                0x0000000008002580       0x64 Core/Src/usbh_conf.o
                0x0000000008002580                USBH_LL_Start
 .text.USBH_LL_Stop
                0x00000000080025e4       0x64 Core/Src/usbh_conf.o
                0x00000000080025e4                USBH_LL_Stop
 .text.USBH_LL_GetSpeed
                0x0000000008002648       0x4e Core/Src/usbh_conf.o
                0x0000000008002648                USBH_LL_GetSpeed
 *fill*         0x0000000008002696        0x2 
 .text.USBH_LL_ResetPort
                0x0000000008002698       0x64 Core/Src/usbh_conf.o
                0x0000000008002698                USBH_LL_ResetPort
 .text.USBH_LL_GetLastXferSize
                0x00000000080026fc       0x26 Core/Src/usbh_conf.o
                0x00000000080026fc                USBH_LL_GetLastXferSize
 *fill*         0x0000000008002722        0x2 
 .text.USBH_LL_OpenPipe
                0x0000000008002724       0x8c Core/Src/usbh_conf.o
                0x0000000008002724                USBH_LL_OpenPipe
 .text.USBH_LL_ClosePipe
                0x00000000080027b0       0x6c Core/Src/usbh_conf.o
                0x00000000080027b0                USBH_LL_ClosePipe
 .text.USBH_LL_SubmitURB
                0x000000000800281c       0x90 Core/Src/usbh_conf.o
                0x000000000800281c                USBH_LL_SubmitURB
 .text.USBH_LL_GetURBState
                0x00000000080028ac       0x26 Core/Src/usbh_conf.o
                0x00000000080028ac                USBH_LL_GetURBState
 .text.USBH_LL_DriverVBUS
                0x00000000080028d2       0x2e Core/Src/usbh_conf.o
                0x00000000080028d2                USBH_LL_DriverVBUS
 .text.USBH_LL_SetToggle
                0x0000000008002900       0x60 Core/Src/usbh_conf.o
                0x0000000008002900                USBH_LL_SetToggle
 .text.USBH_Delay
                0x0000000008002960       0x16 Core/Src/usbh_conf.o
                0x0000000008002960                USBH_Delay
 *fill*         0x0000000008002976        0x2 
 .text.MX_DriverVbusFS
                0x0000000008002978       0x38 Core/Src/usbh_platform.o
                0x0000000008002978                MX_DriverVbusFS
 .text.Reset_Handler
                0x00000000080029b0       0x50 Core/Startup/startup_stm32l476vgtx.o
                0x00000000080029b0                Reset_Handler
 .text.Default_Handler
                0x0000000008002a00        0x2 Core/Startup/startup_stm32l476vgtx.o
                0x0000000008002a00                RTC_Alarm_IRQHandler
                0x0000000008002a00                EXTI2_IRQHandler
                0x0000000008002a00                TIM8_TRG_COM_IRQHandler
                0x0000000008002a00                TIM8_CC_IRQHandler
                0x0000000008002a00                DebugMon_Handler
                0x0000000008002a00                TIM1_CC_IRQHandler
                0x0000000008002a00                TSC_IRQHandler
                0x0000000008002a00                HardFault_Handler
                0x0000000008002a00                TAMP_STAMP_IRQHandler
                0x0000000008002a00                NMI_Handler
                0x0000000008002a00                EXTI3_IRQHandler
                0x0000000008002a00                LPTIM2_IRQHandler
                0x0000000008002a00                DFSDM1_FLT1_IRQHandler
                0x0000000008002a00                I2C3_ER_IRQHandler
                0x0000000008002a00                DFSDM1_FLT2_IRQHandler
                0x0000000008002a00                EXTI0_IRQHandler
                0x0000000008002a00                I2C2_EV_IRQHandler
                0x0000000008002a00                CAN1_RX0_IRQHandler
                0x0000000008002a00                FPU_IRQHandler
                0x0000000008002a00                TIM1_UP_TIM16_IRQHandler
                0x0000000008002a00                UsageFault_Handler
                0x0000000008002a00                ADC1_2_IRQHandler
                0x0000000008002a00                SPI1_IRQHandler
                0x0000000008002a00                TIM6_DAC_IRQHandler
                0x0000000008002a00                TIM8_UP_IRQHandler
                0x0000000008002a00                DMA2_Channel2_IRQHandler
                0x0000000008002a00                DMA1_Channel4_IRQHandler
                0x0000000008002a00                SAI2_IRQHandler
                0x0000000008002a00                DFSDM1_FLT3_IRQHandler
                0x0000000008002a00                USART3_IRQHandler
                0x0000000008002a00                DMA1_Channel7_IRQHandler
                0x0000000008002a00                CAN1_RX1_IRQHandler
                0x0000000008002a00                LCD_IRQHandler
                0x0000000008002a00                UART5_IRQHandler
                0x0000000008002a00                ADC3_IRQHandler
                0x0000000008002a00                TIM4_IRQHandler
                0x0000000008002a00                DMA2_Channel1_IRQHandler
                0x0000000008002a00                QUADSPI_IRQHandler
                0x0000000008002a00                I2C1_EV_IRQHandler
                0x0000000008002a00                DMA1_Channel6_IRQHandler
                0x0000000008002a00                UART4_IRQHandler
                0x0000000008002a00                DMA2_Channel4_IRQHandler
                0x0000000008002a00                TIM3_IRQHandler
                0x0000000008002a00                RCC_IRQHandler
                0x0000000008002a00                DMA1_Channel1_IRQHandler
                0x0000000008002a00                Default_Handler
                0x0000000008002a00                DMA2_Channel7_IRQHandler
                0x0000000008002a00                EXTI15_10_IRQHandler
                0x0000000008002a00                TIM7_IRQHandler
                0x0000000008002a00                SDMMC1_IRQHandler
                0x0000000008002a00                I2C3_EV_IRQHandler
                0x0000000008002a00                EXTI9_5_IRQHandler
                0x0000000008002a00                RTC_WKUP_IRQHandler
                0x0000000008002a00                PVD_PVM_IRQHandler
                0x0000000008002a00                SPI2_IRQHandler
                0x0000000008002a00                MemManage_Handler
                0x0000000008002a00                CAN1_TX_IRQHandler
                0x0000000008002a00                DMA2_Channel5_IRQHandler
                0x0000000008002a00                DMA1_Channel5_IRQHandler
                0x0000000008002a00                EXTI4_IRQHandler
                0x0000000008002a00                RNG_IRQHandler
                0x0000000008002a00                TIM1_TRG_COM_TIM17_IRQHandler
                0x0000000008002a00                DMA1_Channel3_IRQHandler
                0x0000000008002a00                COMP_IRQHandler
                0x0000000008002a00                WWDG_IRQHandler
                0x0000000008002a00                LPUART1_IRQHandler
                0x0000000008002a00                DMA2_Channel6_IRQHandler
                0x0000000008002a00                TIM2_IRQHandler
                0x0000000008002a00                EXTI1_IRQHandler
                0x0000000008002a00                USART2_IRQHandler
                0x0000000008002a00                DFSDM1_FLT0_IRQHandler
                0x0000000008002a00                I2C2_ER_IRQHandler
                0x0000000008002a00                DMA1_Channel2_IRQHandler
                0x0000000008002a00                TIM8_BRK_IRQHandler
                0x0000000008002a00                CAN1_SCE_IRQHandler
                0x0000000008002a00                FLASH_IRQHandler
                0x0000000008002a00                BusFault_Handler
                0x0000000008002a00                USART1_IRQHandler
                0x0000000008002a00                SPI3_IRQHandler
                0x0000000008002a00                I2C1_ER_IRQHandler
                0x0000000008002a00                FMC_IRQHandler
                0x0000000008002a00                SWPMI1_IRQHandler
                0x0000000008002a00                LPTIM1_IRQHandler
                0x0000000008002a00                SAI1_IRQHandler
                0x0000000008002a00                DMA2_Channel3_IRQHandler
                0x0000000008002a00                TIM1_BRK_TIM15_IRQHandler
 *fill*         0x0000000008002a02        0x2 
 .text.HAL_Init
                0x0000000008002a04       0x40 Drivers/STM32L4xx_HAL_Driver/Src/stm32l4xx_hal.o
                0x0000000008002a04                HAL_Init
 .text.HAL_IncTick
                0x0000000008002a44       0x28 Drivers/STM32L4xx_HAL_Driver/Src/stm32l4xx_hal.o
                0x0000000008002a44                HAL_IncTick
 .text.HAL_GetTick
                0x0000000008002a6c       0x18 Drivers/STM32L4xx_HAL_Driver/Src/stm32l4xx_hal.o
                0x0000000008002a6c                HAL_GetTick
 .text.HAL_Delay
                0x0000000008002a84       0x48 Drivers/STM32L4xx_HAL_Driver/Src/stm32l4xx_hal.o
                0x0000000008002a84                HAL_Delay
 .text.__NVIC_SetPriorityGrouping
                0x0000000008002acc       0x48 Drivers/STM32L4xx_HAL_Driver/Src/stm32l4xx_hal_cortex.o
 .text.__NVIC_GetPriorityGrouping
                0x0000000008002b14       0x1c Drivers/STM32L4xx_HAL_Driver/Src/stm32l4xx_hal_cortex.o
 .text.__NVIC_EnableIRQ
                0x0000000008002b30       0x3c Drivers/STM32L4xx_HAL_Driver/Src/stm32l4xx_hal_cortex.o
 .text.__NVIC_SetPriority
                0x0000000008002b6c       0x54 Drivers/STM32L4xx_HAL_Driver/Src/stm32l4xx_hal_cortex.o
 .text.NVIC_EncodePriority
                0x0000000008002bc0       0x66 Drivers/STM32L4xx_HAL_Driver/Src/stm32l4xx_hal_cortex.o
 *fill*         0x0000000008002c26        0x2 
 .text.SysTick_Config
                0x0000000008002c28       0x44 Drivers/STM32L4xx_HAL_Driver/Src/stm32l4xx_hal_cortex.o
 .text.HAL_NVIC_SetPriorityGrouping
                0x0000000008002c6c       0x16 Drivers/STM32L4xx_HAL_Driver/Src/stm32l4xx_hal_cortex.o
                0x0000000008002c6c                HAL_NVIC_SetPriorityGrouping
 .text.HAL_NVIC_SetPriority
                0x0000000008002c82       0x38 Drivers/STM32L4xx_HAL_Driver/Src/stm32l4xx_hal_cortex.o
                0x0000000008002c82                HAL_NVIC_SetPriority
 .text.HAL_NVIC_EnableIRQ
                0x0000000008002cba       0x1c Drivers/STM32L4xx_HAL_Driver/Src/stm32l4xx_hal_cortex.o
                0x0000000008002cba                HAL_NVIC_EnableIRQ
 .text.HAL_SYSTICK_Config
                0x0000000008002cd6       0x18 Drivers/STM32L4xx_HAL_Driver/Src/stm32l4xx_hal_cortex.o
                0x0000000008002cd6                HAL_SYSTICK_Config
 *fill*         0x0000000008002cee        0x2 
 .text.HAL_SYSTICK_CLKSourceConfig
                0x0000000008002cf0       0x38 Drivers/STM32L4xx_HAL_Driver/Src/stm32l4xx_hal_cortex.o
                0x0000000008002cf0                HAL_SYSTICK_CLKSourceConfig
 .text.HAL_GPIO_Init
                0x0000000008002d28      0x354 Drivers/STM32L4xx_HAL_Driver/Src/stm32l4xx_hal_gpio.o
                0x0000000008002d28                HAL_GPIO_Init
 .text.HAL_GPIO_WritePin
                0x000000000800307c       0x30 Drivers/STM32L4xx_HAL_Driver/Src/stm32l4xx_hal_gpio.o
                0x000000000800307c                HAL_GPIO_WritePin
 .text.HAL_HCD_Init
                0x00000000080030ac       0xc4 Drivers/STM32L4xx_HAL_Driver/Src/stm32l4xx_hal_hcd.o
                0x00000000080030ac                HAL_HCD_Init
 .text.HAL_HCD_HC_Init
                0x0000000008003170      0x11e Drivers/STM32L4xx_HAL_Driver/Src/stm32l4xx_hal_hcd.o
                0x0000000008003170                HAL_HCD_HC_Init
 .text.HAL_HCD_HC_Halt
                0x000000000800328e       0x46 Drivers/STM32L4xx_HAL_Driver/Src/stm32l4xx_hal_hcd.o
                0x000000000800328e                HAL_HCD_HC_Halt
 .text.HAL_HCD_HC_SubmitRequest
                0x00000000080032d4      0x2a4 Drivers/STM32L4xx_HAL_Driver/Src/stm32l4xx_hal_hcd.o
                0x00000000080032d4                HAL_HCD_HC_SubmitRequest
 .text.HAL_HCD_IRQHandler
                0x0000000008003578      0x208 Drivers/STM32L4xx_HAL_Driver/Src/stm32l4xx_hal_hcd.o
                0x0000000008003578                HAL_HCD_IRQHandler
 .text.HAL_HCD_PortEnabled_Callback
                0x0000000008003780       0x14 Drivers/STM32L4xx_HAL_Driver/Src/stm32l4xx_hal_hcd.o
                0x0000000008003780                HAL_HCD_PortEnabled_Callback
 .text.HAL_HCD_PortDisabled_Callback
                0x0000000008003794       0x14 Drivers/STM32L4xx_HAL_Driver/Src/stm32l4xx_hal_hcd.o
                0x0000000008003794                HAL_HCD_PortDisabled_Callback
 .text.HAL_HCD_Start
                0x00000000080037a8       0x46 Drivers/STM32L4xx_HAL_Driver/Src/stm32l4xx_hal_hcd.o
                0x00000000080037a8                HAL_HCD_Start
 .text.HAL_HCD_Stop
                0x00000000080037ee       0x3a Drivers/STM32L4xx_HAL_Driver/Src/stm32l4xx_hal_hcd.o
                0x00000000080037ee                HAL_HCD_Stop
 .text.HAL_HCD_ResetPort
                0x0000000008003828       0x1c Drivers/STM32L4xx_HAL_Driver/Src/stm32l4xx_hal_hcd.o
                0x0000000008003828                HAL_HCD_ResetPort
 .text.HAL_HCD_HC_GetURBState
                0x0000000008003844       0x28 Drivers/STM32L4xx_HAL_Driver/Src/stm32l4xx_hal_hcd.o
                0x0000000008003844                HAL_HCD_HC_GetURBState
 .text.HAL_HCD_HC_GetXferCount
                0x000000000800386c       0x28 Drivers/STM32L4xx_HAL_Driver/Src/stm32l4xx_hal_hcd.o
                0x000000000800386c                HAL_HCD_HC_GetXferCount
 .text.HAL_HCD_GetCurrentFrame
                0x0000000008003894       0x1c Drivers/STM32L4xx_HAL_Driver/Src/stm32l4xx_hal_hcd.o
                0x0000000008003894                HAL_HCD_GetCurrentFrame
 .text.HAL_HCD_GetCurrentSpeed
                0x00000000080038b0       0x1c Drivers/STM32L4xx_HAL_Driver/Src/stm32l4xx_hal_hcd.o
                0x00000000080038b0                HAL_HCD_GetCurrentSpeed
 .text.HCD_HC_IN_IRQHandler
                0x00000000080038cc      0x800 Drivers/STM32L4xx_HAL_Driver/Src/stm32l4xx_hal_hcd.o
 .text.HCD_HC_OUT_IRQHandler
                0x00000000080040cc      0x72c Drivers/STM32L4xx_HAL_Driver/Src/stm32l4xx_hal_hcd.o
 .text.HCD_RXQLVL_IRQHandler
                0x00000000080047f8      0x1a4 Drivers/STM32L4xx_HAL_Driver/Src/stm32l4xx_hal_hcd.o
 .text.HCD_Port_IRQHandler
                0x000000000800499c       0xe6 Drivers/STM32L4xx_HAL_Driver/Src/stm32l4xx_hal_hcd.o
 .text.HAL_I2C_Init
                0x0000000008004a82      0x11e Drivers/STM32L4xx_HAL_Driver/Src/stm32l4xx_hal_i2c.o
                0x0000000008004a82                HAL_I2C_Init
 .text.HAL_I2CEx_ConfigAnalogFilter
                0x0000000008004ba0       0x96 Drivers/STM32L4xx_HAL_Driver/Src/stm32l4xx_hal_i2c_ex.o
                0x0000000008004ba0                HAL_I2CEx_ConfigAnalogFilter
 .text.HAL_I2CEx_ConfigDigitalFilter
                0x0000000008004c36       0x98 Drivers/STM32L4xx_HAL_Driver/Src/stm32l4xx_hal_i2c_ex.o
                0x0000000008004c36                HAL_I2CEx_ConfigDigitalFilter
 *fill*         0x0000000008004cce        0x2 
 .text.HAL_PWREx_GetVoltageRange
                0x0000000008004cd0       0x1c Drivers/STM32L4xx_HAL_Driver/Src/stm32l4xx_hal_pwr_ex.o
                0x0000000008004cd0                HAL_PWREx_GetVoltageRange
 .text.HAL_PWREx_ControlVoltageScaling
                0x0000000008004cec       0xac Drivers/STM32L4xx_HAL_Driver/Src/stm32l4xx_hal_pwr_ex.o
                0x0000000008004cec                HAL_PWREx_ControlVoltageScaling
 .text.HAL_PWREx_EnableVddUSB
                0x0000000008004d98       0x20 Drivers/STM32L4xx_HAL_Driver/Src/stm32l4xx_hal_pwr_ex.o
                0x0000000008004d98                HAL_PWREx_EnableVddUSB
 .text.HAL_RCC_OscConfig
                0x0000000008004db8      0x7cc Drivers/STM32L4xx_HAL_Driver/Src/stm32l4xx_hal_rcc.o
                0x0000000008004db8                HAL_RCC_OscConfig
 .text.HAL_RCC_ClockConfig
                0x0000000008005584      0x1c4 Drivers/STM32L4xx_HAL_Driver/Src/stm32l4xx_hal_rcc.o
                0x0000000008005584                HAL_RCC_ClockConfig
 .text.HAL_RCC_GetSysClockFreq
                0x0000000008005748      0x118 Drivers/STM32L4xx_HAL_Driver/Src/stm32l4xx_hal_rcc.o
                0x0000000008005748                HAL_RCC_GetSysClockFreq
 .text.HAL_RCC_GetHCLKFreq
                0x0000000008005860       0x18 Drivers/STM32L4xx_HAL_Driver/Src/stm32l4xx_hal_rcc.o
                0x0000000008005860                HAL_RCC_GetHCLKFreq
 .text.HAL_RCC_GetPCLK1Freq
                0x0000000008005878       0x2c Drivers/STM32L4xx_HAL_Driver/Src/stm32l4xx_hal_rcc.o
                0x0000000008005878                HAL_RCC_GetPCLK1Freq
 .text.HAL_RCC_GetPCLK2Freq
                0x00000000080058a4       0x2c Drivers/STM32L4xx_HAL_Driver/Src/stm32l4xx_hal_rcc.o
                0x00000000080058a4                HAL_RCC_GetPCLK2Freq
 .text.HAL_RCC_GetClockConfig
                0x00000000080058d0       0x64 Drivers/STM32L4xx_HAL_Driver/Src/stm32l4xx_hal_rcc.o
                0x00000000080058d0                HAL_RCC_GetClockConfig
 .text.RCC_SetFlashLatencyFromMSIRange
                0x0000000008005934       0xc0 Drivers/STM32L4xx_HAL_Driver/Src/stm32l4xx_hal_rcc.o
 .text.HAL_RCCEx_PeriphCLKConfig
                0x00000000080059f4      0x5d4 Drivers/STM32L4xx_HAL_Driver/Src/stm32l4xx_hal_rcc_ex.o
                0x00000000080059f4                HAL_RCCEx_PeriphCLKConfig
 .text.HAL_RCCEx_EnableMSIPLLMode
                0x0000000008005fc8       0x20 Drivers/STM32L4xx_HAL_Driver/Src/stm32l4xx_hal_rcc_ex.o
                0x0000000008005fc8                HAL_RCCEx_EnableMSIPLLMode
 .text.RCCEx_PLLSAI1_Config
                0x0000000008005fe8      0x1e8 Drivers/STM32L4xx_HAL_Driver/Src/stm32l4xx_hal_rcc_ex.o
 .text.RCCEx_PLLSAI2_Config
                0x00000000080061d0      0x1bc Drivers/STM32L4xx_HAL_Driver/Src/stm32l4xx_hal_rcc_ex.o
 .text.HAL_RNG_Init
                0x000000000800638c       0xa0 Drivers/STM32L4xx_HAL_Driver/Src/stm32l4xx_hal_rng.o
                0x000000000800638c                HAL_RNG_Init
 .text.HAL_RNG_GenerateRandomNumber
                0x000000000800642c       0x9e Drivers/STM32L4xx_HAL_Driver/Src/stm32l4xx_hal_rng.o
                0x000000000800642c                HAL_RNG_GenerateRandomNumber
 .text.HAL_TIM_Base_Init
                0x00000000080064ca       0xae Drivers/STM32L4xx_HAL_Driver/Src/stm32l4xx_hal_tim.o
                0x00000000080064ca                HAL_TIM_Base_Init
 .text.HAL_TIM_Base_MspInit
                0x0000000008006578       0x14 Drivers/STM32L4xx_HAL_Driver/Src/stm32l4xx_hal_tim.o
                0x0000000008006578                HAL_TIM_Base_MspInit
 .text.HAL_TIM_Base_Start_IT
                0x000000000800658c       0xe0 Drivers/STM32L4xx_HAL_Driver/Src/stm32l4xx_hal_tim.o
                0x000000000800658c                HAL_TIM_Base_Start_IT
 .text.HAL_TIM_IRQHandler
                0x000000000800666c      0x23e Drivers/STM32L4xx_HAL_Driver/Src/stm32l4xx_hal_tim.o
                0x000000000800666c                HAL_TIM_IRQHandler
 .text.HAL_TIM_OC_DelayElapsedCallback
                0x00000000080068aa       0x14 Drivers/STM32L4xx_HAL_Driver/Src/stm32l4xx_hal_tim.o
                0x00000000080068aa                HAL_TIM_OC_DelayElapsedCallback
 .text.HAL_TIM_IC_CaptureCallback
                0x00000000080068be       0x14 Drivers/STM32L4xx_HAL_Driver/Src/stm32l4xx_hal_tim.o
                0x00000000080068be                HAL_TIM_IC_CaptureCallback
 .text.HAL_TIM_PWM_PulseFinishedCallback
                0x00000000080068d2       0x14 Drivers/STM32L4xx_HAL_Driver/Src/stm32l4xx_hal_tim.o
                0x00000000080068d2                HAL_TIM_PWM_PulseFinishedCallback
 .text.HAL_TIM_TriggerCallback
                0x00000000080068e6       0x14 Drivers/STM32L4xx_HAL_Driver/Src/stm32l4xx_hal_tim.o
                0x00000000080068e6                HAL_TIM_TriggerCallback
 *fill*         0x00000000080068fa        0x2 
 .text.TIM_Base_SetConfig
                0x00000000080068fc      0x134 Drivers/STM32L4xx_HAL_Driver/Src/stm32l4xx_hal_tim.o
                0x00000000080068fc                TIM_Base_SetConfig
 .text.HAL_TIMEx_CommutCallback
                0x0000000008006a30       0x14 Drivers/STM32L4xx_HAL_Driver/Src/stm32l4xx_hal_tim_ex.o
                0x0000000008006a30                HAL_TIMEx_CommutCallback
 .text.HAL_TIMEx_BreakCallback
                0x0000000008006a44       0x14 Drivers/STM32L4xx_HAL_Driver/Src/stm32l4xx_hal_tim_ex.o
                0x0000000008006a44                HAL_TIMEx_BreakCallback
 .text.HAL_TIMEx_Break2Callback
                0x0000000008006a58       0x14 Drivers/STM32L4xx_HAL_Driver/Src/stm32l4xx_hal_tim_ex.o
                0x0000000008006a58                HAL_TIMEx_Break2Callback
 .text.HAL_UART_Init
                0x0000000008006a6c       0x9c Drivers/STM32L4xx_HAL_Driver/Src/stm32l4xx_hal_uart.o
                0x0000000008006a6c                HAL_UART_Init
 .text.HAL_UART_Transmit
                0x0000000008006b08      0x128 Drivers/STM32L4xx_HAL_Driver/Src/stm32l4xx_hal_uart.o
                0x0000000008006b08                HAL_UART_Transmit
 .text.UART_SetConfig
                0x0000000008006c30      0x514 Drivers/STM32L4xx_HAL_Driver/Src/stm32l4xx_hal_uart.o
                0x0000000008006c30                UART_SetConfig
 .text.UART_AdvFeatureConfig
                0x0000000008007144      0x144 Drivers/STM32L4xx_HAL_Driver/Src/stm32l4xx_hal_uart.o
                0x0000000008007144                UART_AdvFeatureConfig
 .text.UART_CheckIdleState
                0x0000000008007288       0x92 Drivers/STM32L4xx_HAL_Driver/Src/stm32l4xx_hal_uart.o
                0x0000000008007288                UART_CheckIdleState
 .text.UART_WaitOnFlagUntilTimeout
                0x000000000800731a       0xf8 Drivers/STM32L4xx_HAL_Driver/Src/stm32l4xx_hal_uart.o
                0x000000000800731a                UART_WaitOnFlagUntilTimeout
 .text.USB_CoreInit
                0x0000000008007412       0x58 Drivers/STM32L4xx_HAL_Driver/Src/stm32l4xx_ll_usb.o
                0x0000000008007412                USB_CoreInit
 .text.USB_EnableGlobalInt
                0x000000000800746a       0x22 Drivers/STM32L4xx_HAL_Driver/Src/stm32l4xx_ll_usb.o
                0x000000000800746a                USB_EnableGlobalInt
 .text.USB_DisableGlobalInt
                0x000000000800748c       0x22 Drivers/STM32L4xx_HAL_Driver/Src/stm32l4xx_ll_usb.o
                0x000000000800748c                USB_DisableGlobalInt
 .text.USB_SetCurrentMode
                0x00000000080074ae       0x54 Drivers/STM32L4xx_HAL_Driver/Src/stm32l4xx_ll_usb.o
                0x00000000080074ae                USB_SetCurrentMode
 *fill*         0x0000000008007502        0x2 
 .text.USB_FlushTxFifo
                0x0000000008007504       0x4c Drivers/STM32L4xx_HAL_Driver/Src/stm32l4xx_ll_usb.o
                0x0000000008007504                USB_FlushTxFifo
 .text.USB_FlushRxFifo
                0x0000000008007550       0x44 Drivers/STM32L4xx_HAL_Driver/Src/stm32l4xx_ll_usb.o
                0x0000000008007550                USB_FlushRxFifo
 .text.USB_WritePacket
                0x0000000008007594       0x62 Drivers/STM32L4xx_HAL_Driver/Src/stm32l4xx_ll_usb.o
                0x0000000008007594                USB_WritePacket
 .text.USB_ReadPacket
                0x00000000080075f6       0x52 Drivers/STM32L4xx_HAL_Driver/Src/stm32l4xx_ll_usb.o
                0x00000000080075f6                USB_ReadPacket
 .text.USB_ReadInterrupts
                0x0000000008007648       0x26 Drivers/STM32L4xx_HAL_Driver/Src/stm32l4xx_ll_usb.o
                0x0000000008007648                USB_ReadInterrupts
 .text.USB_GetMode
                0x000000000800766e       0x1c Drivers/STM32L4xx_HAL_Driver/Src/stm32l4xx_ll_usb.o
                0x000000000800766e                USB_GetMode
 *fill*         0x000000000800768a        0x2 
 .text.USB_CoreReset
                0x000000000800768c       0x68 Drivers/STM32L4xx_HAL_Driver/Src/stm32l4xx_ll_usb.o
 .text.USB_HostInit
                0x00000000080076f4       0xfc Drivers/STM32L4xx_HAL_Driver/Src/stm32l4xx_ll_usb.o
                0x00000000080076f4                USB_HostInit
 .text.USB_InitFSLSPClkSel
                0x00000000080077f0       0x74 Drivers/STM32L4xx_HAL_Driver/Src/stm32l4xx_ll_usb.o
                0x00000000080077f0                USB_InitFSLSPClkSel
 .text.USB_ResetPort
                0x0000000008007864       0x54 Drivers/STM32L4xx_HAL_Driver/Src/stm32l4xx_ll_usb.o
                0x0000000008007864                USB_ResetPort
 .text.USB_DriveVbus
                0x00000000080078b8       0x72 Drivers/STM32L4xx_HAL_Driver/Src/stm32l4xx_ll_usb.o
                0x00000000080078b8                USB_DriveVbus
 .text.USB_GetHostSpeed
                0x000000000800792a       0x2e Drivers/STM32L4xx_HAL_Driver/Src/stm32l4xx_ll_usb.o
                0x000000000800792a                USB_GetHostSpeed
 .text.USB_GetCurrentFrame
                0x0000000008007958       0x22 Drivers/STM32L4xx_HAL_Driver/Src/stm32l4xx_ll_usb.o
                0x0000000008007958                USB_GetCurrentFrame
 *fill*         0x000000000800797a        0x2 
 .text.USB_HC_Init
                0x000000000800797c      0x1f0 Drivers/STM32L4xx_HAL_Driver/Src/stm32l4xx_ll_usb.o
                0x000000000800797c                USB_HC_Init
 .text.USB_HC_StartXfer
                0x0000000008007b6c      0x1f0 Drivers/STM32L4xx_HAL_Driver/Src/stm32l4xx_ll_usb.o
                0x0000000008007b6c                USB_HC_StartXfer
 .text.USB_HC_ReadInterrupt
                0x0000000008007d5c       0x22 Drivers/STM32L4xx_HAL_Driver/Src/stm32l4xx_ll_usb.o
                0x0000000008007d5c                USB_HC_ReadInterrupt
 .text.USB_HC_Halt
                0x0000000008007d7e      0x238 Drivers/STM32L4xx_HAL_Driver/Src/stm32l4xx_ll_usb.o
                0x0000000008007d7e                USB_HC_Halt
 .text.USB_StopHost
                0x0000000008007fb6      0x10c Drivers/STM32L4xx_HAL_Driver/Src/stm32l4xx_ll_usb.o
                0x0000000008007fb6                USB_StopHost
 .text.USBH_CDC_InterfaceInit
                0x00000000080080c2      0x2ac Middlewares/ST/STM32_USB_Host_Library/Class/CDC/Src/usbh_cdc.o
 .text.USBH_CDC_InterfaceDeInit
                0x000000000800836e       0xb2 Middlewares/ST/STM32_USB_Host_Library/Class/CDC/Src/usbh_cdc.o
 .text.USBH_CDC_ClassRequest
                0x0000000008008420       0x3e Middlewares/ST/STM32_USB_Host_Library/Class/CDC/Src/usbh_cdc.o
 *fill*         0x000000000800845e        0x2 
 .text.USBH_CDC_Process
                0x0000000008008460      0x12c Middlewares/ST/STM32_USB_Host_Library/Class/CDC/Src/usbh_cdc.o
 .text.USBH_CDC_SOFProcess
                0x000000000800858c       0x16 Middlewares/ST/STM32_USB_Host_Library/Class/CDC/Src/usbh_cdc.o
 .text.GetLineCoding
                0x00000000080085a2       0x3e Middlewares/ST/STM32_USB_Host_Library/Class/CDC/Src/usbh_cdc.o
 .text.SetLineCoding
                0x00000000080085e0       0x3e Middlewares/ST/STM32_USB_Host_Library/Class/CDC/Src/usbh_cdc.o
 .text.CDC_ProcessTransmission
                0x000000000800861e      0x124 Middlewares/ST/STM32_USB_Host_Library/Class/CDC/Src/usbh_cdc.o
 .text.CDC_ProcessReception
                0x0000000008008742       0xd2 Middlewares/ST/STM32_USB_Host_Library/Class/CDC/Src/usbh_cdc.o
 .text.USBH_CDC_TransmitCallback
                0x0000000008008814       0x14 Middlewares/ST/STM32_USB_Host_Library/Class/CDC/Src/usbh_cdc.o
                0x0000000008008814                USBH_CDC_TransmitCallback
 .text.USBH_CDC_ReceiveCallback
                0x0000000008008828       0x14 Middlewares/ST/STM32_USB_Host_Library/Class/CDC/Src/usbh_cdc.o
                0x0000000008008828                USBH_CDC_ReceiveCallback
 .text.USBH_CDC_LineCodingChanged
                0x000000000800883c       0x14 Middlewares/ST/STM32_USB_Host_Library/Class/CDC/Src/usbh_cdc.o
                0x000000000800883c                USBH_CDC_LineCodingChanged
 .text.USBH_Init
                0x0000000008008850       0xc4 Middlewares/ST/STM32_USB_Host_Library/Core/Src/usbh_core.o
                0x0000000008008850                USBH_Init
 .text.DeInitStateMachine
                0x0000000008008914       0xa8 Middlewares/ST/STM32_USB_Host_Library/Core/Src/usbh_core.o
 .text.USBH_RegisterClass
                0x00000000080089bc       0x54 Middlewares/ST/STM32_USB_Host_Library/Core/Src/usbh_core.o
                0x00000000080089bc                USBH_RegisterClass
 .text.USBH_SelectInterface
                0x0000000008008a10       0x38 Middlewares/ST/STM32_USB_Host_Library/Core/Src/usbh_core.o
                0x0000000008008a10                USBH_SelectInterface
 .text.USBH_FindInterface
                0x0000000008008a48       0x8c Middlewares/ST/STM32_USB_Host_Library/Core/Src/usbh_core.o
                0x0000000008008a48                USBH_FindInterface
 .text.USBH_Start
                0x0000000008008ad4       0x20 Middlewares/ST/STM32_USB_Host_Library/Core/Src/usbh_core.o
                0x0000000008008ad4                USBH_Start
 .text.USBH_Process
                0x0000000008008af4      0x4c4 Middlewares/ST/STM32_USB_Host_Library/Core/Src/usbh_core.o
                0x0000000008008af4                USBH_Process
 .text.USBH_HandleEnum
                0x0000000008008fb8      0x458 Middlewares/ST/STM32_USB_Host_Library/Core/Src/usbh_core.o
 .text.USBH_LL_SetTimer
                0x0000000008009410       0x1e Middlewares/ST/STM32_USB_Host_Library/Core/Src/usbh_core.o
                0x0000000008009410                USBH_LL_SetTimer
 .text.USBH_LL_IncTimer
                0x000000000800942e       0x24 Middlewares/ST/STM32_USB_Host_Library/Core/Src/usbh_core.o
                0x000000000800942e                USBH_LL_IncTimer
 .text.USBH_HandleSof
                0x0000000008009452       0x30 Middlewares/ST/STM32_USB_Host_Library/Core/Src/usbh_core.o
 .text.USBH_LL_Connect
                0x0000000008009482       0x46 Middlewares/ST/STM32_USB_Host_Library/Core/Src/usbh_core.o
                0x0000000008009482                USBH_LL_Connect
 .text.USBH_LL_Disconnect
                0x00000000080094c8       0x64 Middlewares/ST/STM32_USB_Host_Library/Core/Src/usbh_core.o
                0x00000000080094c8                USBH_LL_Disconnect
 .text.USBH_Process_OS
                0x000000000800952c       0x2a Middlewares/ST/STM32_USB_Host_Library/Core/Src/usbh_core.o
 .text.USBH_LL_NotifyURBChange
                0x0000000008009556       0x2e Middlewares/ST/STM32_USB_Host_Library/Core/Src/usbh_core.o
                0x0000000008009556                USBH_LL_NotifyURBChange
 .text.USBH_Get_DevDesc
                0x0000000008009584       0x50 Middlewares/ST/STM32_USB_Host_Library/Core/Src/usbh_ctlreq.o
                0x0000000008009584                USBH_Get_DevDesc
 .text.USBH_Get_CfgDesc
                0x00000000080095d4       0x48 Middlewares/ST/STM32_USB_Host_Library/Core/Src/usbh_ctlreq.o
                0x00000000080095d4                USBH_Get_CfgDesc
 .text.USBH_Get_StringDesc
                0x000000000800961c       0x56 Middlewares/ST/STM32_USB_Host_Library/Core/Src/usbh_ctlreq.o
                0x000000000800961c                USBH_Get_StringDesc
 .text.USBH_GetDescriptor
                0x0000000008009672       0x6a Middlewares/ST/STM32_USB_Host_Library/Core/Src/usbh_ctlreq.o
                0x0000000008009672                USBH_GetDescriptor
 .text.USBH_SetAddress
                0x00000000080096dc       0x48 Middlewares/ST/STM32_USB_Host_Library/Core/Src/usbh_ctlreq.o
                0x00000000080096dc                USBH_SetAddress
 .text.USBH_SetCfg
                0x0000000008009724       0x46 Middlewares/ST/STM32_USB_Host_Library/Core/Src/usbh_ctlreq.o
                0x0000000008009724                USBH_SetCfg
 .text.USBH_SetFeature
                0x000000000800976a       0x48 Middlewares/ST/STM32_USB_Host_Library/Core/Src/usbh_ctlreq.o
                0x000000000800976a                USBH_SetFeature
 .text.USBH_ClrFeature
                0x00000000080097b2       0x48 Middlewares/ST/STM32_USB_Host_Library/Core/Src/usbh_ctlreq.o
                0x00000000080097b2                USBH_ClrFeature
 .text.USBH_ParseDevDesc
                0x00000000080097fa       0xe0 Middlewares/ST/STM32_USB_Host_Library/Core/Src/usbh_ctlreq.o
 .text.USBH_ParseCfgDesc
                0x00000000080098da      0x144 Middlewares/ST/STM32_USB_Host_Library/Core/Src/usbh_ctlreq.o
 .text.USBH_ParseInterfaceDesc
                0x0000000008009a1e       0x5e Middlewares/ST/STM32_USB_Host_Library/Core/Src/usbh_ctlreq.o
 .text.USBH_ParseEPDesc
                0x0000000008009a7c       0x5a Middlewares/ST/STM32_USB_Host_Library/Core/Src/usbh_ctlreq.o
 .text.USBH_ParseStringDesc
                0x0000000008009ad6       0x66 Middlewares/ST/STM32_USB_Host_Library/Core/Src/usbh_ctlreq.o
 .text.USBH_GetNextDesc
                0x0000000008009b3c       0x36 Middlewares/ST/STM32_USB_Host_Library/Core/Src/usbh_ctlreq.o
                0x0000000008009b3c                USBH_GetNextDesc
 .text.USBH_CtlReq
                0x0000000008009b72       0xb2 Middlewares/ST/STM32_USB_Host_Library/Core/Src/usbh_ctlreq.o
                0x0000000008009b72                USBH_CtlReq
 .text.USBH_HandleControl
                0x0000000008009c24      0x490 Middlewares/ST/STM32_USB_Host_Library/Core/Src/usbh_ctlreq.o
 .text.USBH_CtlSendSetup
                0x000000000800a0b4       0x34 Middlewares/ST/STM32_USB_Host_Library/Core/Src/usbh_ioreq.o
                0x000000000800a0b4                USBH_CtlSendSetup
 .text.USBH_CtlSendData
                0x000000000800a0e8       0x4a Middlewares/ST/STM32_USB_Host_Library/Core/Src/usbh_ioreq.o
                0x000000000800a0e8                USBH_CtlSendData
 .text.USBH_CtlReceiveData
                0x000000000800a132       0x3c Middlewares/ST/STM32_USB_Host_Library/Core/Src/usbh_ioreq.o
                0x000000000800a132                USBH_CtlReceiveData
 .text.USBH_BulkSendData
                0x000000000800a16e       0x4a Middlewares/ST/STM32_USB_Host_Library/Core/Src/usbh_ioreq.o
                0x000000000800a16e                USBH_BulkSendData
 .text.USBH_BulkReceiveData
                0x000000000800a1b8       0x3c Middlewares/ST/STM32_USB_Host_Library/Core/Src/usbh_ioreq.o
                0x000000000800a1b8                USBH_BulkReceiveData
 .text.USBH_OpenPipe
                0x000000000800a1f4       0x3e Middlewares/ST/STM32_USB_Host_Library/Core/Src/usbh_pipes.o
                0x000000000800a1f4                USBH_OpenPipe
 .text.USBH_ClosePipe
                0x000000000800a232       0x20 Middlewares/ST/STM32_USB_Host_Library/Core/Src/usbh_pipes.o
                0x000000000800a232                USBH_ClosePipe
 .text.USBH_AllocPipe
                0x000000000800a252       0x42 Middlewares/ST/STM32_USB_Host_Library/Core/Src/usbh_pipes.o
                0x000000000800a252                USBH_AllocPipe
 .text.USBH_FreePipe
                0x000000000800a294       0x3c Middlewares/ST/STM32_USB_Host_Library/Core/Src/usbh_pipes.o
                0x000000000800a294                USBH_FreePipe
 .text.USBH_GetFreePipe
                0x000000000800a2d0       0x48 Middlewares/ST/STM32_USB_Host_Library/Core/Src/usbh_pipes.o
 .text.makeFreeRtosPriority
                0x000000000800a318       0x30 Middlewares/Third_Party/FreeRTOS/Source/CMSIS_RTOS/cmsis_os.o
 .text.inHandlerMode
                0x000000000800a348       0x24 Middlewares/Third_Party/FreeRTOS/Source/CMSIS_RTOS/cmsis_os.o
 .text.osKernelStart
                0x000000000800a36c        0xe Middlewares/Third_Party/FreeRTOS/Source/CMSIS_RTOS/cmsis_os.o
                0x000000000800a36c                osKernelStart
 .text.osThreadCreate
                0x000000000800a37a       0x4e Middlewares/Third_Party/FreeRTOS/Source/CMSIS_RTOS/cmsis_os.o
                0x000000000800a37a                osThreadCreate
 .text.osDelay  0x000000000800a3c8       0x28 Middlewares/Third_Party/FreeRTOS/Source/CMSIS_RTOS/cmsis_os.o
                0x000000000800a3c8                osDelay
 .text.osMessageCreate
                0x000000000800a3f0       0x24 Middlewares/Third_Party/FreeRTOS/Source/CMSIS_RTOS/cmsis_os.o
                0x000000000800a3f0                osMessageCreate
 .text.osMessagePut
                0x000000000800a414       0x80 Middlewares/Third_Party/FreeRTOS/Source/CMSIS_RTOS/cmsis_os.o
                0x000000000800a414                osMessagePut
 .text.osMessageGet
                0x000000000800a494       0xe8 Middlewares/Third_Party/FreeRTOS/Source/CMSIS_RTOS/cmsis_os.o
                0x000000000800a494                osMessageGet
 .text.osSystickHandler
                0x000000000800a57c       0x16 Middlewares/Third_Party/FreeRTOS/Source/CMSIS_RTOS/cmsis_os.o
                0x000000000800a57c                osSystickHandler
 .text.vListInitialise
                0x000000000800a592       0x40 Middlewares/Third_Party/FreeRTOS/Source/list.o
                0x000000000800a592                vListInitialise
 .text.vListInitialiseItem
                0x000000000800a5d2       0x1a Middlewares/Third_Party/FreeRTOS/Source/list.o
                0x000000000800a5d2                vListInitialiseItem
 .text.vListInsertEnd
                0x000000000800a5ec       0x48 Middlewares/Third_Party/FreeRTOS/Source/list.o
                0x000000000800a5ec                vListInsertEnd
 .text.vListInsert
                0x000000000800a634       0x72 Middlewares/Third_Party/FreeRTOS/Source/list.o
                0x000000000800a634                vListInsert
 .text.uxListRemove
                0x000000000800a6a6       0x54 Middlewares/Third_Party/FreeRTOS/Source/list.o
                0x000000000800a6a6                uxListRemove
 *fill*         0x000000000800a6fa        0x2 
 .text.xQueueGenericReset
                0x000000000800a6fc       0xd0 Middlewares/Third_Party/FreeRTOS/Source/queue.o
                0x000000000800a6fc                xQueueGenericReset
 .text.xQueueGenericCreate
                0x000000000800a7cc       0x6c Middlewares/Third_Party/FreeRTOS/Source/queue.o
                0x000000000800a7cc                xQueueGenericCreate
 .text.prvInitialiseNewQueue
                0x000000000800a838       0x3e Middlewares/Third_Party/FreeRTOS/Source/queue.o
 .text.prvInitialiseMutex
                0x000000000800a876       0x34 Middlewares/Third_Party/FreeRTOS/Source/queue.o
 .text.xQueueCreateMutex
                0x000000000800a8aa       0x30 Middlewares/Third_Party/FreeRTOS/Source/queue.o
                0x000000000800a8aa                xQueueCreateMutex
 *fill*         0x000000000800a8da        0x2 
 .text.xQueueGenericSend
                0x000000000800a8dc      0x1fc Middlewares/Third_Party/FreeRTOS/Source/queue.o
                0x000000000800a8dc                xQueueGenericSend
 .text.xQueueGenericSendFromISR
                0x000000000800aad8      0x136 Middlewares/Third_Party/FreeRTOS/Source/queue.o
                0x000000000800aad8                xQueueGenericSendFromISR
 *fill*         0x000000000800ac0e        0x2 
 .text.xQueueReceive
                0x000000000800ac10      0x1c0 Middlewares/Third_Party/FreeRTOS/Source/queue.o
                0x000000000800ac10                xQueueReceive
 .text.xQueueSemaphoreTake
                0x000000000800add0      0x218 Middlewares/Third_Party/FreeRTOS/Source/queue.o
                0x000000000800add0                xQueueSemaphoreTake
 .text.xQueueReceiveFromISR
                0x000000000800afe8      0x100 Middlewares/Third_Party/FreeRTOS/Source/queue.o
                0x000000000800afe8                xQueueReceiveFromISR
 .text.uxQueueMessagesWaiting
                0x000000000800b0e8       0x3c Middlewares/Third_Party/FreeRTOS/Source/queue.o
                0x000000000800b0e8                uxQueueMessagesWaiting
 .text.prvGetDisinheritPriorityAfterTimeout
                0x000000000800b124       0x30 Middlewares/Third_Party/FreeRTOS/Source/queue.o
 .text.prvCopyDataToQueue
                0x000000000800b154       0xd4 Middlewares/Third_Party/FreeRTOS/Source/queue.o
 .text.prvCopyDataFromQueue
                0x000000000800b228       0x4c Middlewares/Third_Party/FreeRTOS/Source/queue.o
 .text.prvUnlockQueue
                0x000000000800b274       0xa4 Middlewares/Third_Party/FreeRTOS/Source/queue.o
 .text.prvIsQueueEmpty
                0x000000000800b318       0x2c Middlewares/Third_Party/FreeRTOS/Source/queue.o
 .text.prvIsQueueFull
                0x000000000800b344       0x30 Middlewares/Third_Party/FreeRTOS/Source/queue.o
 .text.xTaskCreate
                0x000000000800b374       0x82 Middlewares/Third_Party/FreeRTOS/Source/tasks.o
                0x000000000800b374                xTaskCreate
 .text.prvInitialiseNewTask
                0x000000000800b3f6      0x10e Middlewares/Third_Party/FreeRTOS/Source/tasks.o
 .text.prvAddNewTaskToReadyList
                0x000000000800b504       0xd4 Middlewares/Third_Party/FreeRTOS/Source/tasks.o
 .text.vTaskDelayUntil
                0x000000000800b5d8       0xfc Middlewares/Third_Party/FreeRTOS/Source/tasks.o
                0x000000000800b5d8                vTaskDelayUntil
 .text.vTaskDelay
                0x000000000800b6d4       0x68 Middlewares/Third_Party/FreeRTOS/Source/tasks.o
                0x000000000800b6d4                vTaskDelay
 .text.vTaskStartScheduler
                0x000000000800b73c       0x90 Middlewares/Third_Party/FreeRTOS/Source/tasks.o
                0x000000000800b73c                vTaskStartScheduler
 .text.vTaskSuspendAll
                0x000000000800b7cc       0x1c Middlewares/Third_Party/FreeRTOS/Source/tasks.o
                0x000000000800b7cc                vTaskSuspendAll
 .text.xTaskResumeAll
                0x000000000800b7e8      0x138 Middlewares/Third_Party/FreeRTOS/Source/tasks.o
                0x000000000800b7e8                xTaskResumeAll
 .text.xTaskGetTickCount
                0x000000000800b920       0x20 Middlewares/Third_Party/FreeRTOS/Source/tasks.o
                0x000000000800b920                xTaskGetTickCount
 .text.xTaskIncrementTick
                0x000000000800b940      0x170 Middlewares/Third_Party/FreeRTOS/Source/tasks.o
                0x000000000800b940                xTaskIncrementTick
 .text.vTaskSwitchContext
                0x000000000800bab0       0xb8 Middlewares/Third_Party/FreeRTOS/Source/tasks.o
                0x000000000800bab0                vTaskSwitchContext
 .text.vTaskPlaceOnEventList
                0x000000000800bb68       0x48 Middlewares/Third_Party/FreeRTOS/Source/tasks.o
                0x000000000800bb68                vTaskPlaceOnEventList
 .text.xTaskRemoveFromEventList
                0x000000000800bbb0       0xc4 Middlewares/Third_Party/FreeRTOS/Source/tasks.o
                0x000000000800bbb0                xTaskRemoveFromEventList
 .text.vTaskInternalSetTimeOutState
                0x000000000800bc74       0x2c Middlewares/Third_Party/FreeRTOS/Source/tasks.o
                0x000000000800bc74                vTaskInternalSetTimeOutState
 .text.xTaskCheckForTimeOut
                0x000000000800bca0       0xc4 Middlewares/Third_Party/FreeRTOS/Source/tasks.o
                0x000000000800bca0                xTaskCheckForTimeOut
 .text.vTaskMissedYield
                0x000000000800bd64       0x18 Middlewares/Third_Party/FreeRTOS/Source/tasks.o
                0x000000000800bd64                vTaskMissedYield
 .text.prvIdleTask
                0x000000000800bd7c       0x34 Middlewares/Third_Party/FreeRTOS/Source/tasks.o
 .text.prvInitialiseTaskLists
                0x000000000800bdb0       0x80 Middlewares/Third_Party/FreeRTOS/Source/tasks.o
 .text.prvCheckTasksWaitingTermination
                0x000000000800be30       0x5c Middlewares/Third_Party/FreeRTOS/Source/tasks.o
 .text.prvDeleteTCB
                0x000000000800be8c       0x20 Middlewares/Third_Party/FreeRTOS/Source/tasks.o
 .text.prvResetNextTaskUnblockTime
                0x000000000800beac       0x40 Middlewares/Third_Party/FreeRTOS/Source/tasks.o
 .text.xTaskGetSchedulerState
                0x000000000800beec       0x3c Middlewares/Third_Party/FreeRTOS/Source/tasks.o
                0x000000000800beec                xTaskGetSchedulerState
 .text.xTaskPriorityInherit
                0x000000000800bf28       0xec Middlewares/Third_Party/FreeRTOS/Source/tasks.o
                0x000000000800bf28                xTaskPriorityInherit
 .text.xTaskPriorityDisinherit
                0x000000000800c014      0x10c Middlewares/Third_Party/FreeRTOS/Source/tasks.o
                0x000000000800c014                xTaskPriorityDisinherit
 .text.vTaskPriorityDisinheritAfterTimeout
                0x000000000800c120      0x11c Middlewares/Third_Party/FreeRTOS/Source/tasks.o
                0x000000000800c120                vTaskPriorityDisinheritAfterTimeout
 .text.pvTaskIncrementMutexHeldCount
                0x000000000800c23c       0x28 Middlewares/Third_Party/FreeRTOS/Source/tasks.o
                0x000000000800c23c                pvTaskIncrementMutexHeldCount
 .text.prvAddCurrentTaskToDelayedList
                0x000000000800c264       0xcc Middlewares/Third_Party/FreeRTOS/Source/tasks.o
 .text.pxPortInitialiseStack
                0x000000000800c330       0x68 Middlewares/Third_Party/FreeRTOS/Source/portable/GCC/ARM_CM4F/port.o
                0x000000000800c330                pxPortInitialiseStack
 .text.prvTaskExitError
                0x000000000800c398       0x58 Middlewares/Third_Party/FreeRTOS/Source/portable/GCC/ARM_CM4F/port.o
 .text.SVC_Handler
                0x000000000800c3f0       0x28 Middlewares/Third_Party/FreeRTOS/Source/portable/GCC/ARM_CM4F/port.o
                0x000000000800c3f0                SVC_Handler
 .text.prvPortStartFirstTask
                0x000000000800c418       0x28 Middlewares/Third_Party/FreeRTOS/Source/portable/GCC/ARM_CM4F/port.o
 .text.xPortStartScheduler
                0x000000000800c440      0x144 Middlewares/Third_Party/FreeRTOS/Source/portable/GCC/ARM_CM4F/port.o
                0x000000000800c440                xPortStartScheduler
 .text.vPortEnterCritical
                0x000000000800c584       0x60 Middlewares/Third_Party/FreeRTOS/Source/portable/GCC/ARM_CM4F/port.o
                0x000000000800c584                vPortEnterCritical
 .text.vPortExitCritical
                0x000000000800c5e4       0x54 Middlewares/Third_Party/FreeRTOS/Source/portable/GCC/ARM_CM4F/port.o
                0x000000000800c5e4                vPortExitCritical
 *fill*         0x000000000800c638        0x8 
 .text.PendSV_Handler
                0x000000000800c640       0x68 Middlewares/Third_Party/FreeRTOS/Source/portable/GCC/ARM_CM4F/port.o
                0x000000000800c640                PendSV_Handler
 .text.xPortSysTickHandler
                0x000000000800c6a8       0x44 Middlewares/Third_Party/FreeRTOS/Source/portable/GCC/ARM_CM4F/port.o
                0x000000000800c6a8                xPortSysTickHandler
 .text.vPortSetupTimerInterrupt
                0x000000000800c6ec       0x48 Middlewares/Third_Party/FreeRTOS/Source/portable/GCC/ARM_CM4F/port.o
                0x000000000800c6ec                vPortSetupTimerInterrupt
 .text.vPortEnableVFP
                0x000000000800c734       0x14 Middlewares/Third_Party/FreeRTOS/Source/portable/GCC/ARM_CM4F/port.o
 .text.vPortValidateInterruptPriority
                0x000000000800c748       0x80 Middlewares/Third_Party/FreeRTOS/Source/portable/GCC/ARM_CM4F/port.o
                0x000000000800c748                vPortValidateInterruptPriority
 .text.pvPortMalloc
                0x000000000800c7c8      0x198 Middlewares/Third_Party/FreeRTOS/Source/portable/MemMang/heap_4.o
                0x000000000800c7c8                pvPortMalloc
 .text.vPortFree
                0x000000000800c960       0xc4 Middlewares/Third_Party/FreeRTOS/Source/portable/MemMang/heap_4.o
                0x000000000800c960                vPortFree
 .text.prvHeapInit
                0x000000000800ca24       0xc4 Middlewares/Third_Party/FreeRTOS/Source/portable/MemMang/heap_4.o
 .text.prvInsertBlockIntoFreeList
                0x000000000800cae8       0xb4 Middlewares/Third_Party/FreeRTOS/Source/portable/MemMang/heap_4.o
 .text.__libc_init_array
                0x000000000800cb9c       0x48 c:/st/stm32cubeide_1.5.1/stm32cubeide/plugins/com.st.stm32cube.ide.mcu.externaltools.gnu-tools-for-stm32.9-2020-q2-update.win32_1.5.0.202011040924/tools/bin/../lib/gcc/arm-none-eabi/9.3.1/../../../../arm-none-eabi/lib/thumb/v7e-m+fp/hard\libc_nano.a(lib_a-init.o)
                0x000000000800cb9c                __libc_init_array
 .text.malloc   0x000000000800cbe4       0x10 c:/st/stm32cubeide_1.5.1/stm32cubeide/plugins/com.st.stm32cube.ide.mcu.externaltools.gnu-tools-for-stm32.9-2020-q2-update.win32_1.5.0.202011040924/tools/bin/../lib/gcc/arm-none-eabi/9.3.1/../../../../arm-none-eabi/lib/thumb/v7e-m+fp/hard\libc_nano.a(lib_a-malloc.o)
                0x000000000800cbe4                malloc
 .text.free     0x000000000800cbf4       0x10 c:/st/stm32cubeide_1.5.1/stm32cubeide/plugins/com.st.stm32cube.ide.mcu.externaltools.gnu-tools-for-stm32.9-2020-q2-update.win32_1.5.0.202011040924/tools/bin/../lib/gcc/arm-none-eabi/9.3.1/../../../../arm-none-eabi/lib/thumb/v7e-m+fp/hard\libc_nano.a(lib_a-malloc.o)
                0x000000000800cbf4                free
 .text.memcpy   0x000000000800cc04       0x1c c:/st/stm32cubeide_1.5.1/stm32cubeide/plugins/com.st.stm32cube.ide.mcu.externaltools.gnu-tools-for-stm32.9-2020-q2-update.win32_1.5.0.202011040924/tools/bin/../lib/gcc/arm-none-eabi/9.3.1/../../../../arm-none-eabi/lib/thumb/v7e-m+fp/hard\libc_nano.a(lib_a-memcpy-stub.o)
                0x000000000800cc04                memcpy
 .text.memset   0x000000000800cc20       0x10 c:/st/stm32cubeide_1.5.1/stm32cubeide/plugins/com.st.stm32cube.ide.mcu.externaltools.gnu-tools-for-stm32.9-2020-q2-update.win32_1.5.0.202011040924/tools/bin/../lib/gcc/arm-none-eabi/9.3.1/../../../../arm-none-eabi/lib/thumb/v7e-m+fp/hard\libc_nano.a(lib_a-memset.o)
                0x000000000800cc20                memset
 .text._free_r  0x000000000800cc30       0xa0 c:/st/stm32cubeide_1.5.1/stm32cubeide/plugins/com.st.stm32cube.ide.mcu.externaltools.gnu-tools-for-stm32.9-2020-q2-update.win32_1.5.0.202011040924/tools/bin/../lib/gcc/arm-none-eabi/9.3.1/../../../../arm-none-eabi/lib/thumb/v7e-m+fp/hard\libc_nano.a(lib_a-nano-freer.o)
                0x000000000800cc30                _free_r
 .text._malloc_r
                0x000000000800ccd0       0xb4 c:/st/stm32cubeide_1.5.1/stm32cubeide/plugins/com.st.stm32cube.ide.mcu.externaltools.gnu-tools-for-stm32.9-2020-q2-update.win32_1.5.0.202011040924/tools/bin/../lib/gcc/arm-none-eabi/9.3.1/../../../../arm-none-eabi/lib/thumb/v7e-m+fp/hard\libc_nano.a(lib_a-nano-mallocr.o)
                0x000000000800ccd0                _malloc_r
 .text._sbrk_r  0x000000000800cd84       0x20 c:/st/stm32cubeide_1.5.1/stm32cubeide/plugins/com.st.stm32cube.ide.mcu.externaltools.gnu-tools-for-stm32.9-2020-q2-update.win32_1.5.0.202011040924/tools/bin/../lib/gcc/arm-none-eabi/9.3.1/../../../../arm-none-eabi/lib/thumb/v7e-m+fp/hard\libc_nano.a(lib_a-sbrkr.o)
                0x000000000800cd84                _sbrk_r
 .text.sprintf  0x000000000800cda4       0x40 c:/st/stm32cubeide_1.5.1/stm32cubeide/plugins/com.st.stm32cube.ide.mcu.externaltools.gnu-tools-for-stm32.9-2020-q2-update.win32_1.5.0.202011040924/tools/bin/../lib/gcc/arm-none-eabi/9.3.1/../../../../arm-none-eabi/lib/thumb/v7e-m+fp/hard\libc_nano.a(lib_a-sprintf.o)
                0x000000000800cda4                siprintf
                0x000000000800cda4                sprintf
 .text.__malloc_lock
                0x000000000800cde4        0xc c:/st/stm32cubeide_1.5.1/stm32cubeide/plugins/com.st.stm32cube.ide.mcu.externaltools.gnu-tools-for-stm32.9-2020-q2-update.win32_1.5.0.202011040924/tools/bin/../lib/gcc/arm-none-eabi/9.3.1/../../../../arm-none-eabi/lib/thumb/v7e-m+fp/hard\libc_nano.a(lib_a-mlock.o)
                0x000000000800cde4                __malloc_lock
 .text.__malloc_unlock
                0x000000000800cdf0        0xc c:/st/stm32cubeide_1.5.1/stm32cubeide/plugins/com.st.stm32cube.ide.mcu.externaltools.gnu-tools-for-stm32.9-2020-q2-update.win32_1.5.0.202011040924/tools/bin/../lib/gcc/arm-none-eabi/9.3.1/../../../../arm-none-eabi/lib/thumb/v7e-m+fp/hard\libc_nano.a(lib_a-mlock.o)
                0x000000000800cdf0                __malloc_unlock
 .text.__ssputs_r
                0x000000000800cdfc       0xb6 c:/st/stm32cubeide_1.5.1/stm32cubeide/plugins/com.st.stm32cube.ide.mcu.externaltools.gnu-tools-for-stm32.9-2020-q2-update.win32_1.5.0.202011040924/tools/bin/../lib/gcc/arm-none-eabi/9.3.1/../../../../arm-none-eabi/lib/thumb/v7e-m+fp/hard\libc_nano.a(lib_a-nano-svfprintf.o)
                0x000000000800cdfc                __ssputs_r
 *fill*         0x000000000800ceb2        0x2 
 .text._svfprintf_r
                0x000000000800ceb4      0x200 c:/st/stm32cubeide_1.5.1/stm32cubeide/plugins/com.st.stm32cube.ide.mcu.externaltools.gnu-tools-for-stm32.9-2020-q2-update.win32_1.5.0.202011040924/tools/bin/../lib/gcc/arm-none-eabi/9.3.1/../../../../arm-none-eabi/lib/thumb/v7e-m+fp/hard\libc_nano.a(lib_a-nano-svfprintf.o)
                0x000000000800ceb4                _svfiprintf_r
                0x000000000800ceb4                _svfprintf_r
 .text._printf_common
                0x000000000800d0b4       0xda c:/st/stm32cubeide_1.5.1/stm32cubeide/plugins/com.st.stm32cube.ide.mcu.externaltools.gnu-tools-for-stm32.9-2020-q2-update.win32_1.5.0.202011040924/tools/bin/../lib/gcc/arm-none-eabi/9.3.1/../../../../arm-none-eabi/lib/thumb/v7e-m+fp/hard\libc_nano.a(lib_a-nano-vfprintf_i.o)
                0x000000000800d0b4                _printf_common
 *fill*         0x000000000800d18e        0x2 
 .text._printf_i
                0x000000000800d190      0x24c c:/st/stm32cubeide_1.5.1/stm32cubeide/plugins/com.st.stm32cube.ide.mcu.externaltools.gnu-tools-for-stm32.9-2020-q2-update.win32_1.5.0.202011040924/tools/bin/../lib/gcc/arm-none-eabi/9.3.1/../../../../arm-none-eabi/lib/thumb/v7e-m+fp/hard\libc_nano.a(lib_a-nano-vfprintf_i.o)
                0x000000000800d190                _printf_i
 .text.__retarget_lock_acquire_recursive
                0x000000000800d3dc        0x2 c:/st/stm32cubeide_1.5.1/stm32cubeide/plugins/com.st.stm32cube.ide.mcu.externaltools.gnu-tools-for-stm32.9-2020-q2-update.win32_1.5.0.202011040924/tools/bin/../lib/gcc/arm-none-eabi/9.3.1/../../../../arm-none-eabi/lib/thumb/v7e-m+fp/hard\libc_nano.a(lib_a-lock.o)
                0x000000000800d3dc                __retarget_lock_acquire_recursive
 .text.__retarget_lock_release_recursive
                0x000000000800d3de        0x2 c:/st/stm32cubeide_1.5.1/stm32cubeide/plugins/com.st.stm32cube.ide.mcu.externaltools.gnu-tools-for-stm32.9-2020-q2-update.win32_1.5.0.202011040924/tools/bin/../lib/gcc/arm-none-eabi/9.3.1/../../../../arm-none-eabi/lib/thumb/v7e-m+fp/hard\libc_nano.a(lib_a-lock.o)
                0x000000000800d3de                __retarget_lock_release_recursive
 .text.memmove  0x000000000800d3e0       0x34 c:/st/stm32cubeide_1.5.1/stm32cubeide/plugins/com.st.stm32cube.ide.mcu.externaltools.gnu-tools-for-stm32.9-2020-q2-update.win32_1.5.0.202011040924/tools/bin/../lib/gcc/arm-none-eabi/9.3.1/../../../../arm-none-eabi/lib/thumb/v7e-m+fp/hard\libc_nano.a(lib_a-memmove.o)
                0x000000000800d3e0                memmove
 .text._realloc_r
                0x000000000800d414       0x4c c:/st/stm32cubeide_1.5.1/stm32cubeide/plugins/com.st.stm32cube.ide.mcu.externaltools.gnu-tools-for-stm32.9-2020-q2-update.win32_1.5.0.202011040924/tools/bin/../lib/gcc/arm-none-eabi/9.3.1/../../../../arm-none-eabi/lib/thumb/v7e-m+fp/hard\libc_nano.a(lib_a-nano-reallocr.o)
                0x000000000800d414                _realloc_r
 .text._malloc_usable_size_r
                0x000000000800d460       0x10 c:/st/stm32cubeide_1.5.1/stm32cubeide/plugins/com.st.stm32cube.ide.mcu.externaltools.gnu-tools-for-stm32.9-2020-q2-update.win32_1.5.0.202011040924/tools/bin/../lib/gcc/arm-none-eabi/9.3.1/../../../../arm-none-eabi/lib/thumb/v7e-m+fp/hard\libc_nano.a(lib_a-nano-msizer.o)
                0x000000000800d460                _malloc_usable_size_r
 .text._sbrk    0x000000000800d470       0x1c c:/st/stm32cubeide_1.5.1/stm32cubeide/plugins/com.st.stm32cube.ide.mcu.externaltools.gnu-tools-for-stm32.9-2020-q2-update.win32_1.5.0.202011040924/tools/bin/../lib/gcc/arm-none-eabi/9.3.1/../../../../arm-none-eabi/lib/thumb/v7e-m+fp/hard\libnosys.a(sbrk.o)
                0x000000000800d470                _sbrk
 *(.glue_7)
 .glue_7        0x000000000800d48c        0x0 linker stubs
 *(.glue_7t)
 .glue_7t       0x000000000800d48c        0x0 linker stubs
 *(.eh_frame)
 .eh_frame      0x000000000800d48c        0x0 c:/st/stm32cubeide_1.5.1/stm32cubeide/plugins/com.st.stm32cube.ide.mcu.externaltools.gnu-tools-for-stm32.9-2020-q2-update.win32_1.5.0.202011040924/tools/bin/../lib/gcc/arm-none-eabi/9.3.1/thumb/v7e-m+fp/hard/crtbegin.o
 *(.init)
 .init          0x000000000800d48c        0x4 c:/st/stm32cubeide_1.5.1/stm32cubeide/plugins/com.st.stm32cube.ide.mcu.externaltools.gnu-tools-for-stm32.9-2020-q2-update.win32_1.5.0.202011040924/tools/bin/../lib/gcc/arm-none-eabi/9.3.1/thumb/v7e-m+fp/hard/crti.o
                0x000000000800d48c                _init
 .init          0x000000000800d490        0x8 c:/st/stm32cubeide_1.5.1/stm32cubeide/plugins/com.st.stm32cube.ide.mcu.externaltools.gnu-tools-for-stm32.9-2020-q2-update.win32_1.5.0.202011040924/tools/bin/../lib/gcc/arm-none-eabi/9.3.1/thumb/v7e-m+fp/hard/crtn.o
 *(.fini)
 .fini          0x000000000800d498        0x4 c:/st/stm32cubeide_1.5.1/stm32cubeide/plugins/com.st.stm32cube.ide.mcu.externaltools.gnu-tools-for-stm32.9-2020-q2-update.win32_1.5.0.202011040924/tools/bin/../lib/gcc/arm-none-eabi/9.3.1/thumb/v7e-m+fp/hard/crti.o
                0x000000000800d498                _fini
 .fini          0x000000000800d49c        0x8 c:/st/stm32cubeide_1.5.1/stm32cubeide/plugins/com.st.stm32cube.ide.mcu.externaltools.gnu-tools-for-stm32.9-2020-q2-update.win32_1.5.0.202011040924/tools/bin/../lib/gcc/arm-none-eabi/9.3.1/thumb/v7e-m+fp/hard/crtn.o
                0x000000000800d4a4                . = ALIGN (0x4)
                0x000000000800d4a4                _etext = .

.vfp11_veneer   0x000000000800d4a4        0x0
 .vfp11_veneer  0x000000000800d4a4        0x0 linker stubs

.v4_bx          0x000000000800d4a4        0x0
 .v4_bx         0x000000000800d4a4        0x0 linker stubs

.iplt           0x000000000800d4a4        0x0
 .iplt          0x000000000800d4a4        0x0 c:/st/stm32cubeide_1.5.1/stm32cubeide/plugins/com.st.stm32cube.ide.mcu.externaltools.gnu-tools-for-stm32.9-2020-q2-update.win32_1.5.0.202011040924/tools/bin/../lib/gcc/arm-none-eabi/9.3.1/thumb/v7e-m+fp/hard/crtbegin.o

.rodata         0x000000000800d4a4      0x3ec
                0x000000000800d4a4                . = ALIGN (0x4)
 *(.rodata)
 .rodata        0x000000000800d4a4      0x2a4 Core/Src/bank.o
 .rodata        0x000000000800d748       0x20 Core/Src/freertos.o
 .rodata        0x000000000800d768       0x12 Core/Src/i2c.o
 *fill*         0x000000000800d77a        0x2 
 .rodata        0x000000000800d77c       0x24 Core/Src/main.o
 .rodata        0x000000000800d7a0       0x12 Core/Src/rng.o
 *fill*         0x000000000800d7b2        0x2 
 .rodata        0x000000000800d7b4       0x14 Core/Src/usart.o
 .rodata        0x000000000800d7c8       0x18 Core/Src/usbh_conf.o
 .rodata        0x000000000800d7e0        0x4 Middlewares/ST/STM32_USB_Host_Library/Class/CDC/Src/usbh_cdc.o
 .rodata        0x000000000800d7e4       0x28 Middlewares/ST/STM32_USB_Host_Library/Core/Src/usbh_core.o
 .rodata        0x000000000800d80c        0x5 Middlewares/Third_Party/FreeRTOS/Source/tasks.o
 *(.rodata*)
 *fill*         0x000000000800d811        0x3 
 .rodata.AHBPrescTable
                0x000000000800d814       0x10 Core/Src/system_stm32l4xx.o
                0x000000000800d814                AHBPrescTable
 .rodata.APBPrescTable
                0x000000000800d824        0x8 Core/Src/system_stm32l4xx.o
                0x000000000800d824                APBPrescTable
 .rodata.MSIRangeTable
                0x000000000800d82c       0x30 Core/Src/system_stm32l4xx.o
                0x000000000800d82c                MSIRangeTable
 .rodata._svfprintf_r.str1.1
                0x000000000800d85c       0x11 c:/st/stm32cubeide_1.5.1/stm32cubeide/plugins/com.st.stm32cube.ide.mcu.externaltools.gnu-tools-for-stm32.9-2020-q2-update.win32_1.5.0.202011040924/tools/bin/../lib/gcc/arm-none-eabi/9.3.1/../../../../arm-none-eabi/lib/thumb/v7e-m+fp/hard\libc_nano.a(lib_a-nano-svfprintf.o)
 .rodata._printf_i.str1.1
                0x000000000800d86d       0x22 c:/st/stm32cubeide_1.5.1/stm32cubeide/plugins/com.st.stm32cube.ide.mcu.externaltools.gnu-tools-for-stm32.9-2020-q2-update.win32_1.5.0.202011040924/tools/bin/../lib/gcc/arm-none-eabi/9.3.1/../../../../arm-none-eabi/lib/thumb/v7e-m+fp/hard\libc_nano.a(lib_a-nano-vfprintf_i.o)
                0x000000000800d890                . = ALIGN (0x4)
 *fill*         0x000000000800d88f        0x1 

.ARM.extab      0x000000000800d890        0x0
                0x000000000800d890                . = ALIGN (0x4)
 *(.ARM.extab* .gnu.linkonce.armextab.*)
                0x000000000800d890                . = ALIGN (0x4)

.ARM            0x000000000800d890        0x8
                0x000000000800d890                . = ALIGN (0x4)
                0x000000000800d890                __exidx_start = .
 *(.ARM.exidx*)
 .ARM.exidx     0x000000000800d890        0x8 c:/st/stm32cubeide_1.5.1/stm32cubeide/plugins/com.st.stm32cube.ide.mcu.externaltools.gnu-tools-for-stm32.9-2020-q2-update.win32_1.5.0.202011040924/tools/bin/../lib/gcc/arm-none-eabi/9.3.1/thumb/v7e-m+fp/hard\libgcc.a(_udivmoddi4.o)
                0x000000000800d898                __exidx_end = .
                0x000000000800d898                . = ALIGN (0x4)

.rel.dyn        0x000000000800d898        0x0
 .rel.iplt      0x000000000800d898        0x0 c:/st/stm32cubeide_1.5.1/stm32cubeide/plugins/com.st.stm32cube.ide.mcu.externaltools.gnu-tools-for-stm32.9-2020-q2-update.win32_1.5.0.202011040924/tools/bin/../lib/gcc/arm-none-eabi/9.3.1/thumb/v7e-m+fp/hard/crtbegin.o

.preinit_array  0x000000000800d898        0x0
                0x000000000800d898                . = ALIGN (0x4)
                0x000000000800d898                PROVIDE (__preinit_array_start = .)
 *(.preinit_array*)
                0x000000000800d898                PROVIDE (__preinit_array_end = .)
                0x000000000800d898                . = ALIGN (0x4)

.init_array     0x000000000800d898        0x4
                0x000000000800d898                . = ALIGN (0x4)
                0x000000000800d898                PROVIDE (__init_array_start = .)
 *(SORT_BY_NAME(.init_array.*))
 *(.init_array*)
 .init_array    0x000000000800d898        0x4 c:/st/stm32cubeide_1.5.1/stm32cubeide/plugins/com.st.stm32cube.ide.mcu.externaltools.gnu-tools-for-stm32.9-2020-q2-update.win32_1.5.0.202011040924/tools/bin/../lib/gcc/arm-none-eabi/9.3.1/thumb/v7e-m+fp/hard/crtbegin.o
                0x000000000800d89c                PROVIDE (__init_array_end = .)
                0x000000000800d89c                . = ALIGN (0x4)

.fini_array     0x000000000800d89c        0x4
                0x000000000800d89c                . = ALIGN (0x4)
                [!provide]                        PROVIDE (__fini_array_start = .)
 *(SORT_BY_NAME(.fini_array.*))
 *(.fini_array*)
 .fini_array    0x000000000800d89c        0x4 c:/st/stm32cubeide_1.5.1/stm32cubeide/plugins/com.st.stm32cube.ide.mcu.externaltools.gnu-tools-for-stm32.9-2020-q2-update.win32_1.5.0.202011040924/tools/bin/../lib/gcc/arm-none-eabi/9.3.1/thumb/v7e-m+fp/hard/crtbegin.o
                [!provide]                        PROVIDE (__fini_array_end = .)
                0x000000000800d8a0                . = ALIGN (0x4)
                0x000000000800d8a0                _sidata = LOADADDR (.data)

.data           0x0000000020000000       0x94 load address 0x000000000800d8a0
                0x0000000020000000                . = ALIGN (0x4)
                0x0000000020000000                _sdata = .
 *(.data)
 *(.data*)
 .data.SystemCoreClock
                0x0000000020000000        0x4 Core/Src/system_stm32l4xx.o
                0x0000000020000000                SystemCoreClock
 .data.uwTickPrio
                0x0000000020000004        0x4 Drivers/STM32L4xx_HAL_Driver/Src/stm32l4xx_hal.o
                0x0000000020000004                uwTickPrio
 .data.uwTickFreq
                0x0000000020000008        0x1 Drivers/STM32L4xx_HAL_Driver/Src/stm32l4xx_hal.o
                0x0000000020000008                uwTickFreq
 *fill*         0x0000000020000009        0x3 
 .data.CDC_Class
                0x000000002000000c       0x20 Middlewares/ST/STM32_USB_Host_Library/Class/CDC/Src/usbh_cdc.o
                0x000000002000000c                CDC_Class
 .data.uxCriticalNesting
                0x000000002000002c        0x4 Middlewares/Third_Party/FreeRTOS/Source/portable/GCC/ARM_CM4F/port.o
 .data._impure_ptr
                0x0000000020000030        0x4 c:/st/stm32cubeide_1.5.1/stm32cubeide/plugins/com.st.stm32cube.ide.mcu.externaltools.gnu-tools-for-stm32.9-2020-q2-update.win32_1.5.0.202011040924/tools/bin/../lib/gcc/arm-none-eabi/9.3.1/../../../../arm-none-eabi/lib/thumb/v7e-m+fp/hard\libc_nano.a(lib_a-impure.o)
                0x0000000020000030                _impure_ptr
 .data.impure_data
                0x0000000020000034       0x60 c:/st/stm32cubeide_1.5.1/stm32cubeide/plugins/com.st.stm32cube.ide.mcu.externaltools.gnu-tools-for-stm32.9-2020-q2-update.win32_1.5.0.202011040924/tools/bin/../lib/gcc/arm-none-eabi/9.3.1/../../../../arm-none-eabi/lib/thumb/v7e-m+fp/hard\libc_nano.a(lib_a-impure.o)
 *(.RamFunc)
 *(.RamFunc*)
                0x0000000020000094                . = ALIGN (0x4)
                0x0000000020000094                _edata = .

.igot.plt       0x0000000020000094        0x0 load address 0x000000000800d934
 .igot.plt      0x0000000020000094        0x0 c:/st/stm32cubeide_1.5.1/stm32cubeide/plugins/com.st.stm32cube.ide.mcu.externaltools.gnu-tools-for-stm32.9-2020-q2-update.win32_1.5.0.202011040924/tools/bin/../lib/gcc/arm-none-eabi/9.3.1/thumb/v7e-m+fp/hard/crtbegin.o
                0x0000000020000094                . = ALIGN (0x4)

.bss            0x0000000020000098     0x324c load address 0x000000000800d934
                0x0000000020000098                _sbss = .
                0x0000000020000098                __bss_start__ = _sbss
 *(.bss)
 .bss           0x0000000020000098       0x1c c:/st/stm32cubeide_1.5.1/stm32cubeide/plugins/com.st.stm32cube.ide.mcu.externaltools.gnu-tools-for-stm32.9-2020-q2-update.win32_1.5.0.202011040924/tools/bin/../lib/gcc/arm-none-eabi/9.3.1/thumb/v7e-m+fp/hard/crtbegin.o
 *(.bss*)
 .bss.idle_timer
                0x00000000200000b4        0x4 Core/Src/main.o
                0x00000000200000b4                idle_timer
 .bss.Appli_state
                0x00000000200000b8        0x1 Core/Src/usb_host.o
                0x00000000200000b8                Appli_state
 *fill*         0x00000000200000b9        0x3 
 .bss.pxCurrentTCB
                0x00000000200000bc        0x4 Middlewares/Third_Party/FreeRTOS/Source/tasks.o
                0x00000000200000bc                pxCurrentTCB
 .bss.pxReadyTasksLists
                0x00000000200000c0       0x8c Middlewares/Third_Party/FreeRTOS/Source/tasks.o
 .bss.xDelayedTaskList1
                0x000000002000014c       0x14 Middlewares/Third_Party/FreeRTOS/Source/tasks.o
 .bss.xDelayedTaskList2
                0x0000000020000160       0x14 Middlewares/Third_Party/FreeRTOS/Source/tasks.o
 .bss.pxDelayedTaskList
                0x0000000020000174        0x4 Middlewares/Third_Party/FreeRTOS/Source/tasks.o
 .bss.pxOverflowDelayedTaskList
                0x0000000020000178        0x4 Middlewares/Third_Party/FreeRTOS/Source/tasks.o
 .bss.xPendingReadyList
                0x000000002000017c       0x14 Middlewares/Third_Party/FreeRTOS/Source/tasks.o
 .bss.xTasksWaitingTermination
                0x0000000020000190       0x14 Middlewares/Third_Party/FreeRTOS/Source/tasks.o
 .bss.uxDeletedTasksWaitingCleanUp
                0x00000000200001a4        0x4 Middlewares/Third_Party/FreeRTOS/Source/tasks.o
 .bss.xSuspendedTaskList
                0x00000000200001a8       0x14 Middlewares/Third_Party/FreeRTOS/Source/tasks.o
 .bss.uxCurrentNumberOfTasks
                0x00000000200001bc        0x4 Middlewares/Third_Party/FreeRTOS/Source/tasks.o
 .bss.xTickCount
                0x00000000200001c0        0x4 Middlewares/Third_Party/FreeRTOS/Source/tasks.o
 .bss.uxTopReadyPriority
                0x00000000200001c4        0x4 Middlewares/Third_Party/FreeRTOS/Source/tasks.o
 .bss.xSchedulerRunning
                0x00000000200001c8        0x4 Middlewares/Third_Party/FreeRTOS/Source/tasks.o
 .bss.xPendedTicks
                0x00000000200001cc        0x4 Middlewares/Third_Party/FreeRTOS/Source/tasks.o
 .bss.xYieldPending
                0x00000000200001d0        0x4 Middlewares/Third_Party/FreeRTOS/Source/tasks.o
 .bss.xNumOfOverflows
                0x00000000200001d4        0x4 Middlewares/Third_Party/FreeRTOS/Source/tasks.o
 .bss.uxTaskNumber
                0x00000000200001d8        0x4 Middlewares/Third_Party/FreeRTOS/Source/tasks.o
 .bss.xNextTaskUnblockTime
                0x00000000200001dc        0x4 Middlewares/Third_Party/FreeRTOS/Source/tasks.o
 .bss.xIdleTaskHandle
                0x00000000200001e0        0x4 Middlewares/Third_Party/FreeRTOS/Source/tasks.o
 .bss.uxSchedulerSuspended
                0x00000000200001e4        0x4 Middlewares/Third_Party/FreeRTOS/Source/tasks.o
 .bss.ucMaxSysCallPriority
                0x00000000200001e8        0x1 Middlewares/Third_Party/FreeRTOS/Source/portable/GCC/ARM_CM4F/port.o
 *fill*         0x00000000200001e9        0x3 
 .bss.ulMaxPRIGROUPValue
                0x00000000200001ec        0x4 Middlewares/Third_Party/FreeRTOS/Source/portable/GCC/ARM_CM4F/port.o
 .bss.ucHeap    0x00000000200001f0     0x2710 Middlewares/Third_Party/FreeRTOS/Source/portable/MemMang/heap_4.o
 .bss.xStart    0x0000000020002900        0x8 Middlewares/Third_Party/FreeRTOS/Source/portable/MemMang/heap_4.o
 .bss.pxEnd     0x0000000020002908        0x4 Middlewares/Third_Party/FreeRTOS/Source/portable/MemMang/heap_4.o
 .bss.xFreeBytesRemaining
                0x000000002000290c        0x4 Middlewares/Third_Party/FreeRTOS/Source/portable/MemMang/heap_4.o
 .bss.xMinimumEverFreeBytesRemaining
                0x0000000020002910        0x4 Middlewares/Third_Party/FreeRTOS/Source/portable/MemMang/heap_4.o
 .bss.xNumberOfSuccessfulAllocations
                0x0000000020002914        0x4 Middlewares/Third_Party/FreeRTOS/Source/portable/MemMang/heap_4.o
 .bss.xNumberOfSuccessfulFrees
                0x0000000020002918        0x4 Middlewares/Third_Party/FreeRTOS/Source/portable/MemMang/heap_4.o
 .bss.xBlockAllocatedBit
                0x000000002000291c        0x4 Middlewares/Third_Party/FreeRTOS/Source/portable/MemMang/heap_4.o
 .bss.__malloc_free_list
                0x0000000020002920        0x4 c:/st/stm32cubeide_1.5.1/stm32cubeide/plugins/com.st.stm32cube.ide.mcu.externaltools.gnu-tools-for-stm32.9-2020-q2-update.win32_1.5.0.202011040924/tools/bin/../lib/gcc/arm-none-eabi/9.3.1/../../../../arm-none-eabi/lib/thumb/v7e-m+fp/hard\libc_nano.a(lib_a-nano-mallocr.o)
                0x0000000020002920                __malloc_free_list
 .bss.__malloc_sbrk_start
                0x0000000020002924        0x4 c:/st/stm32cubeide_1.5.1/stm32cubeide/plugins/com.st.stm32cube.ide.mcu.externaltools.gnu-tools-for-stm32.9-2020-q2-update.win32_1.5.0.202011040924/tools/bin/../lib/gcc/arm-none-eabi/9.3.1/../../../../arm-none-eabi/lib/thumb/v7e-m+fp/hard\libc_nano.a(lib_a-nano-mallocr.o)
                0x0000000020002924                __malloc_sbrk_start
 .bss.heap_end.5507
                0x0000000020002928        0x4 c:/st/stm32cubeide_1.5.1/stm32cubeide/plugins/com.st.stm32cube.ide.mcu.externaltools.gnu-tools-for-stm32.9-2020-q2-update.win32_1.5.0.202011040924/tools/bin/../lib/gcc/arm-none-eabi/9.3.1/../../../../arm-none-eabi/lib/thumb/v7e-m+fp/hard\libnosys.a(sbrk.o)
 *(COMMON)
 *fill*         0x000000002000292c        0x4 
 COMMON         0x0000000020002930      0x108 Core/Src/bank.o
                0x0000000020002930                current_time
                0x0000000020002938                metrics
                0x00000000200029c8                id
                0x00000000200029d4                metric_mutex
                0x00000000200029d8                HAL_mutex
                0x00000000200029dc                bank
                0x0000000020002a34                start
 COMMON         0x0000000020002a38        0x4 Core/Src/freertos.o
                0x0000000020002a38                defaultTaskHandle
 COMMON         0x0000000020002a3c       0x98 Core/Src/i2c.o
                0x0000000020002a3c                hi2c1
                0x0000000020002a88                hi2c2
 COMMON         0x0000000020002ad4       0x32 Core/Src/main.o
                0x0000000020002ad4                err_msg
 *fill*         0x0000000020002b06        0x2 
 COMMON         0x0000000020002b08       0x10 Core/Src/rng.o
                0x0000000020002b08                hrng
 COMMON         0x0000000020002b18       0x4c Core/Src/stm32l4xx_hal_timebase_TIM.o
                0x0000000020002b18                htim5
 COMMON         0x0000000020002b64       0x84 Core/Src/usart.o
                0x0000000020002b64                huart2
 COMMON         0x0000000020002be8      0x3e4 Core/Src/usb_host.o
                0x0000000020002be8                hUsbHostFS
 COMMON         0x0000000020002fcc      0x304 Core/Src/usbh_conf.o
                0x0000000020002fcc                hhcd_USB_OTG_FS
 COMMON         0x00000000200032d0        0x4 Drivers/STM32L4xx_HAL_Driver/Src/stm32l4xx_hal.o
                0x00000000200032d0                uwTick
 COMMON         0x00000000200032d4        0x4 c:/st/stm32cubeide_1.5.1/stm32cubeide/plugins/com.st.stm32cube.ide.mcu.externaltools.gnu-tools-for-stm32.9-2020-q2-update.win32_1.5.0.202011040924/tools/bin/../lib/gcc/arm-none-eabi/9.3.1/../../../../arm-none-eabi/lib/thumb/v7e-m+fp/hard\libc_nano.a(lib_a-reent.o)
                0x00000000200032d4                errno
 COMMON         0x00000000200032d8        0x9 c:/st/stm32cubeide_1.5.1/stm32cubeide/plugins/com.st.stm32cube.ide.mcu.externaltools.gnu-tools-for-stm32.9-2020-q2-update.win32_1.5.0.202011040924/tools/bin/../lib/gcc/arm-none-eabi/9.3.1/../../../../arm-none-eabi/lib/thumb/v7e-m+fp/hard\libc_nano.a(lib_a-lock.o)
                0x00000000200032d8                __lock___atexit_recursive_mutex
                0x00000000200032d9                __lock___arc4random_mutex
                0x00000000200032da                __lock___env_recursive_mutex
                0x00000000200032db                __lock___sinit_recursive_mutex
                0x00000000200032dc                __lock___malloc_recursive_mutex
                0x00000000200032dd                __lock___at_quick_exit_mutex
                0x00000000200032de                __lock___dd_hash_mutex
                0x00000000200032df                __lock___tz_mutex
                0x00000000200032e0                __lock___sfp_recursive_mutex
                0x00000000200032e4                . = ALIGN (0x4)
 *fill*         0x00000000200032e1        0x3 
                0x00000000200032e4                _ebss = .
                0x00000000200032e4                __bss_end__ = _ebss

._user_heap_stack
                0x00000000200032e4      0x604 load address 0x000000000800d934
                0x00000000200032e8                . = ALIGN (0x8)