stm32l476g_discovery_gyroscope.c:103:9:BSP_GYRO_Init	24	static
stm32l476g_discovery_gyroscope.c:161:6:BSP_GYRO_DeInit	8	static
stm32l476g_discovery_gyroscope.c:171:6:BSP_GYRO_LowPower	24	static
stm32l476g_discovery_gyroscope.c:191:9:BSP_GYRO_ReadID	16	static
stm32l476g_discovery_gyroscope.c:206:6:BSP_GYRO_Reset	8	static
stm32l476g_discovery_gyroscope.c:220:6:BSP_GYRO_ITConfig	24	static
stm32l476g_discovery_gyroscope.c:244:6:BSP_GYRO_EnableIT	16	static
stm32l476g_discovery_gyroscope.c:260:6:BSP_GYRO_DisableIT	16	static
stm32l476g_discovery_gyroscope.c:273:6:BSP_GYRO_GetXYZ	16	static
