stm32l476g_discovery.c:667:16:SPIx_WriteRead	0	static
stm32l476g_discovery.c:697:13:SPIx_Write	0	static
stm32l476g_discovery.c:721:16:SPIx_Read	0	static,ignoring_inline_asm
stm32l476g_discovery.c:576:13:SPIx_Init	40	static
stm32l476g_discovery.c:632:6:SPIx_DeInit	16	static
stm32l476g_discovery.c:939:13:I2C2_Init	192	static
stm32l476g_discovery.c:1151:13:I2C2_Error	8	static
stm32l476g_discovery.c:755:13:I2C1_Init	200	static
stm32l476g_discovery.c:291:10:BSP_GetVersion	0	static
stm32l476g_discovery.c:303:20:BSP_SupplyModeDetection	32	static
stm32l476g_discovery.c:351:6:BSP_LED_Init	48	static
stm32l476g_discovery.c:388:6:BSP_LED_DeInit	8	static
stm32l476g_discovery.c:415:6:BSP_LED_On	0	static
stm32l476g_discovery.c:439:6:BSP_LED_Off	0	static
stm32l476g_discovery.c:463:6:BSP_LED_Toggle	0	static
stm32l476g_discovery.c:477:9:BSP_JOY_Init	80	static
stm32l476g_discovery.c:517:6:BSP_JOY_DeInit	48	static
stm32l476g_discovery.c:542:18:BSP_JOY_GetState	24	static
stm32l476g_discovery.c:1171:6:ACCELERO_IO_Init	32	static
stm32l476g_discovery.c:1193:6:ACCELERO_IO_DeInit	32	static
stm32l476g_discovery.c:1216:6:ACCELERO_IO_ITConfig	0	static
stm32l476g_discovery.c:1226:6:ACCELERO_IO_Write	16	static
stm32l476g_discovery.c:1241:9:ACCELERO_IO_Read	16	static
stm32l476g_discovery.c:1258:6:MAGNETO_IO_Init	32	static
stm32l476g_discovery.c:1280:6:MAGNETO_IO_DeInit	32	static
stm32l476g_discovery.c:1308:6:MAGNETO_IO_Write	16	static
stm32l476g_discovery.c:1323:9:MAGNETO_IO_Read	16	static
stm32l476g_discovery.c:1339:6:GYRO_IO_Init	64	static
stm32l476g_discovery.c:1403:6:GYRO_IO_DeInit	48	static
stm32l476g_discovery.c:1436:6:GYRO_IO_Write	16	static
stm32l476g_discovery.c:1472:6:GYRO_IO_Read	16	static
stm32l476g_discovery.c:1508:6:MFX_IO_Init	0	static
stm32l476g_discovery.c:1517:6:MFX_IO_DeInit	56	static
stm32l476g_discovery.c:1544:6:MFX_IO_ITConfig	32	static
stm32l476g_discovery.c:1567:6:MFX_IO_EnableWakeupPin	32	static
stm32l476g_discovery.c:1586:6:MFX_IO_Wakeup	8	static
stm32l476g_discovery.c:1605:6:MFX_IO_Write	32	static
stm32l476g_discovery.c:1616:9:MFX_IO_Read	32	static
stm32l476g_discovery.c:1629:10:MFX_IO_ReadMultiple	24	static
stm32l476g_discovery.c:1642:6:MFX_IO_WriteMultiple	24	static
stm32l476g_discovery.c:1652:6:MFX_IO_Delay	0	static
stm32l476g_discovery.c:1663:6:AUDIO_IO_Init	48	static
stm32l476g_discovery.c:1697:6:AUDIO_IO_DeInit	56	static
stm32l476g_discovery.c:1728:6:AUDIO_IO_Write	32	static
stm32l476g_discovery.c:1739:9:AUDIO_IO_Read	32	static
stm32l476g_discovery.c:1753:6:AUDIO_IO_Delay	0	static
