freertos.c:178:6:printBytes	16	static
freertos.c:184:6:HAL_UART_TxCpltCallback	24	static,ignoring_inline_asm
freertos.c:191:6:TransmitTask	24	static
freertos.c:199:6:usart_write_data_string	2016	static
freertos.c:208:9:get_opcode	16	static
freertos.c:212:9:get_parameter	16	static
freertos.c:216:10:get_current_time	16	static
freertos.c:225:10:calculate_delay	24	static
freertos.c:237:10:move_motor	32	static
freertos.c:257:21:get_instruction	24	static
freertos.c:264:5:instruction_in_bounds	16	static
freertos.c:268:5:parse_cmd	56	static
freertos.c:325:6:run_recipe	40	static
freertos.c:439:6:HAL_UART_RxCpltCallback	24	static,ignoring_inline_asm
freertos.c:448:6:ReceiveTask	40	static
freertos.c:484:5:check_for_continuation	24	static
freertos.c:491:5:stop	24	static
freertos.c:501:6:delay	24	static
freertos.c:506:6:start_timer	16	static
freertos.c:515:6:start_timers	16	static
freertos.c:521:6:stop_timer	16	static
freertos.c:530:6:stop_timers	16	static
freertos.c:536:10:get_current_measurement	16	static
freertos.c:545:6:increment_recipe	16	static
freertos.c:554:6:reset_servo	32	static
freertos.c:573:6:reset_all_servos	24	static
freertos.c:581:5:servo_ready	24	static
freertos.c:593:5:some_servo_inactive	24	static
freertos.c:604:5:both_servos_inactive_or_paused	24	static
freertos.c:619:5:is_valid	16	static
freertos.c:674:13:configureTimerForRunTimeStats	4	static
freertos.c:679:22:getRunTimeCounterValue	4	static
freertos.c:690:6:MX_FREERTOS_Init	24	static
freertos.c:786:6:StartDefaultTask	16	static
