Archive member included to satisfy reference by file (symbol)

c:/st/stm32cubeide_1.5.1/stm32cubeide/plugins/com.st.stm32cube.ide.mcu.externaltools.gnu-tools-for-stm32.9-2020-q2-update.win32_1.5.0.202011040924/tools/bin/../lib/gcc/arm-none-eabi/9.3.1/../../../../arm-none-eabi/lib/thumb/v7e-m+fp/hard\libc_nano.a(lib_a-errno.o)
                              Core/Src/syscalls.o (__errno)
c:/st/stm32cubeide_1.5.1/stm32cubeide/plugins/com.st.stm32cube.ide.mcu.externaltools.gnu-tools-for-stm32.9-2020-q2-update.win32_1.5.0.202011040924/tools/bin/../lib/gcc/arm-none-eabi/9.3.1/../../../../arm-none-eabi/lib/thumb/v7e-m+fp/hard\libc_nano.a(lib_a-exit.o)
                              c:/st/stm32cubeide_1.5.1/stm32cubeide/plugins/com.st.stm32cube.ide.mcu.externaltools.gnu-tools-for-stm32.9-2020-q2-update.win32_1.5.0.202011040924/tools/bin/../lib/gcc/arm-none-eabi/9.3.1/../../../../arm-none-eabi/lib/thumb/v7e-m+fp/hard/crt0.o (exit)
c:/st/stm32cubeide_1.5.1/stm32cubeide/plugins/com.st.stm32cube.ide.mcu.externaltools.gnu-tools-for-stm32.9-2020-q2-update.win32_1.5.0.202011040924/tools/bin/../lib/gcc/arm-none-eabi/9.3.1/../../../../arm-none-eabi/lib/thumb/v7e-m+fp/hard\libc_nano.a(lib_a-impure.o)
                              c:/st/stm32cubeide_1.5.1/stm32cubeide/plugins/com.st.stm32cube.ide.mcu.externaltools.gnu-tools-for-stm32.9-2020-q2-update.win32_1.5.0.202011040924/tools/bin/../lib/gcc/arm-none-eabi/9.3.1/../../../../arm-none-eabi/lib/thumb/v7e-m+fp/hard\libc_nano.a(lib_a-exit.o) (_global_impure_ptr)
c:/st/stm32cubeide_1.5.1/stm32cubeide/plugins/com.st.stm32cube.ide.mcu.externaltools.gnu-tools-for-stm32.9-2020-q2-update.win32_1.5.0.202011040924/tools/bin/../lib/gcc/arm-none-eabi/9.3.1/../../../../arm-none-eabi/lib/thumb/v7e-m+fp/hard\libc_nano.a(lib_a-init.o)
                              c:/st/stm32cubeide_1.5.1/stm32cubeide/plugins/com.st.stm32cube.ide.mcu.externaltools.gnu-tools-for-stm32.9-2020-q2-update.win32_1.5.0.202011040924/tools/bin/../lib/gcc/arm-none-eabi/9.3.1/../../../../arm-none-eabi/lib/thumb/v7e-m+fp/hard/crt0.o (__libc_init_array)
c:/st/stm32cubeide_1.5.1/stm32cubeide/plugins/com.st.stm32cube.ide.mcu.externaltools.gnu-tools-for-stm32.9-2020-q2-update.win32_1.5.0.202011040924/tools/bin/../lib/gcc/arm-none-eabi/9.3.1/../../../../arm-none-eabi/lib/thumb/v7e-m+fp/hard\libc_nano.a(lib_a-memcpy-stub.o)
                              Middlewares/Third_Party/FreeRTOS/Source/CMSIS_RTOS_V2/cmsis_os2.o (memcpy)
c:/st/stm32cubeide_1.5.1/stm32cubeide/plugins/com.st.stm32cube.ide.mcu.externaltools.gnu-tools-for-stm32.9-2020-q2-update.win32_1.5.0.202011040924/tools/bin/../lib/gcc/arm-none-eabi/9.3.1/../../../../arm-none-eabi/lib/thumb/v7e-m+fp/hard\libc_nano.a(lib_a-memset.o)
                              c:/st/stm32cubeide_1.5.1/stm32cubeide/plugins/com.st.stm32cube.ide.mcu.externaltools.gnu-tools-for-stm32.9-2020-q2-update.win32_1.5.0.202011040924/tools/bin/../lib/gcc/arm-none-eabi/9.3.1/../../../../arm-none-eabi/lib/thumb/v7e-m+fp/hard/crt0.o (memset)
c:/st/stm32cubeide_1.5.1/stm32cubeide/plugins/com.st.stm32cube.ide.mcu.externaltools.gnu-tools-for-stm32.9-2020-q2-update.win32_1.5.0.202011040924/tools/bin/../lib/gcc/arm-none-eabi/9.3.1/../../../../arm-none-eabi/lib/thumb/v7e-m+fp/hard\libc_nano.a(lib_a-sprintf.o)
                              Middlewares/Third_Party/FreeRTOS/Source/tasks.o (sprintf)
c:/st/stm32cubeide_1.5.1/stm32cubeide/plugins/com.st.stm32cube.ide.mcu.externaltools.gnu-tools-for-stm32.9-2020-q2-update.win32_1.5.0.202011040924/tools/bin/../lib/gcc/arm-none-eabi/9.3.1/../../../../arm-none-eabi/lib/thumb/v7e-m+fp/hard\libc_nano.a(lib_a-strcpy.o)
                              Middlewares/Third_Party/FreeRTOS/Source/tasks.o (strcpy)
c:/st/stm32cubeide_1.5.1/stm32cubeide/plugins/com.st.stm32cube.ide.mcu.externaltools.gnu-tools-for-stm32.9-2020-q2-update.win32_1.5.0.202011040924/tools/bin/../lib/gcc/arm-none-eabi/9.3.1/../../../../arm-none-eabi/lib/thumb/v7e-m+fp/hard\libc_nano.a(lib_a-strlen.o)
                              Core/Src/freertos.o (strlen)
c:/st/stm32cubeide_1.5.1/stm32cubeide/plugins/com.st.stm32cube.ide.mcu.externaltools.gnu-tools-for-stm32.9-2020-q2-update.win32_1.5.0.202011040924/tools/bin/../lib/gcc/arm-none-eabi/9.3.1/../../../../arm-none-eabi/lib/thumb/v7e-m+fp/hard\libc_nano.a(lib_a-strpbrk.o)
                              Core/Src/freertos.o (strpbrk)
c:/st/stm32cubeide_1.5.1/stm32cubeide/plugins/com.st.stm32cube.ide.mcu.externaltools.gnu-tools-for-stm32.9-2020-q2-update.win32_1.5.0.202011040924/tools/bin/../lib/gcc/arm-none-eabi/9.3.1/../../../../arm-none-eabi/lib/thumb/v7e-m+fp/hard\libc_nano.a(lib_a-vsprintf.o)
                              Core/Src/freertos.o (vsprintf)
c:/st/stm32cubeide_1.5.1/stm32cubeide/plugins/com.st.stm32cube.ide.mcu.externaltools.gnu-tools-for-stm32.9-2020-q2-update.win32_1.5.0.202011040924/tools/bin/../lib/gcc/arm-none-eabi/9.3.1/../../../../arm-none-eabi/lib/thumb/v7e-m+fp/hard\libc_nano.a(lib_a-nano-svfprintf.o)
[...]
Memory Configuration

Name             Origin             Length             Attributes
RAM              0x0000000020000000 0x0000000000018000 xrw
RAM2             0x0000000010000000 0x0000000000008000 xrw
FLASH            0x0000000008000000 0x0000000000100000 xr
*default*        0x0000000000000000 0xffffffffffffffff

Linker script and memory map

LOAD c:/st/stm32cubeide_1.5.1/stm32cubeide/plugins/com.st.stm32cube.ide.mcu.externaltools.gnu-tools-for-stm32.9-2020-q2-update.win32_1.5.0.202011040924/tools/bin/../lib/gcc/arm-none-eabi/9.3.1/thumb/v7e-m+fp/hard/crti.o
LOAD c:/st/stm32cubeide_1.5.1/stm32cubeide/plugins/com.st.stm32cube.ide.mcu.externaltools.gnu-tools-for-stm32.9-2020-q2-update.win32_1.5.0.202011040924/tools/bin/../lib/gcc/arm-none-eabi/9.3.1/thumb/v7e-m+fp/hard/crtbegin.o
LOAD c:/st/stm32cubeide_1.5.1/stm32cubeide/plugins/com.st.stm32cube.ide.mcu.externaltools.gnu-tools-for-stm32.9-2020-q2-update.win32_1.5.0.202011040924/tools/bin/../lib/gcc/arm-none-eabi/9.3.1/../../../../arm-none-eabi/lib/thumb/v7e-m+fp/hard/crt0.o
LOAD Core/Src/SysClock.o
LOAD Core/Src/freertos.o
LOAD Core/Src/gpio.o
LOAD Core/Src/main.o
LOAD Core/Src/stm32l4xx_hal_msp.o
LOAD Core/Src/stm32l4xx_hal_timebase_tim.o
LOAD Core/Src/stm32l4xx_it.o
LOAD Core/Src/syscalls.o
LOAD Core/Src/sysmem.o
LOAD Core/Src/system_stm32l4xx.o
LOAD Core/Src/tim.o
LOAD Core/Src/usart.o
LOAD Core/Startup/startup_stm32l476vgtx.o
LOAD Drivers/STM32L4xx_HAL_Driver/Src/stm32l4xx_hal.o
LOAD Drivers/STM32L4xx_HAL_Driver/Src/stm32l4xx_hal_cortex.o
LOAD Drivers/STM32L4xx_HAL_Driver/Src/stm32l4xx_hal_dma.o
LOAD Drivers/STM32L4xx_HAL_Driver/Src/stm32l4xx_hal_dma_ex.o
LOAD Drivers/STM32L4xx_HAL_Driver/Src/stm32l4xx_hal_exti.o
LOAD Drivers/STM32L4xx_HAL_Driver/Src/stm32l4xx_hal_flash.o
LOAD Drivers/STM32L4xx_HAL_Driver/Src/stm32l4xx_hal_flash_ex.o
LOAD Drivers/STM32L4xx_HAL_Driver/Src/stm32l4xx_hal_flash_ramfunc.o
LOAD Drivers/STM32L4xx_HAL_Driver/Src/stm32l4xx_hal_gpio.o
LOAD Drivers/STM32L4xx_HAL_Driver/Src/stm32l4xx_hal_i2c.o
LOAD Drivers/STM32L4xx_HAL_Driver/Src/stm32l4xx_hal_i2c_ex.o
LOAD Drivers/STM32L4xx_HAL_Driver/Src/stm32l4xx_hal_pwr.o
LOAD Drivers/STM32L4xx_HAL_Driver/Src/stm32l4xx_hal_pwr_ex.o
LOAD Drivers/STM32L4xx_HAL_Driver/Src/stm32l4xx_hal_rcc.o
LOAD Drivers/STM32L4xx_HAL_Driver/Src/stm32l4xx_hal_rcc_ex.o
LOAD Drivers/STM32L4xx_HAL_Driver/Src/stm32l4xx_hal_tim.o
LOAD Drivers/STM32L4xx_HAL_Driver/Src/stm32l4xx_hal_tim_ex.o
LOAD Drivers/STM32L4xx_HAL_Driver/Src/stm32l4xx_hal_uart.o
LOAD Drivers/STM32L4xx_HAL_Driver/Src/stm32l4xx_hal_uart_ex.o
LOAD Middlewares/Third_Party/FreeRTOS/Source/CMSIS_RTOS_V2/cmsis_os2.o
LOAD Middlewares/Third_Party/FreeRTOS/Source/croutine.o
LOAD Middlewares/Third_Party/FreeRTOS/Source/event_groups.o
LOAD Middlewares/Third_Party/FreeRTOS/Source/list.o
LOAD Middlewares/Third_Party/FreeRTOS/Source/queue.o
LOAD Middlewares/Third_Party/FreeRTOS/Source/stream_buffer.o
LOAD Middlewares/Third_Party/FreeRTOS/Source/tasks.o
LOAD Middlewares/Third_Party/FreeRTOS/Source/timers.o
LOAD Middlewares/Third_Party/FreeRTOS/Source/portable/GCC/ARM_CM4F/port.o
LOAD Middlewares/Third_Party/FreeRTOS/Source/portable/MemMang/heap_4.o
START GROUP
LOAD c:/st/stm32cubeide_1.5.1/stm32cubeide/plugins/com.st.stm32cube.ide.mcu.externaltools.gnu-tools-for-stm32.9-2020-q2-update.win32_1.5.0.202011040924/tools/bin/../lib/gcc/arm-none-eabi/9.3.1/../../../../arm-none-eabi/lib/thumb/v7e-m+fp/hard\libc_nano.a
LOAD c:/st/stm32cubeide_1.5.1/stm32cubeide/plugins/com.st.stm32cube.ide.mcu.externaltools.gnu-tools-for-stm32.9-2020-q2-update.win32_1.5.0.202011040924/tools/bin/../lib/gcc/arm-none-eabi/9.3.1/../../../../arm-none-eabi/lib/thumb/v7e-m+fp/hard\libm.a
END GROUP
START GROUP
LOAD c:/st/stm32cubeide_1.5.1/stm32cubeide/plugins/com.st.stm32cube.ide.mcu.externaltools.gnu-tools-for-stm32.9-2020-q2-update.win32_1.5.0.202011040924/tools/bin/../lib/gcc/arm-none-eabi/9.3.1/thumb/v7e-m+fp/hard\libgcc.a
LOAD c:/st/stm32cubeide_1.5.1/stm32cubeide/plugins/com.st.stm32cube.ide.mcu.externaltools.gnu-tools-for-stm32.9-2020-q2-update.win32_1.5.0.202011040924/tools/bin/../lib/gcc/arm-none-eabi/9.3.1/../../../../arm-none-eabi/lib/thumb/v7e-m+fp/hard\libc_nano.a
END GROUP
START GROUP
LOAD c:/st/stm32cubeide_1.5.1/stm32cubeide/plugins/com.st.stm32cube.ide.mcu.externaltools.gnu-tools-for-stm32.9-2020-q2-update.win32_1.5.0.202011040924/tools/bin/../lib/gcc/arm-none-eabi/9.3.1/thumb/v7e-m+fp/hard\libgcc.a
LOAD c:/st/stm32cubeide_1.5.1/stm32cubeide/plugins/com.st.stm32cube.ide.mcu.externaltools.gnu-tools-for-stm32.9-2020-q2-update.win32_1.5.0.202011040924/tools/bin/../lib/gcc/arm-none-eabi/9.3.1/../../../../arm-none-eabi/lib/thumb/v7e-m+fp/hard\libc_nano.a
LOAD c:/st/stm32cubeide_1.5.1/stm32cubeide/plugins/com.st.stm32cube.ide.mcu.externaltools.gnu-tools-for-stm32.9-2020-q2-update.win32_1.5.0.202011040924/tools/bin/../lib/gcc/arm-none-eabi/9.3.1/../../../../arm-none-eabi/lib/thumb/v7e-m+fp/hard\libnosys.a
END GROUP
START GROUP
LOAD c:/st/stm32cubeide_1.5.1/stm32cubeide/plugins/com.st.stm32cube.ide.mcu.externaltools.gnu-tools-for-stm32.9-2020-q2-update.win32_1.5.0.202011040924/tools/bin/../lib/gcc/arm-none-eabi/9.3.1/thumb/v7e-m+fp/hard\libgcc.a
LOAD c:/st/stm32cubeide_1.5.1/stm32cubeide/plugins/com.st.stm32cube.ide.mcu.externaltools.gnu-tools-for-stm32.9-2020-q2-update.win32_1.5.0.202011040924/tools/bin/../lib/gcc/arm-none-eabi/9.3.1/../../../../arm-none-eabi/lib/thumb/v7e-m+fp/hard\libc_nano.a
LOAD c:/st/stm32cubeide_1.5.1/stm32cubeide/plugins/com.st.stm32cube.ide.mcu.externaltools.gnu-tools-for-stm32.9-2020-q2-update.win32_1.5.0.202011040924/tools/bin/../lib/gcc/arm-none-eabi/9.3.1/../../../../arm-none-eabi/lib/thumb/v7e-m+fp/hard\libnosys.a
END GROUP
LOAD c:/st/stm32cubeide_1.5.1/stm32cubeide/plugins/com.st.stm32cube.ide.mcu.externaltools.gnu-tools-for-stm32.9-2020-q2-update.win32_1.5.0.202011040924/tools/bin/../lib/gcc/arm-none-eabi/9.3.1/thumb/v7e-m+fp/hard/crtend.o
LOAD c:/st/stm32cubeide_1.5.1/stm32cubeide/plugins/com.st.stm32cube.ide.mcu.externaltools.gnu-tools-for-stm32.9-2020-q2-update.win32_1.5.0.202011040924/tools/bin/../lib/gcc/arm-none-eabi/9.3.1/thumb/v7e-m+fp/hard/crtn.o
                0x0000000020018000                _estack = (ORIGIN (RAM) + LENGTH (RAM))
                0x0000000000000200                _Min_Heap_Size = 0x200
                0x0000000000000400                _Min_Stack_Size = 0x400

.isr_vector     0x0000000008000000      0x188
                0x0000000008000000                . = ALIGN (0x4)
 *(.isr_vector)
 .isr_vector    0x0000000008000000      0x188 Core/Startup/startup_stm32l476vgtx.o
                0x0000000008000000                g_pfnVectors
                0x0000000008000188                . = ALIGN (0x4)

.text           0x0000000008000190     0x9978
                0x0000000008000190                . = ALIGN (0x4)
 *(.text)
 .text          0x0000000008000190       0x40 c:/st/stm32cubeide_1.5.1/stm32cubeide/plugins/com.st.stm32cube.ide.mcu.externaltools.gnu-tools-for-stm32.9-2020-q2-update.win32_1.5.0.202011040924/tools/bin/../lib/gcc/arm-none-eabi/9.3.1/thumb/v7e-m+fp/hard/crtbegin.o
 .text          0x00000000080001d0       0x10 c:/st/stm32cubeide_1.5.1/stm32cubeide/plugins/com.st.stm32cube.ide.mcu.externaltools.gnu-tools-for-stm32.9-2020-q2-update.win32_1.5.0.202011040924/tools/bin/../lib/gcc/arm-none-eabi/9.3.1/../../../../arm-none-eabi/lib/thumb/v7e-m+fp/hard\libc_nano.a(lib_a-strlen.o)
                0x00000000080001d0                strlen
 .text          0x00000000080001e0       0x30 c:/st/stm32cubeide_1.5.1/stm32cubeide/plugins/com.st.stm32cube.ide.mcu.externaltools.gnu-tools-for-stm32.9-2020-q2-update.win32_1.5.0.202011040924/tools/bin/../lib/gcc/arm-none-eabi/9.3.1/thumb/v7e-m+fp/hard\libgcc.a(_aeabi_uldivmod.o)
                0x00000000080001e0                __aeabi_uldivmod
 .text          0x0000000008000210      0x2c4 c:/st/stm32cubeide_1.5.1/stm32cubeide/plugins/com.st.stm32cube.ide.mcu.externaltools.gnu-tools-for-stm32.9-2020-q2-update.win32_1.5.0.202011040924/tools/bin/../lib/gcc/arm-none-eabi/9.3.1/thumb/v7e-m+fp/hard\libgcc.a(_udivmoddi4.o)
                0x0000000008000210                __udivmoddi4
 .text          0x00000000080004d4        0x4 c:/st/stm32cubeide_1.5.1/stm32cubeide/plugins/com.st.stm32cube.ide.mcu.externaltools.gnu-tools-for-stm32.9-2020-q2-update.win32_1.5.0.202011040924/tools/bin/../lib/gcc/arm-none-eabi/9.3.1/thumb/v7e-m+fp/hard\libgcc.a(_dvmd_tls.o)
                0x00000000080004d4                __aeabi_idiv0
                0x00000000080004d4                __aeabi_ldiv0
 *(.text*)
 .text.printBytes
                0x00000000080004d8       0x38 Core/Src/freertos.o
                0x00000000080004d8                printBytes
 .text.HAL_UART_TxCpltCallback
                0x0000000008000510       0x40 Core/Src/freertos.o
                0x0000000008000510                HAL_UART_TxCpltCallback
 .text.TransmitTask
                0x0000000008000550       0x26 Core/Src/freertos.o
                0x0000000008000550                TransmitTask
 .text.get_opcode
                0x0000000008000576       0x1e Core/Src/freertos.o
                0x0000000008000576                get_opcode
 .text.get_parameter
                0x0000000008000594       0x1e Core/Src/freertos.o
                0x0000000008000594                get_parameter
 *fill*         0x00000000080005b2        0x2 
 .text.get_current_time
                0x00000000080005b4       0x30 Core/Src/freertos.o
                0x00000000080005b4                get_current_time
 .text.calculate_delay
                0x00000000080005e4       0x5e Core/Src/freertos.o
                0x00000000080005e4                calculate_delay
 *fill*         0x0000000008000642        0x2 
 .text.move_motor
                0x0000000008000644       0x8c Core/Src/freertos.o
                0x0000000008000644                move_motor
 .text.get_instruction
                0x00000000080006d0       0x3c Core/Src/freertos.o
                0x00000000080006d0                get_instruction
 .text.instruction_in_bounds
                0x000000000800070c       0x20 Core/Src/freertos.o
                0x000000000800070c                instruction_in_bounds
 .text.parse_cmd
                0x000000000800072c      0x1b8 Core/Src/freertos.o
                0x000000000800072c                parse_cmd
 .text.run_recipe
                0x00000000080008e4      0x4bc Core/Src/freertos.o
                0x00000000080008e4                run_recipe
 .text.HAL_UART_RxCpltCallback
                0x0000000008000da0       0x50 Core/Src/freertos.o
                0x0000000008000da0                HAL_UART_RxCpltCallback
 .text.ReceiveTask
                0x0000000008000df0       0xf4 Core/Src/freertos.o
                0x0000000008000df0                ReceiveTask
 .text.check_for_continuation
                0x0000000008000ee4       0x5c Core/Src/freertos.o
                0x0000000008000ee4                check_for_continuation
 .text.stop     0x0000000008000f40       0x44 Core/Src/freertos.o
                0x0000000008000f40                stop
 .text.start_timer
                0x0000000008000f84       0x3c Core/Src/freertos.o
                0x0000000008000f84                start_timer
 .text.stop_timer
                0x0000000008000fc0       0x3c Core/Src/freertos.o
                0x0000000008000fc0                stop_timer
 .text.stop_timers
                0x0000000008000ffc       0x28 Core/Src/freertos.o
                0x0000000008000ffc                stop_timers
 .text.increment_recipe
                0x0000000008001024       0x2e Core/Src/freertos.o
                0x0000000008001024                increment_recipe
 *fill*         0x0000000008001052        0x2 
 .text.reset_servo
                0x0000000008001054       0x88 Core/Src/freertos.o
                0x0000000008001054                reset_servo
 .text.reset_all_servos
                0x00000000080010dc       0x4c Core/Src/freertos.o
                0x00000000080010dc                reset_all_servos
 .text.servo_ready
                0x0000000008001128       0x54 Core/Src/freertos.o
                0x0000000008001128                servo_ready
 .text.some_servo_inactive
                0x000000000800117c       0x40 Core/Src/freertos.o
                0x000000000800117c                some_servo_inactive
 .text.both_servos_inactive_or_paused
                0x00000000080011bc       0x58 Core/Src/freertos.o
                0x00000000080011bc                both_servos_inactive_or_paused
 .text.configureTimerForRunTimeStats
                0x0000000008001214        0xe Core/Src/freertos.o
                0x0000000008001214                configureTimerForRunTimeStats
 .text.getRunTimeCounterValue
                0x0000000008001222       0x10 Core/Src/freertos.o
                0x0000000008001222                getRunTimeCounterValue
 *fill*         0x0000000008001232        0x2 
 .text.MX_FREERTOS_Init
                0x0000000008001234      0x244 Core/Src/freertos.o
                0x0000000008001234                MX_FREERTOS_Init
 .text.StartDefaultTask
                0x0000000008001478       0x10 Core/Src/freertos.o
                0x0000000008001478                StartDefaultTask
 .text.MX_GPIO_Init
                0x0000000008001488       0xa8 Core/Src/gpio.o
                0x0000000008001488                MX_GPIO_Init
 .text.main     0x0000000008001530       0x48 Core/Src/main.o
                0x0000000008001530                main
 .text.SystemClock_Config
                0x0000000008001578       0xf6 Core/Src/main.o
                0x0000000008001578                SystemClock_Config
 .text.HAL_TIM_IC_CaptureCallback
                0x000000000800166e       0x1c Core/Src/main.o
                0x000000000800166e                HAL_TIM_IC_CaptureCallback
 *fill*         0x000000000800168a        0x2 
 .text.HAL_TIM_PeriodElapsedCallback
                0x000000000800168c       0x24 Core/Src/main.o
                0x000000000800168c                HAL_TIM_PeriodElapsedCallback
 .text.Error_Handler
                0x00000000080016b0        0xe Core/Src/main.o
                0x00000000080016b0                Error_Handler
 *fill*         0x00000000080016be        0x2 
 .text.HAL_MspInit
                0x00000000080016c0       0x50 Core/Src/stm32l4xx_hal_msp.o
                0x00000000080016c0                HAL_MspInit
 .text.HAL_InitTick
                0x0000000008001710       0xac Core/Src/stm32l4xx_hal_timebase_tim.o
                0x0000000008001710                HAL_InitTick
 .text.NMI_Handler
                0x00000000080017bc        0xe Core/Src/stm32l4xx_it.o
                0x00000000080017bc                NMI_Handler
 .text.HardFault_Handler
                0x00000000080017ca        0x6 Core/Src/stm32l4xx_it.o
                0x00000000080017ca                HardFault_Handler
 .text.MemManage_Handler
                0x00000000080017d0        0x6 Core/Src/stm32l4xx_it.o
                0x00000000080017d0                MemManage_Handler
 .text.BusFault_Handler
                0x00000000080017d6        0x6 Core/Src/stm32l4xx_it.o
                0x00000000080017d6                BusFault_Handler
 .text.UsageFault_Handler
                0x00000000080017dc        0x6 Core/Src/stm32l4xx_it.o
                0x00000000080017dc                UsageFault_Handler
 .text.DebugMon_Handler
                0x00000000080017e2        0xe Core/Src/stm32l4xx_it.o
                0x00000000080017e2                DebugMon_Handler
 .text.TIM1_TRG_COM_TIM17_IRQHandler
                0x00000000080017f0       0x14 Core/Src/stm32l4xx_it.o
                0x00000000080017f0                TIM1_TRG_COM_TIM17_IRQHandler
 .text.TIM2_IRQHandler
                0x0000000008001804       0x14 Core/Src/stm32l4xx_it.o
                0x0000000008001804                TIM2_IRQHandler
 .text.USART2_IRQHandler
                0x0000000008001818       0x14 Core/Src/stm32l4xx_it.o
                0x0000000008001818                USART2_IRQHandler
 .text.SystemInit
                0x000000000800182c       0x6c Core/Src/system_stm32l4xx.o
                0x000000000800182c                SystemInit
 .text.MX_TIM2_Init
                0x0000000008001898      0x104 Core/Src/tim.o
                0x0000000008001898                MX_TIM2_Init
 .text.MX_TIM3_Init
                0x000000000800199c       0xac Core/Src/tim.o
                0x000000000800199c                MX_TIM3_Init
 .text.MX_TIM4_Init
                0x0000000008001a48       0xac Core/Src/tim.o
                0x0000000008001a48                MX_TIM4_Init
 .text.HAL_TIM_Base_MspInit
                0x0000000008001af4       0x48 Core/Src/tim.o
                0x0000000008001af4                HAL_TIM_Base_MspInit
 .text.HAL_TIM_IC_MspInit
                0x0000000008001b3c       0xec Core/Src/tim.o
                0x0000000008001b3c                HAL_TIM_IC_MspInit
 .text.HAL_TIM_MspPostInit
                0x0000000008001c28       0x68 Core/Src/tim.o
                0x0000000008001c28                HAL_TIM_MspPostInit
 .text.MX_USART2_UART_Init
                0x0000000008001c90       0x60 Core/Src/usart.o
                0x0000000008001c90                MX_USART2_UART_Init
 .text.HAL_UART_MspInit
                0x0000000008001cf0       0x98 Core/Src/usart.o
                0x0000000008001cf0                HAL_UART_MspInit
 .text.Reset_Handler
                0x0000000008001d88       0x50 Core/Startup/startup_stm32l476vgtx.o
                0x0000000008001d88                Reset_Handler
 .text.Default_Handler
                0x0000000008001dd8        0x2 Core/Startup/startup_stm32l476vgtx.o
                0x0000000008001dd8                RTC_Alarm_IRQHandler
                0x0000000008001dd8                EXTI2_IRQHandler
                0x0000000008001dd8                TIM8_TRG_COM_IRQHandler
                0x0000000008001dd8                TIM8_CC_IRQHandler
                0x0000000008001dd8                TIM1_CC_IRQHandler
                0x0000000008001dd8                TSC_IRQHandler
                0x0000000008001dd8                TAMP_STAMP_IRQHandler
                0x0000000008001dd8                EXTI3_IRQHandler
                0x0000000008001dd8                LPTIM2_IRQHandler
                0x0000000008001dd8                DFSDM1_FLT1_IRQHandler
                0x0000000008001dd8                I2C3_ER_IRQHandler
                0x0000000008001dd8                DFSDM1_FLT2_IRQHandler
                0x0000000008001dd8                EXTI0_IRQHandler
                0x0000000008001dd8                I2C2_EV_IRQHandler
                0x0000000008001dd8                CAN1_RX0_IRQHandler
                0x0000000008001dd8                FPU_IRQHandler
                0x0000000008001dd8                TIM1_UP_TIM16_IRQHandler
                0x0000000008001dd8                ADC1_2_IRQHandler
                0x0000000008001dd8                SPI1_IRQHandler
                0x0000000008001dd8                TIM6_DAC_IRQHandler
                0x0000000008001dd8                TIM8_UP_IRQHandler
                0x0000000008001dd8                DMA2_Channel2_IRQHandler
                0x0000000008001dd8                DMA1_Channel4_IRQHandler
                0x0000000008001dd8                SAI2_IRQHandler
                0x0000000008001dd8                DFSDM1_FLT3_IRQHandler
                0x0000000008001dd8                USART3_IRQHandler
                0x0000000008001dd8                DMA1_Channel7_IRQHandler
                0x0000000008001dd8                CAN1_RX1_IRQHandler
                0x0000000008001dd8                LCD_IRQHandler
                0x0000000008001dd8                UART5_IRQHandler
                0x0000000008001dd8                ADC3_IRQHandler
                0x0000000008001dd8                TIM4_IRQHandler
                0x0000000008001dd8                DMA2_Channel1_IRQHandler
                0x0000000008001dd8                QUADSPI_IRQHandler
                0x0000000008001dd8                I2C1_EV_IRQHandler
                0x0000000008001dd8                DMA1_Channel6_IRQHandler
                0x0000000008001dd8                UART4_IRQHandler
                0x0000000008001dd8                DMA2_Channel4_IRQHandler
                0x0000000008001dd8                TIM3_IRQHandler
                0x0000000008001dd8                RCC_IRQHandler
                0x0000000008001dd8                DMA1_Channel1_IRQHandler
                0x0000000008001dd8                Default_Handler
                0x0000000008001dd8                DMA2_Channel7_IRQHandler
                0x0000000008001dd8                EXTI15_10_IRQHandler
                0x0000000008001dd8                TIM7_IRQHandler
                0x0000000008001dd8                SDMMC1_IRQHandler
                0x0000000008001dd8                TIM5_IRQHandler
                0x0000000008001dd8                I2C3_EV_IRQHandler
                0x0000000008001dd8                EXTI9_5_IRQHandler
                0x0000000008001dd8                RTC_WKUP_IRQHandler
                0x0000000008001dd8                PVD_PVM_IRQHandler
                0x0000000008001dd8                SPI2_IRQHandler
                0x0000000008001dd8                CAN1_TX_IRQHandler
                0x0000000008001dd8                DMA2_Channel5_IRQHandler
                0x0000000008001dd8                DMA1_Channel5_IRQHandler
                0x0000000008001dd8                EXTI4_IRQHandler
                0x0000000008001dd8                RNG_IRQHandler
                0x0000000008001dd8                DMA1_Channel3_IRQHandler
                0x0000000008001dd8                COMP_IRQHandler
                0x0000000008001dd8                WWDG_IRQHandler
                0x0000000008001dd8                LPUART1_IRQHandler
                0x0000000008001dd8                DMA2_Channel6_IRQHandler
                0x0000000008001dd8                EXTI1_IRQHandler
                0x0000000008001dd8                DFSDM1_FLT0_IRQHandler
                0x0000000008001dd8                I2C2_ER_IRQHandler
                0x0000000008001dd8                DMA1_Channel2_IRQHandler
                0x0000000008001dd8                TIM8_BRK_IRQHandler
                0x0000000008001dd8                CAN1_SCE_IRQHandler
                0x0000000008001dd8                FLASH_IRQHandler
                0x0000000008001dd8                USART1_IRQHandler
                0x0000000008001dd8                OTG_FS_IRQHandler
                0x0000000008001dd8                SPI3_IRQHandler
                0x0000000008001dd8                I2C1_ER_IRQHandler
                0x0000000008001dd8                FMC_IRQHandler
                0x0000000008001dd8                SWPMI1_IRQHandler
                0x0000000008001dd8                LPTIM1_IRQHandler
                0x0000000008001dd8                SAI1_IRQHandler
                0x0000000008001dd8                DMA2_Channel3_IRQHandler
                0x0000000008001dd8                TIM1_BRK_TIM15_IRQHandler
 .text.HAL_Init
                0x0000000008001dda       0x30 Drivers/STM32L4xx_HAL_Driver/Src/stm32l4xx_hal.o
                0x0000000008001dda                HAL_Init
 *fill*         0x0000000008001e0a        0x2 
 .text.HAL_IncTick
                0x0000000008001e0c       0x28 Drivers/STM32L4xx_HAL_Driver/Src/stm32l4xx_hal.o
                0x0000000008001e0c                HAL_IncTick
 .text.HAL_GetTick
                0x0000000008001e34       0x18 Drivers/STM32L4xx_HAL_Driver/Src/stm32l4xx_hal.o
                0x0000000008001e34                HAL_GetTick
 .text.HAL_Delay
                0x0000000008001e4c       0x48 Drivers/STM32L4xx_HAL_Driver/Src/stm32l4xx_hal.o
                0x0000000008001e4c                HAL_Delay
 .text.__NVIC_SetPriorityGrouping
                0x0000000008001e94       0x48 Drivers/STM32L4xx_HAL_Driver/Src/stm32l4xx_hal_cortex.o
 .text.__NVIC_GetPriorityGrouping
                0x0000000008001edc       0x1c Drivers/STM32L4xx_HAL_Driver/Src/stm32l4xx_hal_cortex.o
 .text.__NVIC_EnableIRQ
                0x0000000008001ef8       0x3c Drivers/STM32L4xx_HAL_Driver/Src/stm32l4xx_hal_cortex.o
 .text.__NVIC_SetPriority
                0x0000000008001f34       0x54 Drivers/STM32L4xx_HAL_Driver/Src/stm32l4xx_hal_cortex.o
 .text.NVIC_EncodePriority
                0x0000000008001f88       0x66 Drivers/STM32L4xx_HAL_Driver/Src/stm32l4xx_hal_cortex.o
 .text.HAL_NVIC_SetPriorityGrouping
                0x0000000008001fee       0x16 Drivers/STM32L4xx_HAL_Driver/Src/stm32l4xx_hal_cortex.o
                0x0000000008001fee                HAL_NVIC_SetPriorityGrouping
 .text.HAL_NVIC_SetPriority
                0x0000000008002004       0x38 Drivers/STM32L4xx_HAL_Driver/Src/stm32l4xx_hal_cortex.o
                0x0000000008002004                HAL_NVIC_SetPriority
 .text.HAL_NVIC_EnableIRQ
                0x000000000800203c       0x1c Drivers/STM32L4xx_HAL_Driver/Src/stm32l4xx_hal_cortex.o
                0x000000000800203c                HAL_NVIC_EnableIRQ
 .text.HAL_DMA_Abort
                0x0000000008002058       0x7c Drivers/STM32L4xx_HAL_Driver/Src/stm32l4xx_hal_dma.o
                0x0000000008002058                HAL_DMA_Abort
 .text.HAL_DMA_Abort_IT
                0x00000000080020d4       0x82 Drivers/STM32L4xx_HAL_Driver/Src/stm32l4xx_hal_dma.o
                0x00000000080020d4                HAL_DMA_Abort_IT
 *fill*         0x0000000008002156        0x2 
 .text.HAL_GPIO_Init
                0x0000000008002158      0x354 Drivers/STM32L4xx_HAL_Driver/Src/stm32l4xx_hal_gpio.o
                0x0000000008002158                HAL_GPIO_Init
 .text.HAL_PWREx_GetVoltageRange
                0x00000000080024ac       0x1c Drivers/STM32L4xx_HAL_Driver/Src/stm32l4xx_hal_pwr_ex.o
                0x00000000080024ac                HAL_PWREx_GetVoltageRange
 .text.HAL_PWREx_ControlVoltageScaling
                0x00000000080024c8       0xac Drivers/STM32L4xx_HAL_Driver/Src/stm32l4xx_hal_pwr_ex.o
                0x00000000080024c8                HAL_PWREx_ControlVoltageScaling
 .text.HAL_RCC_OscConfig
                0x0000000008002574      0x7cc Drivers/STM32L4xx_HAL_Driver/Src/stm32l4xx_hal_rcc.o
                0x0000000008002574                HAL_RCC_OscConfig
 .text.HAL_RCC_ClockConfig
                0x0000000008002d40      0x1c4 Drivers/STM32L4xx_HAL_Driver/Src/stm32l4xx_hal_rcc.o
                0x0000000008002d40                HAL_RCC_ClockConfig
 .text.HAL_RCC_MCOConfig
                0x0000000008002f04       0x68 Drivers/STM32L4xx_HAL_Driver/Src/stm32l4xx_hal_rcc.o
                0x0000000008002f04                HAL_RCC_MCOConfig
 .text.HAL_RCC_GetSysClockFreq
                0x0000000008002f6c      0x118 Drivers/STM32L4xx_HAL_Driver/Src/stm32l4xx_hal_rcc.o
                0x0000000008002f6c                HAL_RCC_GetSysClockFreq
 .text.HAL_RCC_GetHCLKFreq
                0x0000000008003084       0x18 Drivers/STM32L4xx_HAL_Driver/Src/stm32l4xx_hal_rcc.o
                0x0000000008003084                HAL_RCC_GetHCLKFreq
 .text.HAL_RCC_GetPCLK1Freq
                0x000000000800309c       0x2c Drivers/STM32L4xx_HAL_Driver/Src/stm32l4xx_hal_rcc.o
                0x000000000800309c                HAL_RCC_GetPCLK1Freq
 .text.HAL_RCC_GetPCLK2Freq
                0x00000000080030c8       0x2c Drivers/STM32L4xx_HAL_Driver/Src/stm32l4xx_hal_rcc.o
                0x00000000080030c8                HAL_RCC_GetPCLK2Freq
 .text.HAL_RCC_GetClockConfig
                0x00000000080030f4       0x64 Drivers/STM32L4xx_HAL_Driver/Src/stm32l4xx_hal_rcc.o
                0x00000000080030f4                HAL_RCC_GetClockConfig
 .text.RCC_SetFlashLatencyFromMSIRange
                0x0000000008003158       0xc0 Drivers/STM32L4xx_HAL_Driver/Src/stm32l4xx_hal_rcc.o
 .text.HAL_RCCEx_PeriphCLKConfig
                0x0000000008003218      0x5d4 Drivers/STM32L4xx_HAL_Driver/Src/stm32l4xx_hal_rcc_ex.o
                0x0000000008003218                HAL_RCCEx_PeriphCLKConfig
 .text.RCCEx_PLLSAI1_Config
                0x00000000080037ec      0x1e8 Drivers/STM32L4xx_HAL_Driver/Src/stm32l4xx_hal_rcc_ex.o
 .text.RCCEx_PLLSAI2_Config
                0x00000000080039d4      0x1bc Drivers/STM32L4xx_HAL_Driver/Src/stm32l4xx_hal_rcc_ex.o
 .text.HAL_TIM_Base_Init
                0x0000000008003b90       0xae Drivers/STM32L4xx_HAL_Driver/Src/stm32l4xx_hal_tim.o
                0x0000000008003b90                HAL_TIM_Base_Init
 *fill*         0x0000000008003c3e        0x2 
 .text.HAL_TIM_Base_Start
                0x0000000008003c40       0xd0 Drivers/STM32L4xx_HAL_Driver/Src/stm32l4xx_hal_tim.o
                0x0000000008003c40                HAL_TIM_Base_Start
 .text.HAL_TIM_Base_Start_IT
                0x0000000008003d10       0xe0 Drivers/STM32L4xx_HAL_Driver/Src/stm32l4xx_hal_tim.o
                0x0000000008003d10                HAL_TIM_Base_Start_IT
 .text.HAL_TIM_PWM_Init
                0x0000000008003df0       0xae Drivers/STM32L4xx_HAL_Driver/Src/stm32l4xx_hal_tim.o
                0x0000000008003df0                HAL_TIM_PWM_Init
 .text.HAL_TIM_PWM_MspInit
                0x0000000008003e9e       0x14 Drivers/STM32L4xx_HAL_Driver/Src/stm32l4xx_hal_tim.o
                0x0000000008003e9e                HAL_TIM_PWM_MspInit
 *fill*         0x0000000008003eb2        0x2 
 .text.HAL_TIM_PWM_Start
                0x0000000008003eb4      0x20c Drivers/STM32L4xx_HAL_Driver/Src/stm32l4xx_hal_tim.o
                0x0000000008003eb4                HAL_TIM_PWM_Start
 .text.HAL_TIM_IC_Init
                0x00000000080040c0       0xae Drivers/STM32L4xx_HAL_Driver/Src/stm32l4xx_hal_tim.o
                0x00000000080040c0                HAL_TIM_IC_Init
 .text.HAL_TIM_IRQHandler
                0x000000000800416e      0x23e Drivers/STM32L4xx_HAL_Driver/Src/stm32l4xx_hal_tim.o
                0x000000000800416e                HAL_TIM_IRQHandler
 .text.HAL_TIM_IC_ConfigChannel
                0x00000000080043ac      0x128 Drivers/STM32L4xx_HAL_Driver/Src/stm32l4xx_hal_tim.o
                0x00000000080043ac                HAL_TIM_IC_ConfigChannel
 .text.HAL_TIM_PWM_ConfigChannel
                0x00000000080044d4      0x220 Drivers/STM32L4xx_HAL_Driver/Src/stm32l4xx_hal_tim.o
                0x00000000080044d4                HAL_TIM_PWM_ConfigChannel
 .text.HAL_TIM_ConfigClockSource
                0x00000000080046f4      0x18c Drivers/STM32L4xx_HAL_Driver/Src/stm32l4xx_hal_tim.o
                0x00000000080046f4                HAL_TIM_ConfigClockSource
 .text.HAL_TIM_OC_DelayElapsedCallback
                0x0000000008004880       0x14 Drivers/STM32L4xx_HAL_Driver/Src/stm32l4xx_hal_tim.o
                0x0000000008004880                HAL_TIM_OC_DelayElapsedCallback
 .text.HAL_TIM_PWM_PulseFinishedCallback
                0x0000000008004894       0x14 Drivers/STM32L4xx_HAL_Driver/Src/stm32l4xx_hal_tim.o
                0x0000000008004894                HAL_TIM_PWM_PulseFinishedCallback
 .text.HAL_TIM_TriggerCallback
                0x00000000080048a8       0x14 Drivers/STM32L4xx_HAL_Driver/Src/stm32l4xx_hal_tim.o
                0x00000000080048a8                HAL_TIM_TriggerCallback
 .text.TIM_Base_SetConfig
                0x00000000080048bc      0x134 Drivers/STM32L4xx_HAL_Driver/Src/stm32l4xx_hal_tim.o
                0x00000000080048bc                TIM_Base_SetConfig
 .text.TIM_OC1_SetConfig
                0x00000000080049f0      0x120 Drivers/STM32L4xx_HAL_Driver/Src/stm32l4xx_hal_tim.o
 .text.TIM_OC2_SetConfig
                0x0000000008004b10      0x114 Drivers/STM32L4xx_HAL_Driver/Src/stm32l4xx_hal_tim.o
                0x0000000008004b10                TIM_OC2_SetConfig
 .text.TIM_OC3_SetConfig
                0x0000000008004c24      0x110 Drivers/STM32L4xx_HAL_Driver/Src/stm32l4xx_hal_tim.o
 .text.TIM_OC4_SetConfig
                0x0000000008004d34       0xd4 Drivers/STM32L4xx_HAL_Driver/Src/stm32l4xx_hal_tim.o
 .text.TIM_OC5_SetConfig
                0x0000000008004e08       0xc8 Drivers/STM32L4xx_HAL_Driver/Src/stm32l4xx_hal_tim.o
 .text.TIM_OC6_SetConfig
                0x0000000008004ed0       0xcc Drivers/STM32L4xx_HAL_Driver/Src/stm32l4xx_hal_tim.o
 .text.TIM_TI1_SetConfig
                0x0000000008004f9c       0xdc Drivers/STM32L4xx_HAL_Driver/Src/stm32l4xx_hal_tim.o
                0x0000000008004f9c                TIM_TI1_SetConfig
 .text.TIM_TI1_ConfigInputStage
                0x0000000008005078       0x5e Drivers/STM32L4xx_HAL_Driver/Src/stm32l4xx_hal_tim.o
 .text.TIM_TI2_SetConfig
                0x00000000080050d6       0x7a Drivers/STM32L4xx_HAL_Driver/Src/stm32l4xx_hal_tim.o
 .text.TIM_TI2_ConfigInputStage
                0x0000000008005150       0x60 Drivers/STM32L4xx_HAL_Driver/Src/stm32l4xx_hal_tim.o
 .text.TIM_TI3_SetConfig
                0x00000000080051b0       0x78 Drivers/STM32L4xx_HAL_Driver/Src/stm32l4xx_hal_tim.o
 .text.TIM_TI4_SetConfig
                0x0000000008005228       0x7a Drivers/STM32L4xx_HAL_Driver/Src/stm32l4xx_hal_tim.o
 .text.TIM_ITRx_SetConfig
                0x00000000080052a2       0x36 Drivers/STM32L4xx_HAL_Driver/Src/stm32l4xx_hal_tim.o
 .text.TIM_ETR_SetConfig
                0x00000000080052d8       0x40 Drivers/STM32L4xx_HAL_Driver/Src/stm32l4xx_hal_tim.o
                0x00000000080052d8                TIM_ETR_SetConfig
 .text.TIM_CCxChannelCmd
                0x0000000008005318       0x4a Drivers/STM32L4xx_HAL_Driver/Src/stm32l4xx_hal_tim.o
                0x0000000008005318                TIM_CCxChannelCmd
 *fill*         0x0000000008005362        0x2 
 .text.HAL_TIMEx_MasterConfigSynchronization
                0x0000000008005364      0x110 Drivers/STM32L4xx_HAL_Driver/Src/stm32l4xx_hal_tim_ex.o
                0x0000000008005364                HAL_TIMEx_MasterConfigSynchronization
 .text.HAL_TIMEx_CommutCallback
                0x0000000008005474       0x14 Drivers/STM32L4xx_HAL_Driver/Src/stm32l4xx_hal_tim_ex.o
                0x0000000008005474                HAL_TIMEx_CommutCallback
 .text.HAL_TIMEx_BreakCallback
                0x0000000008005488       0x14 Drivers/STM32L4xx_HAL_Driver/Src/stm32l4xx_hal_tim_ex.o
                0x0000000008005488                HAL_TIMEx_BreakCallback
 .text.HAL_TIMEx_Break2Callback
                0x000000000800549c       0x14 Drivers/STM32L4xx_HAL_Driver/Src/stm32l4xx_hal_tim_ex.o
                0x000000000800549c                HAL_TIMEx_Break2Callback
 .text.HAL_UART_Init
                0x00000000080054b0       0x9c Drivers/STM32L4xx_HAL_Driver/Src/stm32l4xx_hal_uart.o
                0x00000000080054b0                HAL_UART_Init
 .text.HAL_UART_Transmit_IT
                0x000000000800554c       0xb8 Drivers/STM32L4xx_HAL_Driver/Src/stm32l4xx_hal_uart.o
                0x000000000800554c                HAL_UART_Transmit_IT
 .text.HAL_UART_Receive_IT
                0x0000000008005604       0x88 Drivers/STM32L4xx_HAL_Driver/Src/stm32l4xx_hal_uart.o
                0x0000000008005604                HAL_UART_Receive_IT
 .text.HAL_UART_IRQHandler
                0x000000000800568c      0x404 Drivers/STM32L4xx_HAL_Driver/Src/stm32l4xx_hal_uart.o
                0x000000000800568c                HAL_UART_IRQHandler
 .text.HAL_UART_ErrorCallback
                0x0000000008005a90       0x14 Drivers/STM32L4xx_HAL_Driver/Src/stm32l4xx_hal_uart.o
                0x0000000008005a90                HAL_UART_ErrorCallback
 .text.HAL_UARTEx_RxEventCallback
                0x0000000008005aa4       0x18 Drivers/STM32L4xx_HAL_Driver/Src/stm32l4xx_hal_uart.o
                0x0000000008005aa4                HAL_UARTEx_RxEventCallback
 .text.UART_SetConfig
                0x0000000008005abc      0x514 Drivers/STM32L4xx_HAL_Driver/Src/stm32l4xx_hal_uart.o
                0x0000000008005abc                UART_SetConfig
 .text.UART_AdvFeatureConfig
                0x0000000008005fd0      0x144 Drivers/STM32L4xx_HAL_Driver/Src/stm32l4xx_hal_uart.o
                0x0000000008005fd0                UART_AdvFeatureConfig
 .text.UART_CheckIdleState
                0x0000000008006114       0x92 Drivers/STM32L4xx_HAL_Driver/Src/stm32l4xx_hal_uart.o
                0x0000000008006114                UART_CheckIdleState
 .text.UART_WaitOnFlagUntilTimeout
                0x00000000080061a6       0xf8 Drivers/STM32L4xx_HAL_Driver/Src/stm32l4xx_hal_uart.o
                0x00000000080061a6                UART_WaitOnFlagUntilTimeout
 *fill*         0x000000000800629e        0x2 
 .text.UART_Start_Receive_IT
                0x00000000080062a0      0x110 Drivers/STM32L4xx_HAL_Driver/Src/stm32l4xx_hal_uart.o
                0x00000000080062a0                UART_Start_Receive_IT
 .text.UART_EndRxTransfer
                0x00000000080063b0       0x5e Drivers/STM32L4xx_HAL_Driver/Src/stm32l4xx_hal_uart.o
 .text.UART_DMAAbortOnError
                0x000000000800640e       0x2c Drivers/STM32L4xx_HAL_Driver/Src/stm32l4xx_hal_uart.o
 .text.UART_TxISR_8BIT
                0x000000000800643a       0x74 Drivers/STM32L4xx_HAL_Driver/Src/stm32l4xx_hal_uart.o
 .text.UART_TxISR_16BIT
                0x00000000080064ae       0x7c Drivers/STM32L4xx_HAL_Driver/Src/stm32l4xx_hal_uart.o
 .text.UART_EndTransmit_IT
                0x000000000800652a       0x32 Drivers/STM32L4xx_HAL_Driver/Src/stm32l4xx_hal_uart.o
 .text.UART_RxISR_8BIT
                0x000000000800655c       0xd8 Drivers/STM32L4xx_HAL_Driver/Src/stm32l4xx_hal_uart.o
 .text.UART_RxISR_16BIT
                0x0000000008006634       0xd8 Drivers/STM32L4xx_HAL_Driver/Src/stm32l4xx_hal_uart.o
 .text.HAL_UARTEx_WakeupCallback
                0x000000000800670c       0x14 Drivers/STM32L4xx_HAL_Driver/Src/stm32l4xx_hal_uart_ex.o
                0x000000000800670c                HAL_UARTEx_WakeupCallback
 .text.__NVIC_SetPriority
                0x0000000008006720       0x54 Middlewares/Third_Party/FreeRTOS/Source/CMSIS_RTOS_V2/cmsis_os2.o
 .text.SysTick_Handler
                0x0000000008006774       0x20 Middlewares/Third_Party/FreeRTOS/Source/CMSIS_RTOS_V2/cmsis_os2.o
                0x0000000008006774                SysTick_Handler
 .text.SVC_Setup
                0x0000000008006794       0x12 Middlewares/Third_Party/FreeRTOS/Source/CMSIS_RTOS_V2/cmsis_os2.o
 *fill*         0x00000000080067a6        0x2 
 .text.osKernelInitialize
                0x00000000080067a8       0x48 Middlewares/Third_Party/FreeRTOS/Source/CMSIS_RTOS_V2/cmsis_os2.o
                0x00000000080067a8                osKernelInitialize
 .text.osKernelStart
                0x00000000080067f0       0x4c Middlewares/Third_Party/FreeRTOS/Source/CMSIS_RTOS_V2/cmsis_os2.o
                0x00000000080067f0                osKernelStart
 .text.osThreadNew
                0x000000000800683c      0x126 Middlewares/Third_Party/FreeRTOS/Source/CMSIS_RTOS_V2/cmsis_os2.o
                0x000000000800683c                osThreadNew
 .text.osDelay  0x0000000008006962       0x36 Middlewares/Third_Party/FreeRTOS/Source/CMSIS_RTOS_V2/cmsis_os2.o
                0x0000000008006962                osDelay
 .text.vApplicationGetIdleTaskMemory
                0x0000000008006998       0x34 Middlewares/Third_Party/FreeRTOS/Source/CMSIS_RTOS_V2/cmsis_os2.o
                0x0000000008006998                vApplicationGetIdleTaskMemory
 .text.vApplicationGetTimerTaskMemory
                0x00000000080069cc       0x34 Middlewares/Third_Party/FreeRTOS/Source/CMSIS_RTOS_V2/cmsis_os2.o
                0x00000000080069cc                vApplicationGetTimerTaskMemory
 .text.vListInitialise
                0x0000000008006a00       0x40 Middlewares/Third_Party/FreeRTOS/Source/list.o
                0x0000000008006a00                vListInitialise
 .text.vListInitialiseItem
                0x0000000008006a40       0x1a Middlewares/Third_Party/FreeRTOS/Source/list.o
                0x0000000008006a40                vListInitialiseItem
 .text.vListInsertEnd
                0x0000000008006a5a       0x48 Middlewares/Third_Party/FreeRTOS/Source/list.o
                0x0000000008006a5a                vListInsertEnd
 .text.vListInsert
                0x0000000008006aa2       0x72 Middlewares/Third_Party/FreeRTOS/Source/list.o
                0x0000000008006aa2                vListInsert
 .text.uxListRemove
                0x0000000008006b14       0x54 Middlewares/Third_Party/FreeRTOS/Source/list.o
                0x0000000008006b14                uxListRemove
 .text.xQueueGenericReset
                0x0000000008006b68       0xd0 Middlewares/Third_Party/FreeRTOS/Source/queue.o
                0x0000000008006b68                xQueueGenericReset
 .text.xQueueGenericCreateStatic
                0x0000000008006c38       0xf0 Middlewares/Third_Party/FreeRTOS/Source/queue.o
                0x0000000008006c38                xQueueGenericCreateStatic
 .text.xQueueGenericCreate
                0x0000000008006d28       0x74 Middlewares/Third_Party/FreeRTOS/Source/queue.o
                0x0000000008006d28                xQueueGenericCreate
 .text.prvInitialiseNewQueue
                0x0000000008006d9c       0x46 Middlewares/Third_Party/FreeRTOS/Source/queue.o
 .text.prvInitialiseMutex
                0x0000000008006de2       0x34 Middlewares/Third_Party/FreeRTOS/Source/queue.o
 .text.xQueueCreateMutex
                0x0000000008006e16       0x30 Middlewares/Third_Party/FreeRTOS/Source/queue.o
                0x0000000008006e16                xQueueCreateMutex
 *fill*         0x0000000008006e46        0x2 
 .text.xQueueGenericSend
                0x0000000008006e48      0x1fc Middlewares/Third_Party/FreeRTOS/Source/queue.o
                0x0000000008006e48                xQueueGenericSend
 .text.xQueueGenericSendFromISR
                0x0000000008007044      0x136 Middlewares/Third_Party/FreeRTOS/Source/queue.o
                0x0000000008007044                xQueueGenericSendFromISR
 .text.xQueueGiveFromISR
                0x000000000800717a      0x11a Middlewares/Third_Party/FreeRTOS/Source/queue.o
                0x000000000800717a                xQueueGiveFromISR
 .text.xQueueReceive
                0x0000000008007294      0x1c0 Middlewares/Third_Party/FreeRTOS/Source/queue.o
                0x0000000008007294                xQueueReceive
 .text.xQueueSemaphoreTake
                0x0000000008007454      0x218 Middlewares/Third_Party/FreeRTOS/Source/queue.o
                0x0000000008007454                xQueueSemaphoreTake
 .text.xQueuePeek
                0x000000000800766c      0x1c4 Middlewares/Third_Party/FreeRTOS/Source/queue.o
                0x000000000800766c                xQueuePeek
 .text.prvGetDisinheritPriorityAfterTimeout
                0x0000000008007830       0x30 Middlewares/Third_Party/FreeRTOS/Source/queue.o
 .text.prvCopyDataToQueue
                0x0000000008007860       0xd4 Middlewares/Third_Party/FreeRTOS/Source/queue.o
 .text.prvCopyDataFromQueue
                0x0000000008007934       0x4c Middlewares/Third_Party/FreeRTOS/Source/queue.o
 .text.prvUnlockQueue
                0x0000000008007980       0xa4 Middlewares/Third_Party/FreeRTOS/Source/queue.o
 .text.prvIsQueueEmpty
                0x0000000008007a24       0x2c Middlewares/Third_Party/FreeRTOS/Source/queue.o
 .text.prvIsQueueFull
                0x0000000008007a50       0x30 Middlewares/Third_Party/FreeRTOS/Source/queue.o
 .text.vQueueAddToRegistry
                0x0000000008007a80       0x54 Middlewares/Third_Party/FreeRTOS/Source/queue.o
                0x0000000008007a80                vQueueAddToRegistry
 .text.vQueueWaitForMessageRestricted
                0x0000000008007ad4       0x68 Middlewares/Third_Party/FreeRTOS/Source/queue.o
                0x0000000008007ad4                vQueueWaitForMessageRestricted
 .text.xTaskCreateStatic
                0x0000000008007b3c       0xba Middlewares/Third_Party/FreeRTOS/Source/tasks.o
                0x0000000008007b3c                xTaskCreateStatic
 .text.xTaskCreate
                0x0000000008007bf6       0x8a Middlewares/Third_Party/FreeRTOS/Source/tasks.o
                0x0000000008007bf6                xTaskCreate
 .text.prvInitialiseNewTask
                0x0000000008007c80      0x124 Middlewares/Third_Party/FreeRTOS/Source/tasks.o
 .text.prvAddNewTaskToReadyList
                0x0000000008007da4       0xe0 Middlewares/Third_Party/FreeRTOS/Source/tasks.o
 .text.vTaskDelay
                0x0000000008007e84       0x68 Middlewares/Third_Party/FreeRTOS/Source/tasks.o
                0x0000000008007e84                vTaskDelay
 .text.vTaskStartScheduler
                0x0000000008007eec       0xd0 Middlewares/Third_Party/FreeRTOS/Source/tasks.o
                0x0000000008007eec                vTaskStartScheduler
 .text.vTaskSuspendAll
                0x0000000008007fbc       0x1c Middlewares/Third_Party/FreeRTOS/Source/tasks.o
                0x0000000008007fbc                vTaskSuspendAll
 .text.xTaskResumeAll
                0x0000000008007fd8      0x13c Middlewares/Third_Party/FreeRTOS/Source/tasks.o
                0x0000000008007fd8                xTaskResumeAll
 .text.xTaskGetTickCount
                0x0000000008008114       0x20 Middlewares/Third_Party/FreeRTOS/Source/tasks.o
                0x0000000008008114                xTaskGetTickCount
 .text.xTaskIncrementTick
                0x0000000008008134      0x174 Middlewares/Third_Party/FreeRTOS/Source/tasks.o
                0x0000000008008134                xTaskIncrementTick
 .text.vTaskSwitchContext
                0x00000000080082a8       0xf0 Middlewares/Third_Party/FreeRTOS/Source/tasks.o
                0x00000000080082a8                vTaskSwitchContext
 .text.vTaskPlaceOnEventList
                0x0000000008008398       0x48 Middlewares/Third_Party/FreeRTOS/Source/tasks.o
                0x0000000008008398                vTaskPlaceOnEventList
 .text.vTaskPlaceOnEventListRestricted
                0x00000000080083e0       0x58 Middlewares/Third_Party/FreeRTOS/Source/tasks.o
                0x00000000080083e0                vTaskPlaceOnEventListRestricted
 .text.xTaskRemoveFromEventList
                0x0000000008008438       0xc8 Middlewares/Third_Party/FreeRTOS/Source/tasks.o
                0x0000000008008438                xTaskRemoveFromEventList
 .text.vTaskInternalSetTimeOutState
                0x0000000008008500       0x2c Middlewares/Third_Party/FreeRTOS/Source/tasks.o
                0x0000000008008500                vTaskInternalSetTimeOutState
 .text.xTaskCheckForTimeOut
                0x000000000800852c       0xc4 Middlewares/Third_Party/FreeRTOS/Source/tasks.o
                0x000000000800852c                xTaskCheckForTimeOut
 .text.vTaskMissedYield
                0x00000000080085f0       0x18 Middlewares/Third_Party/FreeRTOS/Source/tasks.o
                0x00000000080085f0                vTaskMissedYield
 .text.prvIdleTask
                0x0000000008008608       0x30 Middlewares/Third_Party/FreeRTOS/Source/tasks.o
 .text.prvInitialiseTaskLists
                0x0000000008008638       0x80 Middlewares/Third_Party/FreeRTOS/Source/tasks.o
 .text.prvCheckTasksWaitingTermination
                0x00000000080086b8       0x5c Middlewares/Third_Party/FreeRTOS/Source/tasks.o
 .text.prvDeleteTCB
                0x0000000008008714       0x5e Middlewares/Third_Party/FreeRTOS/Source/tasks.o
 *fill*         0x0000000008008772        0x2 
 .text.prvResetNextTaskUnblockTime
                0x0000000008008774       0x40 Middlewares/Third_Party/FreeRTOS/Source/tasks.o
 .text.xTaskGetSchedulerState
                0x00000000080087b4       0x3c Middlewares/Third_Party/FreeRTOS/Source/tasks.o
                0x00000000080087b4                xTaskGetSchedulerState
 .text.xTaskPriorityInherit
                0x00000000080087f0       0xd0 Middlewares/Third_Party/FreeRTOS/Source/tasks.o
                0x00000000080087f0                xTaskPriorityInherit
 .text.xTaskPriorityDisinherit
                0x00000000080088c0       0xdc Middlewares/Third_Party/FreeRTOS/Source/tasks.o
                0x00000000080088c0                xTaskPriorityDisinherit
 .text.vTaskPriorityDisinheritAfterTimeout
                0x000000000800899c      0x104 Middlewares/Third_Party/FreeRTOS/Source/tasks.o
                0x000000000800899c                vTaskPriorityDisinheritAfterTimeout
 .text.pvTaskIncrementMutexHeldCount
                0x0000000008008aa0       0x28 Middlewares/Third_Party/FreeRTOS/Source/tasks.o
                0x0000000008008aa0                pvTaskIncrementMutexHeldCount
 .text.prvAddCurrentTaskToDelayedList
                0x0000000008008ac8       0xa8 Middlewares/Third_Party/FreeRTOS/Source/tasks.o
 .text.xTimerCreateTimerTask
                0x0000000008008b70       0x90 Middlewares/Third_Party/FreeRTOS/Source/timers.o
                0x0000000008008b70                xTimerCreateTimerTask
 .text.xTimerGenericCommand
                0x0000000008008c00       0x9c Middlewares/Third_Party/FreeRTOS/Source/timers.o
                0x0000000008008c00                xTimerGenericCommand
 .text.prvProcessExpiredTimer
                0x0000000008008c9c       0x98 Middlewares/Third_Party/FreeRTOS/Source/timers.o
 .text.prvTimerTask
                0x0000000008008d34       0x24 Middlewares/Third_Party/FreeRTOS/Source/timers.o
 .text.prvProcessTimerOrBlockTask
                0x0000000008008d58       0x9c Middlewares/Third_Party/FreeRTOS/Source/timers.o
 .text.prvGetNextExpireTime
                0x0000000008008df4       0x48 Middlewares/Third_Party/FreeRTOS/Source/timers.o
 .text.prvSampleTimeNow
                0x0000000008008e3c       0x40 Middlewares/Third_Party/FreeRTOS/Source/timers.o
 .text.prvInsertTimerInActiveList
                0x0000000008008e7c       0x84 Middlewares/Third_Party/FreeRTOS/Source/timers.o
 .text.prvProcessReceivedCommands
                0x0000000008008f00      0x1c4 Middlewares/Third_Party/FreeRTOS/Source/timers.o
 .text.prvSwitchTimerLists
                0x00000000080090c4       0xc8 Middlewares/Third_Party/FreeRTOS/Source/timers.o
 .text.prvCheckForValidListAndQueue
                0x000000000800918c       0x80 Middlewares/Third_Party/FreeRTOS/Source/timers.o
 .text.pxPortInitialiseStack
                0x000000000800920c       0x68 Middlewares/Third_Party/FreeRTOS/Source/portable/GCC/ARM_CM4F/port.o
                0x000000000800920c                pxPortInitialiseStack
 .text.prvTaskExitError
                0x0000000008009274       0x58 Middlewares/Third_Party/FreeRTOS/Source/portable/GCC/ARM_CM4F/port.o
 *fill*         0x00000000080092cc        0x4 
 .text.SVC_Handler
                0x00000000080092d0       0x28 Middlewares/Third_Party/FreeRTOS/Source/portable/GCC/ARM_CM4F/port.o
                0x00000000080092d0                SVC_Handler
 .text.prvPortStartFirstTask
                0x00000000080092f8       0x28 Middlewares/Third_Party/FreeRTOS/Source/portable/GCC/ARM_CM4F/port.o
 .text.xPortStartScheduler
                0x0000000008009320      0x144 Middlewares/Third_Party/FreeRTOS/Source/portable/GCC/ARM_CM4F/port.o
                0x0000000008009320                xPortStartScheduler
 .text.vPortEnterCritical
                0x0000000008009464       0x60 Middlewares/Third_Party/FreeRTOS/Source/portable/GCC/ARM_CM4F/port.o
                0x0000000008009464                vPortEnterCritical
 .text.vPortExitCritical
                0x00000000080094c4       0x54 Middlewares/Third_Party/FreeRTOS/Source/portable/GCC/ARM_CM4F/port.o
                0x00000000080094c4                vPortExitCritical
 *fill*         0x0000000008009518        0x8 
 .text.PendSV_Handler
                0x0000000008009520       0x68 Middlewares/Third_Party/FreeRTOS/Source/portable/GCC/ARM_CM4F/port.o
                0x0000000008009520                PendSV_Handler
 .text.xPortSysTickHandler
                0x0000000008009588       0x44 Middlewares/Third_Party/FreeRTOS/Source/portable/GCC/ARM_CM4F/port.o
                0x0000000008009588                xPortSysTickHandler
 .text.vPortSetupTimerInterrupt
                0x00000000080095cc       0x48 Middlewares/Third_Party/FreeRTOS/Source/portable/GCC/ARM_CM4F/port.o
                0x00000000080095cc                vPortSetupTimerInterrupt
 .text.vPortEnableVFP
                0x0000000008009614       0x14 Middlewares/Third_Party/FreeRTOS/Source/portable/GCC/ARM_CM4F/port.o
 .text.vPortValidateInterruptPriority
                0x0000000008009628       0x80 Middlewares/Third_Party/FreeRTOS/Source/portable/GCC/ARM_CM4F/port.o
                0x0000000008009628                vPortValidateInterruptPriority
 .text.pvPortMalloc
                0x00000000080096a8      0x198 Middlewares/Third_Party/FreeRTOS/Source/portable/MemMang/heap_4.o
                0x00000000080096a8                pvPortMalloc
 .text.vPortFree
                0x0000000008009840       0xc4 Middlewares/Third_Party/FreeRTOS/Source/portable/MemMang/heap_4.o
                0x0000000008009840                vPortFree
 .text.prvHeapInit
                0x0000000008009904       0xc4 Middlewares/Third_Party/FreeRTOS/Source/portable/MemMang/heap_4.o
 .text.prvInsertBlockIntoFreeList
                0x00000000080099c8       0xb4 Middlewares/Third_Party/FreeRTOS/Source/portable/MemMang/heap_4.o
 .text.__libc_init_array
                0x0000000008009a7c       0x48 c:/st/stm32cubeide_1.5.1/stm32cubeide/plugins/com.st.stm32cube.ide.mcu.externaltools.gnu-tools-for-stm32.9-2020-q2-update.win32_1.5.0.202011040924/tools/bin/../lib/gcc/arm-none-eabi/9.3.1/../../../../arm-none-eabi/lib/thumb/v7e-m+fp/hard\libc_nano.a(lib_a-init.o)
                0x0000000008009a7c                __libc_init_array
 .text.memcpy   0x0000000008009ac4       0x1c c:/st/stm32cubeide_1.5.1/stm32cubeide/plugins/com.st.stm32cube.ide.mcu.externaltools.gnu-tools-for-stm32.9-2020-q2-update.win32_1.5.0.202011040924/tools/bin/../lib/gcc/arm-none-eabi/9.3.1/../../../../arm-none-eabi/lib/thumb/v7e-m+fp/hard\libc_nano.a(lib_a-memcpy-stub.o)
                0x0000000008009ac4                memcpy
 .text.memset   0x0000000008009ae0       0x10 c:/st/stm32cubeide_1.5.1/stm32cubeide/plugins/com.st.stm32cube.ide.mcu.externaltools.gnu-tools-for-stm32.9-2020-q2-update.win32_1.5.0.202011040924/tools/bin/../lib/gcc/arm-none-eabi/9.3.1/../../../../arm-none-eabi/lib/thumb/v7e-m+fp/hard\libc_nano.a(lib_a-memset.o)
                0x0000000008009ae0                memset
 *(.glue_7)
 .glue_7        0x0000000008009af0        0x0 linker stubs
 *(.glue_7t)
 .glue_7t       0x0000000008009af0        0x0 linker stubs
 *(.eh_frame)
 .eh_frame      0x0000000008009af0        0x0 c:/st/stm32cubeide_1.5.1/stm32cubeide/plugins/com.st.stm32cube.ide.mcu.externaltools.gnu-tools-for-stm32.9-2020-q2-update.win32_1.5.0.202011040924/tools/bin/../lib/gcc/arm-none-eabi/9.3.1/thumb/v7e-m+fp/hard/crtbegin.o
 *(.init)
 .init          0x0000000008009af0        0x4 c:/st/stm32cubeide_1.5.1/stm32cubeide/plugins/com.st.stm32cube.ide.mcu.externaltools.gnu-tools-for-stm32.9-2020-q2-update.win32_1.5.0.202011040924/tools/bin/../lib/gcc/arm-none-eabi/9.3.1/thumb/v7e-m+fp/hard/crti.o
                0x0000000008009af0                _init
 .init          0x0000000008009af4        0x8 c:/st/stm32cubeide_1.5.1/stm32cubeide/plugins/com.st.stm32cube.ide.mcu.externaltools.gnu-tools-for-stm32.9-2020-q2-update.win32_1.5.0.202011040924/tools/bin/../lib/gcc/arm-none-eabi/9.3.1/thumb/v7e-m+fp/hard/crtn.o
 *(.fini)
 .fini          0x0000000008009afc        0x4 c:/st/stm32cubeide_1.5.1/stm32cubeide/plugins/com.st.stm32cube.ide.mcu.externaltools.gnu-tools-for-stm32.9-2020-q2-update.win32_1.5.0.202011040924/tools/bin/../lib/gcc/arm-none-eabi/9.3.1/thumb/v7e-m+fp/hard/crti.o
                0x0000000008009afc                _fini
 .fini          0x0000000008009b00        0x8 c:/st/stm32cubeide_1.5.1/stm32cubeide/plugins/com.st.stm32cube.ide.mcu.externaltools.gnu-tools-for-stm32.9-2020-q2-update.win32_1.5.0.202011040924/tools/bin/../lib/gcc/arm-none-eabi/9.3.1/thumb/v7e-m+fp/hard/crtn.o
                0x0000000008009b08                . = ALIGN (0x4)
                0x0000000008009b08                _etext = .

.vfp11_veneer   0x0000000008009b08        0x0
 .vfp11_veneer  0x0000000008009b08        0x0 linker stubs

.v4_bx          0x0000000008009b08        0x0
 .v4_bx         0x0000000008009b08        0x0 linker stubs

.iplt           0x0000000008009b08        0x0
 .iplt          0x0000000008009b08        0x0 c:/st/stm32cubeide_1.5.1/stm32cubeide/plugins/com.st.stm32cube.ide.mcu.externaltools.gnu-tools-for-stm32.9-2020-q2-update.win32_1.5.0.202011040924/tools/bin/../lib/gcc/arm-none-eabi/9.3.1/thumb/v7e-m+fp/hard/crtbegin.o

.rodata         0x0000000008009b08      0x30c
                0x0000000008009b08                . = ALIGN (0x4)
 *(.rodata)
 .rodata        0x0000000008009b08      0x260 Core/Src/freertos.o
 .rodata        0x0000000008009d68       0x30 Middlewares/Third_Party/FreeRTOS/Source/tasks.o
 .rodata        0x0000000008009d98        0xd Middlewares/Third_Party/FreeRTOS/Source/timers.o
 *(.rodata*)
 *fill*         0x0000000008009da5        0x3 
 .rodata.defaultTask_attributes
                0x0000000008009da8       0x24 Core/Src/freertos.o
                0x0000000008009da8                defaultTask_attributes
 .rodata.AHBPrescTable
                0x0000000008009dcc       0x10 Core/Src/system_stm32l4xx.o
                0x0000000008009dcc                AHBPrescTable
 .rodata.APBPrescTable
                0x0000000008009ddc        0x8 Core/Src/system_stm32l4xx.o
                0x0000000008009ddc                APBPrescTable
 .rodata.MSIRangeTable
                0x0000000008009de4       0x30 Core/Src/system_stm32l4xx.o
                0x0000000008009de4                MSIRangeTable
                0x0000000008009e14                . = ALIGN (0x4)

.ARM.extab      0x0000000008009e14        0x0
                0x0000000008009e14                . = ALIGN (0x4)
 *(.ARM.extab* .gnu.linkonce.armextab.*)
                0x0000000008009e14                . = ALIGN (0x4)

.ARM            0x0000000008009e14        0x8
                0x0000000008009e14                . = ALIGN (0x4)
                0x0000000008009e14                __exidx_start = .
 *(.ARM.exidx*)
 .ARM.exidx     0x0000000008009e14        0x8 c:/st/stm32cubeide_1.5.1/stm32cubeide/plugins/com.st.stm32cube.ide.mcu.externaltools.gnu-tools-for-stm32.9-2020-q2-update.win32_1.5.0.202011040924/tools/bin/../lib/gcc/arm-none-eabi/9.3.1/thumb/v7e-m+fp/hard\libgcc.a(_udivmoddi4.o)
                0x0000000008009e1c                __exidx_end = .
                0x0000000008009e1c                . = ALIGN (0x4)

.rel.dyn        0x0000000008009e1c        0x0
 .rel.iplt      0x0000000008009e1c        0x0 c:/st/stm32cubeide_1.5.1/stm32cubeide/plugins/com.st.stm32cube.ide.mcu.externaltools.gnu-tools-for-stm32.9-2020-q2-update.win32_1.5.0.202011040924/tools/bin/../lib/gcc/arm-none-eabi/9.3.1/thumb/v7e-m+fp/hard/crtbegin.o

.preinit_array  0x0000000008009e1c        0x0
                0x0000000008009e1c                . = ALIGN (0x4)
                0x0000000008009e1c                PROVIDE (__preinit_array_start = .)
 *(.preinit_array*)
                0x0000000008009e1c                PROVIDE (__preinit_array_end = .)
                0x0000000008009e1c                . = ALIGN (0x4)

.init_array     0x0000000008009e1c        0x4
                0x0000000008009e1c                . = ALIGN (0x4)
                0x0000000008009e1c                PROVIDE (__init_array_start = .)
 *(SORT_BY_NAME(.init_array.*))
 *(.init_array*)
 .init_array    0x0000000008009e1c        0x4 c:/st/stm32cubeide_1.5.1/stm32cubeide/plugins/com.st.stm32cube.ide.mcu.externaltools.gnu-tools-for-stm32.9-2020-q2-update.win32_1.5.0.202011040924/tools/bin/../lib/gcc/arm-none-eabi/9.3.1/thumb/v7e-m+fp/hard/crtbegin.o
                0x0000000008009e20                PROVIDE (__init_array_end = .)
                0x0000000008009e20                . = ALIGN (0x4)

.fini_array     0x0000000008009e20        0x4
                0x0000000008009e20                . = ALIGN (0x4)
                [!provide]                        PROVIDE (__fini_array_start = .)
 *(SORT_BY_NAME(.fini_array.*))
 *(.fini_array*)
 .fini_array    0x0000000008009e20        0x4 c:/st/stm32cubeide_1.5.1/stm32cubeide/plugins/com.st.stm32cube.ide.mcu.externaltools.gnu-tools-for-stm32.9-2020-q2-update.win32_1.5.0.202011040924/tools/bin/../lib/gcc/arm-none-eabi/9.3.1/thumb/v7e-m+fp/hard/crtbegin.o
                [!provide]                        PROVIDE (__fini_array_end = .)
                0x0000000008009e24                . = ALIGN (0x4)
                0x0000000008009e24                _sidata = LOADADDR (.data)

.data           0x0000000020000000      0x668 load address 0x0000000008009e24
                0x0000000020000000                . = ALIGN (0x4)
                0x0000000020000000                _sdata = .
 *(.data)
 *(.data*)
 .data.positions
                0x0000000020000000       0x18 Core/Src/freertos.o
                0x0000000020000000                positions
 .data.recipes  0x0000000020000018      0x640 Core/Src/freertos.o
                0x0000000020000018                recipes
 .data.SystemCoreClock
                0x0000000020000658        0x4 Core/Src/system_stm32l4xx.o
                0x0000000020000658                SystemCoreClock
 .data.uwTickPrio
                0x000000002000065c        0x4 Drivers/STM32L4xx_HAL_Driver/Src/stm32l4xx_hal.o
                0x000000002000065c                uwTickPrio
 .data.uwTickFreq
                0x0000000020000660        0x1 Drivers/STM32L4xx_HAL_Driver/Src/stm32l4xx_hal.o
                0x0000000020000660                uwTickFreq
 *fill*         0x0000000020000661        0x3 
 .data.uxCriticalNesting
                0x0000000020000664        0x4 Middlewares/Third_Party/FreeRTOS/Source/portable/GCC/ARM_CM4F/port.o
 *(.RamFunc)
 *(.RamFunc*)
                0x0000000020000668                . = ALIGN (0x4)
                0x0000000020000668                _edata = .

.igot.plt       0x0000000020000668        0x0 load address 0x000000000800a48c
 .igot.plt      0x0000000020000668        0x0 c:/st/stm32cubeide_1.5.1/stm32cubeide/plugins/com.st.stm32cube.ide.mcu.externaltools.gnu-tools-for-stm32.9-2020-q2-update.win32_1.5.0.202011040924/tools/bin/../lib/gcc/arm-none-eabi/9.3.1/thumb/v7e-m+fp/hard/crtbegin.o
                0x0000000020000668                . = ALIGN (0x4)

.bss            0x0000000020000668     0x6418 load address 0x000000000800a48c
                0x0000000020000668                _sbss = .
                0x0000000020000668                __bss_start__ = _sbss
 *(.bss)
 .bss           0x0000000020000668       0x1c c:/st/stm32cubeide_1.5.1/stm32cubeide/plugins/com.st.stm32cube.ide.mcu.externaltools.gnu-tools-for-stm32.9-2020-q2-update.win32_1.5.0.202011040924/tools/bin/../lib/gcc/arm-none-eabi/9.3.1/thumb/v7e-m+fp/hard/crtbegin.o
 *(.bss*)
 .bss.cmd_line  0x0000000020000684       0x64 Core/Src/freertos.o
 .bss.recipe_start
                0x00000000200006e8        0x4 Core/Src/freertos.o
                0x00000000200006e8                recipe_start
 .bss.KernelState
                0x00000000200006ec        0x4 Middlewares/Third_Party/FreeRTOS/Source/CMSIS_RTOS_V2/cmsis_os2.o
 .bss.Idle_TCB.10780
                0x00000000200006f0       0x60 Middlewares/Third_Party/FreeRTOS/Source/CMSIS_RTOS_V2/cmsis_os2.o
 .bss.Idle_Stack.10781
                0x0000000020000750      0x400 Middlewares/Third_Party/FreeRTOS/Source/CMSIS_RTOS_V2/cmsis_os2.o
 .bss.Timer_TCB.10787
                0x0000000020000b50       0x60 Middlewares/Third_Party/FreeRTOS/Source/CMSIS_RTOS_V2/cmsis_os2.o
 .bss.Timer_Stack.10788
                0x0000000020000bb0      0x800 Middlewares/Third_Party/FreeRTOS/Source/CMSIS_RTOS_V2/cmsis_os2.o
 .bss.pxCurrentTCB
                0x00000000200013b0        0x4 Middlewares/Third_Party/FreeRTOS/Source/tasks.o
                0x00000000200013b0                pxCurrentTCB
 .bss.pxReadyTasksLists
                0x00000000200013b4      0x460 Middlewares/Third_Party/FreeRTOS/Source/tasks.o
 .bss.xDelayedTaskList1
                0x0000000020001814       0x14 Middlewares/Third_Party/FreeRTOS/Source/tasks.o
 .bss.xDelayedTaskList2
                0x0000000020001828       0x14 Middlewares/Third_Party/FreeRTOS/Source/tasks.o
 .bss.pxDelayedTaskList
                0x000000002000183c        0x4 Middlewares/Third_Party/FreeRTOS/Source/tasks.o
 .bss.pxOverflowDelayedTaskList
                0x0000000020001840        0x4 Middlewares/Third_Party/FreeRTOS/Source/tasks.o
 .bss.xPendingReadyList
                0x0000000020001844       0x14 Middlewares/Third_Party/FreeRTOS/Source/tasks.o
 .bss.xTasksWaitingTermination
                0x0000000020001858       0x14 Middlewares/Third_Party/FreeRTOS/Source/tasks.o
 .bss.uxDeletedTasksWaitingCleanUp
                0x000000002000186c        0x4 Middlewares/Third_Party/FreeRTOS/Source/tasks.o
 .bss.xSuspendedTaskList
                0x0000000020001870       0x14 Middlewares/Third_Party/FreeRTOS/Source/tasks.o
 .bss.uxCurrentNumberOfTasks
                0x0000000020001884        0x4 Middlewares/Third_Party/FreeRTOS/Source/tasks.o
 .bss.xTickCount
                0x0000000020001888        0x4 Middlewares/Third_Party/FreeRTOS/Source/tasks.o
 .bss.uxTopReadyPriority
                0x000000002000188c        0x4 Middlewares/Third_Party/FreeRTOS/Source/tasks.o
 .bss.xSchedulerRunning
                0x0000000020001890        0x4 Middlewares/Third_Party/FreeRTOS/Source/tasks.o
 .bss.xPendedTicks
                0x0000000020001894        0x4 Middlewares/Third_Party/FreeRTOS/Source/tasks.o
 .bss.xYieldPending
                0x0000000020001898        0x4 Middlewares/Third_Party/FreeRTOS/Source/tasks.o
 .bss.xNumOfOverflows
                0x000000002000189c        0x4 Middlewares/Third_Party/FreeRTOS/Source/tasks.o
 .bss.uxTaskNumber
                0x00000000200018a0        0x4 Middlewares/Third_Party/FreeRTOS/Source/tasks.o
 .bss.xNextTaskUnblockTime
                0x00000000200018a4        0x4 Middlewares/Third_Party/FreeRTOS/Source/tasks.o
 .bss.xIdleTaskHandle
                0x00000000200018a8        0x4 Middlewares/Third_Party/FreeRTOS/Source/tasks.o
 .bss.uxSchedulerSuspended
                0x00000000200018ac        0x4 Middlewares/Third_Party/FreeRTOS/Source/tasks.o
 .bss.ulTaskSwitchedInTime
                0x00000000200018b0        0x4 Middlewares/Third_Party/FreeRTOS/Source/tasks.o
 .bss.ulTotalRunTime
                0x00000000200018b4        0x4 Middlewares/Third_Party/FreeRTOS/Source/tasks.o
 .bss.xActiveTimerList1
                0x00000000200018b8       0x14 Middlewares/Third_Party/FreeRTOS/Source/timers.o
 .bss.xActiveTimerList2
                0x00000000200018cc       0x14 Middlewares/Third_Party/FreeRTOS/Source/timers.o
 .bss.pxCurrentTimerList
                0x00000000200018e0        0x4 Middlewares/Third_Party/FreeRTOS/Source/timers.o
 .bss.pxOverflowTimerList
                0x00000000200018e4        0x4 Middlewares/Third_Party/FreeRTOS/Source/timers.o
 .bss.xTimerQueue
                0x00000000200018e8        0x4 Middlewares/Third_Party/FreeRTOS/Source/timers.o
 .bss.xTimerTaskHandle
                0x00000000200018ec        0x4 Middlewares/Third_Party/FreeRTOS/Source/timers.o
 .bss.xLastTime.6930
                0x00000000200018f0        0x4 Middlewares/Third_Party/FreeRTOS/Source/timers.o
 .bss.ucStaticTimerQueueStorage.6981
                0x00000000200018f4       0xa0 Middlewares/Third_Party/FreeRTOS/Source/timers.o
 .bss.xStaticTimerQueue.6980
                0x0000000020001994       0x50 Middlewares/Third_Party/FreeRTOS/Source/timers.o
 .bss.ucMaxSysCallPriority
                0x00000000200019e4        0x1 Middlewares/Third_Party/FreeRTOS/Source/portable/GCC/ARM_CM4F/port.o
 *fill*         0x00000000200019e5        0x3 
 .bss.ulMaxPRIGROUPValue
                0x00000000200019e8        0x4 Middlewares/Third_Party/FreeRTOS/Source/portable/GCC/ARM_CM4F/port.o
 .bss.ucHeap    0x00000000200019ec     0x4e20 Middlewares/Third_Party/FreeRTOS/Source/portable/MemMang/heap_4.o
 .bss.xStart    0x000000002000680c        0x8 Middlewares/Third_Party/FreeRTOS/Source/portable/MemMang/heap_4.o
 .bss.pxEnd     0x0000000020006814        0x4 Middlewares/Third_Party/FreeRTOS/Source/portable/MemMang/heap_4.o
 .bss.xFreeBytesRemaining
                0x0000000020006818        0x4 Middlewares/Third_Party/FreeRTOS/Source/portable/MemMang/heap_4.o
 .bss.xMinimumEverFreeBytesRemaining
                0x000000002000681c        0x4 Middlewares/Third_Party/FreeRTOS/Source/portable/MemMang/heap_4.o
 .bss.xNumberOfSuccessfulAllocations
                0x0000000020006820        0x4 Middlewares/Third_Party/FreeRTOS/Source/portable/MemMang/heap_4.o
 .bss.xNumberOfSuccessfulFrees
                0x0000000020006824        0x4 Middlewares/Third_Party/FreeRTOS/Source/portable/MemMang/heap_4.o
 .bss.xBlockAllocatedBit
                0x0000000020006828        0x4 Middlewares/Third_Party/FreeRTOS/Source/portable/MemMang/heap_4.o
 *(COMMON)
 COMMON         0x000000002000682c       0x59 Core/Src/freertos.o
                0x000000002000682c                defaultTaskHandle
                0x0000000020006830                rxQueue
                0x0000000020006834                recipe_mutex
                0x0000000020006838                servo_mutex
                0x000000002000683c                cmd_mutex
                0x0000000020006840                servos
                0x0000000020006880                txMutex
                0x0000000020006884                rx_char
 *fill*         0x0000000020006885        0x3 
 COMMON         0x0000000020006888       0x4c Core/Src/main.o
                0x0000000020006888                htim2
 COMMON         0x00000000200068d4       0x4c Core/Src/stm32l4xx_hal_timebase_tim.o
                0x00000000200068d4                htim17
 COMMON         0x0000000020006920       0x98 Core/Src/tim.o
                0x0000000020006920                htim4
                0x000000002000696c                htim3
 COMMON         0x00000000200069b8       0x84 Core/Src/usart.o
                0x00000000200069b8                huart2
 COMMON         0x0000000020006a3c        0x4 Drivers/STM32L4xx_HAL_Driver/Src/stm32l4xx_hal.o
                0x0000000020006a3c                uwTick
 COMMON         0x0000000020006a40       0x40 Middlewares/Third_Party/FreeRTOS/Source/queue.o
                0x0000000020006a40                xQueueRegistry
                0x0000000020006a80                . = ALIGN (0x4)
                0x0000000020006a80                _ebss = .
                0x0000000020006a80                __bss_end__ = _ebss

._user_heap_stack
                0x0000000020006a80      0x600 load address 0x000000000800a48c
                0x0000000020006a80                . = ALIGN (0x8)
                [!provide]                        PROVIDE (end = .)
                0x0000000020006a80                PROVIDE (_end = .)
                0x0000000020006c80                . = (. + _Min_Heap_Size)
 *fill*         0x0000000020006a80      0x200 
                0x0000000020007080                . = (. + _Min_Stack_Size)
 *fill*         0x0000000020006c80      0x400 
                0x0000000020007080                . = ALIGN (0x8)

/DISCARD/
 libc.a(*)
 libm.a(*)
 libgcc.a(*)

.ARM.attributes
                0x0000000000000000       0x30
 *(.ARM.attributes)
 .ARM.attributes
                0x0000000000000000       0x1e c:/st/stm32cubeide_1.5.1/stm32cubeide/plugins/com.st.stm32cube.ide.mcu.externaltools.gnu-tools-for-stm32.9-2020-q2-update.win32_1.5.0.202011040924/tools/bin/../lib/gcc/arm-none-eabi/9.3.1/thumb/v7e-m+fp/hard/crti.o
 .ARM.attributes
                0x000000000000001e       0x34 c:/st/stm32cubeide_1.5.1/stm32cubeide/plugins/com.st.stm32cube.ide.mcu.externaltools.gnu-tools-for-stm32.9-2020-q2-update.win32_1.5.0.202011040924/tools/bin/../lib/gcc/arm-none-eabi/9.3.1/thumb/v7e-m+fp/hard/crtbegin.o
 .ARM.attributes
                0x0000000000000052       0x34 Core/Src/freertos.o
 .ARM.attributes
                0x0000000000000086       0x34 Core/Src/gpio.o
 .ARM.attributes
                0x00000000000000ba       0x34 Core/Src/main.o
 .ARM.attributes
                0x00000000000000ee       0x34 Core/Src/stm32l4xx_hal_msp.o
 .ARM.attributes
                0x0000000000000122       0x34 Core/Src/stm32l4xx_hal_timebase_tim.o
 .ARM.attributes
                0x0000000000000156       0x34 Core/Src/stm32l4xx_it.o
 .ARM.attributes
                0x000000000000018a       0x34 Core/Src/system_stm32l4xx.o
 .ARM.attributes
                0x00000000000001be       0x34 Core/Src/tim.o
 .ARM.attributes
                0x00000000000001f2       0x34 Core/Src/usart.o
 .ARM.attributes
                0x0000000000000226       0x21 Core/Startup/startup_stm32l476vgtx.o
 .ARM.attributes
                0x0000000000000247       0x34 Drivers/STM32L4xx_HAL_Driver/Src/stm32l4xx_hal.o
 .ARM.attributes
                0x000000000000027b       0x34 Drivers/STM32L4xx_HAL_Driver/Src/stm32l4xx_hal_cortex.o
 .ARM.attributes
                0x00000000000002af       0x34 Drivers/STM32L4xx_HAL_Driver/Src/stm32l4xx_hal_dma.o
 .ARM.attributes
                0x00000000000002e3       0x34 Drivers/STM32L4xx_HAL_Driver/Src/stm32l4xx_hal_gpio.o
 .ARM.attributes
                0x0000000000000317       0x34 Drivers/STM32L4xx_HAL_Driver/Src/stm32l4xx_hal_pwr_ex.o
 .ARM.attributes
                0x000000000000034b       0x34 Drivers/STM32L4xx_HAL_Driver/Src/stm32l4xx_hal_rcc.o
 .ARM.attributes
                0x000000000000037f       0x34 Drivers/STM32L4xx_HAL_Driver/Src/stm32l4xx_hal_rcc_ex.o
 .ARM.attributes
                0x00000000000003b3       0x34 Drivers/STM32L4xx_HAL_Driver/Src/stm32l4xx_hal_tim.o
 .ARM.attributes
                0x00000000000003e7       0x34 Drivers/STM32L4xx_HAL_Driver/Src/stm32l4xx_hal_tim_ex.o
 .ARM.attributes
                0x000000000000041b       0x34 Drivers/STM32L4xx_HAL_Driver/Src/stm32l4xx_hal_uart.o
 .ARM.attributes
                0x000000000000044f       0x34 Drivers/STM32L4xx_HAL_Driver/Src/stm32l4xx_hal_uart_ex.o
 .ARM.attributes
                0x0000000000000483       0x34 Middlewares/Third_Party/FreeRTOS/Source/CMSIS_RTOS_V2/cmsis_os2.o
 .ARM.attributes
                0x00000000000004b7       0x34 Middlewares/Third_Party/FreeRTOS/Source/list.o
 .ARM.attributes
                0x00000000000004eb       0x34 Middlewares/Third_Party/FreeRTOS/Source/queue.o
 .ARM.attributes
                0x000000000000051f       0x34 Middlewares/Third_Party/FreeRTOS/Source/tasks.o
 .ARM.attributes
                0x0000000000000553       0x34 Middlewares/Third_Party/FreeRTOS/Source/timers.o
 .ARM.attributes
                0x0000000000000587       0x34 Middlewares/Third_Party/FreeRTOS/Source/portable/GCC/ARM_CM4F/port.o
 .ARM.attributes
                0x00000000000005bb       0x34 Middlewares/Third_Party/FreeRTOS/Source/portable/MemMang/heap_4.o
 .ARM.attributes
                0x00000000000005ef       0x34 c:/st/stm32cubeide_1.5.1/stm32cubeide/plugins/com.st.stm32cube.ide.mcu.externaltools.gnu-tools-for-stm32.9-2020-q2-update.win32_1.5.0.202011040924/tools/bin/../lib/gcc/arm-none-eabi/9.3.1/../../../../arm-none-eabi/lib/thumb/v7e-m+fp/hard\libc_nano.a(lib_a-init.o)
 .ARM.attributes
                0x0000000000000623       0x34 c:/st/stm32cubeide_1.5.1/stm32cubeide/plugins/com.st.stm32cube.ide.mcu.externaltools.gnu-tools-for-stm32.9-2020-q2-update.win32_1.5.0.202011040924/tools/bin/../lib/gcc/arm-none-eabi/9.3.1/../../../../arm-none-eabi/lib/thumb/v7e-m+fp/hard\libc_nano.a(lib_a-memcpy-stub.o)
 .ARM.attributes
                0x0000000000000657       0x34 c:/st/stm32cubeide_1.5.1/stm32cubeide/plugins/com.st.stm32cube.ide.mcu.externaltools.gnu-tools-for-stm32.9-2020-q2-update.win32_1.5.0.202011040924/tools/bin/../lib/gcc/arm-none-eabi/9.3.1/../../../../arm-none-eabi/lib/thumb/v7e-m+fp/hard\libc_nano.a(lib_a-memset.o)
 .ARM.attributes
                0x000000000000068b       0x17 c:/st/stm32cubeide_1.5.1/stm32cubeide/plugins/com.st.stm32cube.ide.mcu.externaltools.gnu-tools-for-stm32.9-2020-q2-update.win32_1.5.0.202011040924/tools/bin/../lib/gcc/arm-none-eabi/9.3.1/../../../../arm-none-eabi/lib/thumb/v7e-m+fp/hard\libc_nano.a(lib_a-strlen.o)
 .ARM.attributes
                0x00000000000006a2       0x1e c:/st/stm32cubeide_1.5.1/stm32cubeide/plugins/com.st.stm32cube.ide.mcu.externaltools.gnu-tools-for-stm32.9-2020-q2-update.win32_1.5.0.202011040924/tools/bin/../lib/gcc/arm-none-eabi/9.3.1/thumb/v7e-m+fp/hard\libgcc.a(_aeabi_uldivmod.o)
 .ARM.attributes
                0x00000000000006c0       0x34 c:/st/stm32cubeide_1.5.1/stm32cubeide/plugins/com.st.stm32cube.ide.mcu.externaltools.gnu-tools-for-stm32.9-2020-q2-update.win32_1.5.0.202011040924/tools/bin/../lib/gcc/arm-none-eabi/9.3.1/thumb/v7e-m+fp/hard\libgcc.a(_udivmoddi4.o)
 .ARM.attributes
                0x00000000000006f4       0x1e c:/st/stm32cubeide_1.5.1/stm32cubeide/plugins/com.st.stm32cube.ide.mcu.externaltools.gnu-tools-for-stm32.9-2020-q2-update.win32_1.5.0.202011040924/tools/bin/../lib/gcc/arm-none-eabi/9.3.1/thumb/v7e-m+fp/hard\libgcc.a(_dvmd_tls.o)
 .ARM.attributes
                0x0000000000000712       0x1e c:/st/stm32cubeide_1.5.1/stm32cubeide/plugins/com.st.stm32cube.ide.mcu.externaltools.gnu-tools-for-stm32.9-2020-q2-update.win32_1.5.0.202011040924/tools/bin/../lib/gcc/arm-none-eabi/9.3.1/thumb/v7e-m+fp/hard/crtn.o
OUTPUT(project4.elf elf32-littlearm)
LOAD linker stubs
LOAD c:/st/stm32cubeide_1.5.1/stm32cubeide/plugins/com.st.stm32cube.ide.mcu.externaltools.gnu-tools-for-stm32.9-2020-q2-update.win32_1.5.0.202011040924/tools/bin/../lib/gcc/arm-none-eabi/9.3.1/../../../../arm-none-eabi/lib/thumb/v7e-m+fp/hard\libc.a
LOAD c:/st/stm32cubeide_1.5.1/stm32cubeide/plugins/com.st.stm32cube.ide.mcu.externaltools.gnu-tools-for-stm32.9-2020-q2-update.win32_1.5.0.202011040924/tools/bin/../lib/gcc/arm-none-eabi/9.3.1/../../../../arm-none-eabi/lib/thumb/v7e-m+fp/hard\libm.a
LOAD c:/st/stm32cubeide_1.5.1/stm32cubeide/plugins/com.st.stm32cube.ide.mcu.externaltools.gnu-tools-for-stm32.9-2020-q2-update.win32_1.5.0.202011040924/tools/bin/../lib/gcc/arm-none-eabi/9.3.1/thumb/v7e-m+fp/hard\libgcc.a

.debug_info     0x0000000000000000    0x2178d
 .debug_info    0x0000000000000000     0x2558 Core/Src/freertos.o
 .debug_info    0x0000000000002558      0x6c4 Core/Src/gpio.o
 .debug_info    0x0000000000002c1c     0x10c0 Core/Src/main.o
 .debug_info    0x0000000000003cdc      0x770 Core/Src/stm32l4xx_hal_msp.o
 .debug_info    0x000000000000444c      0xe29 Core/Src/stm32l4xx_hal_timebase_tim.o
 .debug_info    0x0000000000005275      0xcd4 Core/Src/stm32l4xx_it.o
 .debug_info    0x0000000000005f49      0x794 Core/Src/system_stm32l4xx.o
 .debug_info    0x00000000000066dd     0x120e Core/Src/tim.o
 .debug_info    0x00000000000078eb      0xec0 Core/Src/usart.o
 .debug_info    0x00000000000087ab       0x22 Core/Startup/startup_stm32l476vgtx.o
 .debug_info    0x00000000000087cd      0xcb9 Drivers/STM32L4xx_HAL_Driver/Src/stm32l4xx_hal.o
 .debug_info    0x0000000000009486     0x102e Drivers/STM32L4xx_HAL_Driver/Src/stm32l4xx_hal_cortex.o
 .debug_info    0x000000000000a4b4      0x973 Drivers/STM32L4xx_HAL_Driver/Src/stm32l4xx_hal_dma.o
 .debug_info    0x000000000000ae27      0xa5f Drivers/STM32L4xx_HAL_Driver/Src/stm32l4xx_hal_gpio.o
 .debug_info    0x000000000000b886      0xbda Drivers/STM32L4xx_HAL_Driver/Src/stm32l4xx_hal_pwr_ex.o
 .debug_info    0x000000000000c460      0xe0b Drivers/STM32L4xx_HAL_Driver/Src/stm32l4xx_hal_rcc.o
 .debug_info    0x000000000000d26b     0x103f Drivers/STM32L4xx_HAL_Driver/Src/stm32l4xx_hal_rcc_ex.o
 .debug_info    0x000000000000e2aa     0x2cb9 Drivers/STM32L4xx_HAL_Driver/Src/stm32l4xx_hal_tim.o
 .debug_info    0x0000000000010f63     0x1813 Drivers/STM32L4xx_HAL_Driver/Src/stm32l4xx_hal_tim_ex.o
 .debug_info    0x0000000000012776     0x1ac3 Drivers/STM32L4xx_HAL_Driver/Src/stm32l4xx_hal_uart.o
 .debug_info    0x0000000000014239      0xc67 Drivers/STM32L4xx_HAL_Driver/Src/stm32l4xx_hal_uart_ex.o
 .debug_info    0x0000000000014ea0     0x3f0f Middlewares/Third_Party/FreeRTOS/Source/CMSIS_RTOS_V2/cmsis_os2.o
 .debug_info    0x0000000000018daf      0xb82 Middlewares/Third_Party/FreeRTOS/Source/list.o
 .debug_info    0x0000000000019931     0x23b0 Middlewares/Third_Party/FreeRTOS/Source/queue.o
 .debug_info    0x000000000001bce1     0x2c2e Middlewares/Third_Party/FreeRTOS/Source/tasks.o
 .debug_info    0x000000000001e90f     0x1c03 Middlewares/Third_Party/FreeRTOS/Source/timers.o
 .debug_info    0x0000000000020512      0x4f1 Middlewares/Third_Party/FreeRTOS/Source/portable/GCC/ARM_CM4F/port.o
 .debug_info    0x0000000000020a03      0xd8a Middlewares/Third_Party/FreeRTOS/Source/portable/MemMang/heap_4.o

.debug_abbrev   0x0000000000000000     0x406c
 .debug_abbrev  0x0000000000000000      0x446 Core/Src/freertos.o
 .debug_abbrev  0x0000000000000446      0x14e Core/Src/gpio.o
 .debug_abbrev  0x0000000000000594      0x1f2 Core/Src/main.o
 .debug_abbrev  0x0000000000000786      0x146 Core/Src/stm32l4xx_hal_msp.o
 .debug_abbrev  0x00000000000008cc      0x1bf Core/Src/stm32l4xx_hal_timebase_tim.o
 .debug_abbrev  0x0000000000000a8b      0x176 Core/Src/stm32l4xx_it.o
 .debug_abbrev  0x0000000000000c01      0x16e Core/Src/system_stm32l4xx.o
 .debug_abbrev  0x0000000000000d6f      0x215 Core/Src/tim.o
 .debug_abbrev  0x0000000000000f84      0x1c4 Core/Src/usart.o
 .debug_abbrev  0x0000000000001148       0x12 Core/Startup/startup_stm32l476vgtx.o
 .debug_abbrev  0x000000000000115a      0x227 Drivers/STM32L4xx_HAL_Driver/Src/stm32l4xx_hal.o
 .debug_abbrev  0x0000000000001381      0x33c Drivers/STM32L4xx_HAL_Driver/Src/stm32l4xx_hal_cortex.o
 .debug_abbrev  0x00000000000016bd      0x201 Drivers/STM32L4xx_HAL_Driver/Src/stm32l4xx_hal_dma.o
 .debug_abbrev  0x00000000000018be      0x1e8 Drivers/STM32L4xx_HAL_Driver/Src/stm32l4xx_hal_gpio.o
 .debug_abbrev  0x0000000000001aa6      0x1f3 Drivers/STM32L4xx_HAL_Driver/Src/stm32l4xx_hal_pwr_ex.o
 .debug_abbrev  0x0000000000001c99      0x275 Drivers/STM32L4xx_HAL_Driver/Src/stm32l4xx_hal_rcc.o
 .debug_abbrev  0x0000000000001f0e      0x268 Drivers/STM32L4xx_HAL_Driver/Src/stm32l4xx_hal_rcc_ex.o
 .debug_abbrev  0x0000000000002176      0x25e Drivers/STM32L4xx_HAL_Driver/Src/stm32l4xx_hal_tim.o
 .debug_abbrev  0x00000000000023d4      0x266 Drivers/STM32L4xx_HAL_Driver/Src/stm32l4xx_hal_tim_ex.o
 .debug_abbrev  0x000000000000263a      0x23f Drivers/STM32L4xx_HAL_Driver/Src/stm32l4xx_hal_uart.o
 .debug_abbrev  0x0000000000002879      0x20a Drivers/STM32L4xx_HAL_Driver/Src/stm32l4xx_hal_uart_ex.o
 .debug_abbrev  0x0000000000002a83      0x4bd Middlewares/Third_Party/FreeRTOS/Source/CMSIS_RTOS_V2/cmsis_os2.o
 .debug_abbrev  0x0000000000002f40      0x1f7 Middlewares/Third_Party/FreeRTOS/Source/list.o
 .debug_abbrev  0x0000000000003137      0x380 Middlewares/Third_Party/FreeRTOS/Source/queue.o
 .debug_abbrev  0x00000000000034b7      0x39a Middlewares/Third_Party/FreeRTOS/Source/tasks.o
 .debug_abbrev  0x0000000000003851      0x317 Middlewares/Third_Party/FreeRTOS/Source/timers.o
 .debug_abbrev  0x0000000000003b68      0x231 Middlewares/Third_Party/FreeRTOS/Source/portable/GCC/ARM_CM4F/port.o
 .debug_abbrev  0x0000000000003d99      0x2d3 Middlewares/Third_Party/FreeRTOS/Source/portable/MemMang/heap_4.o

.debug_aranges  0x0000000000000000     0x18f8
 .debug_aranges
                0x0000000000000000      0x128 Core/Src/freertos.o
 .debug_aranges
                0x0000000000000128       0x20 Core/Src/gpio.o
 .debug_aranges
                0x0000000000000148       0x40 Core/Src/main.o
 .debug_aranges
                0x0000000000000188       0x20 Core/Src/stm32l4xx_hal_msp.o
 .debug_aranges
                0x00000000000001a8       0x30 Core/Src/stm32l4xx_hal_timebase_tim.o
 .debug_aranges
                0x00000000000001d8       0x60 Core/Src/stm32l4xx_it.o
 .debug_aranges
                0x0000000000000238       0x28 Core/Src/system_stm32l4xx.o
 .debug_aranges
                0x0000000000000260       0x58 Core/Src/tim.o
 .debug_aranges
                0x00000000000002b8       0x30 Core/Src/usart.o
 .debug_aranges
                0x00000000000002e8       0x28 Core/Startup/startup_stm32l476vgtx.o
 .debug_aranges
                0x0000000000000310      0x130 Drivers/STM32L4xx_HAL_Driver/Src/stm32l4xx_hal.o
 .debug_aranges
                0x0000000000000440      0x118 Drivers/STM32L4xx_HAL_Driver/Src/stm32l4xx_hal_cortex.o
 .debug_aranges
                0x0000000000000558       0x80 Drivers/STM32L4xx_HAL_Driver/Src/stm32l4xx_hal_dma.o
 .debug_aranges
                0x00000000000005d8       0x58 Drivers/STM32L4xx_HAL_Driver/Src/stm32l4xx_hal_gpio.o
 .debug_aranges
                0x0000000000000630      0x150 Drivers/STM32L4xx_HAL_Driver/Src/stm32l4xx_hal_pwr_ex.o
 .debug_aranges
                0x0000000000000780       0x88 Drivers/STM32L4xx_HAL_Driver/Src/stm32l4xx_hal_rcc.o
 .debug_aranges
                0x0000000000000808       0xc0 Drivers/STM32L4xx_HAL_Driver/Src/stm32l4xx_hal_rcc_ex.o
 .debug_aranges
                0x00000000000008c8      0x3e0 Drivers/STM32L4xx_HAL_Driver/Src/stm32l4xx_hal_tim.o
 .debug_aranges
                0x0000000000000ca8      0x180 Drivers/STM32L4xx_HAL_Driver/Src/stm32l4xx_hal_tim_ex.o
 .debug_aranges
                0x0000000000000e28      0x228 Drivers/STM32L4xx_HAL_Driver/Src/stm32l4xx_hal_uart.o
 .debug_aranges
                0x0000000000001050       0x78 Drivers/STM32L4xx_HAL_Driver/Src/stm32l4xx_hal_uart_ex.o
 .debug_aranges
                0x00000000000010c8      0x2b0 Middlewares/Third_Party/FreeRTOS/Source/CMSIS_RTOS_V2/cmsis_os2.o
 .debug_aranges
                0x0000000000001378       0x40 Middlewares/Third_Party/FreeRTOS/Source/list.o
 .debug_aranges
                0x00000000000013b8      0x158 Middlewares/Third_Party/FreeRTOS/Source/queue.o
 .debug_aranges
                0x0000000000001510      0x220 Middlewares/Third_Party/FreeRTOS/Source/tasks.o
 .debug_aranges
                0x0000000000001730       0xf0 Middlewares/Third_Party/FreeRTOS/Source/timers.o
 .debug_aranges
                0x0000000000001820       0x80 Middlewares/Third_Party/FreeRTOS/Source/portable/GCC/ARM_CM4F/port.o
 .debug_aranges
                0x00000000000018a0       0x58 Middlewares/Third_Party/FreeRTOS/Source/portable/MemMang/heap_4.o

.debug_ranges   0x0000000000000000     0x1770
 .debug_ranges  0x0000000000000000      0x118 Core/Src/freertos.o
 .debug_ranges  0x0000000000000118       0x10 Core/Src/gpio.o
 .debug_ranges  0x0000000000000128       0x30 Core/Src/main.o
 .debug_ranges  0x0000000000000158       0x10 Core/Src/stm32l4xx_hal_msp.o
 .debug_ranges  0x0000000000000168       0x20 Core/Src/stm32l4xx_hal_timebase_tim.o
 .debug_ranges  0x0000000000000188       0x50 Core/Src/stm32l4xx_it.o
 .debug_ranges  0x00000000000001d8       0x18 Core/Src/system_stm32l4xx.o
 .debug_ranges  0x00000000000001f0       0x48 Core/Src/tim.o
 .debug_ranges  0x0000000000000238       0x20 Core/Src/usart.o
 .debug_ranges  0x0000000000000258       0x20 Core/Startup/startup_stm32l476vgtx.o
 .debug_ranges  0x0000000000000278      0x120 Drivers/STM32L4xx_HAL_Driver/Src/stm32l4xx_hal.o
 .debug_ranges  0x0000000000000398      0x108 Drivers/STM32L4xx_HAL_Driver/Src/stm32l4xx_hal_cortex.o
 .debug_ranges  0x00000000000004a0       0x70 Drivers/STM32L4xx_HAL_Driver/Src/stm32l4xx_hal_dma.o
 .debug_ranges  0x0000000000000510       0x48 Drivers/STM32L4xx_HAL_Driver/Src/stm32l4xx_hal_gpio.o
 .debug_ranges  0x0000000000000558      0x140 Drivers/STM32L4xx_HAL_Driver/Src/stm32l4xx_hal_pwr_ex.o
 .debug_ranges  0x0000000000000698       0x78 Drivers/STM32L4xx_HAL_Driver/Src/stm32l4xx_hal_rcc.o
 .debug_ranges  0x0000000000000710       0xb0 Drivers/STM32L4xx_HAL_Driver/Src/stm32l4xx_hal_rcc_ex.o
 .debug_ranges  0x00000000000007c0      0x3d0 Drivers/STM32L4xx_HAL_Driver/Src/stm32l4xx_hal_tim.o
 .debug_ranges  0x0000000000000b90      0x170 Drivers/STM32L4xx_HAL_Driver/Src/stm32l4xx_hal_tim_ex.o
 .debug_ranges  0x0000000000000d00      0x248 Drivers/STM32L4xx_HAL_Driver/Src/stm32l4xx_hal_uart.o
 .debug_ranges  0x0000000000000f48       0x68 Drivers/STM32L4xx_HAL_Driver/Src/stm32l4xx_hal_uart_ex.o
 .debug_ranges  0x0000000000000fb0      0x2a0 Middlewares/Third_Party/FreeRTOS/Source/CMSIS_RTOS_V2/cmsis_os2.o
 .debug_ranges  0x0000000000001250       0x30 Middlewares/Third_Party/FreeRTOS/Source/list.o
 .debug_ranges  0x0000000000001280      0x148 Middlewares/Third_Party/FreeRTOS/Source/queue.o
 .debug_ranges  0x00000000000013c8      0x210 Middlewares/Third_Party/FreeRTOS/Source/tasks.o
 .debug_ranges  0x00000000000015d8       0xe0 Middlewares/Third_Party/FreeRTOS/Source/timers.o
 .debug_ranges  0x00000000000016b8       0x70 Middlewares/Third_Party/FreeRTOS/Source/portable/GCC/ARM_CM4F/port.o
 .debug_ranges  0x0000000000001728       0x48 Middlewares/Third_Party/FreeRTOS/Source/portable/MemMang/heap_4.o

.debug_macro    0x0000000000000000     0xda5f
 .debug_macro   0x0000000000000000      0x492 Core/Src/freertos.o
 .debug_macro   0x0000000000000492      0x174 Core/Src/freertos.o
 .debug_macro   0x0000000000000606      0x184 Core/Src/freertos.o
 .debug_macro   0x000000000000078a      0x15a Core/Src/freertos.o
 .debug_macro   0x00000000000008e4       0xc9 Core/Src/freertos.o
 .debug_macro   0x00000000000009ad       0x1c Core/Src/freertos.o
 .debug_macro   0x00000000000009c9       0x26 Core/Src/freertos.o
 .debug_macro   0x00000000000009ef      0x4b0 Core/Src/freertos.o
 .debug_macro   0x0000000000000e9f       0xb5 Core/Src/freertos.o
 .debug_macro   0x0000000000000f54       0xaa Core/Src/freertos.o
 .debug_macro   0x0000000000000ffe      0x1ad Core/Src/freertos.o
 .debug_macro   0x00000000000011ab       0x2e Core/Src/freertos.o
 .debug_macro   0x00000000000011d9       0x43 Core/Src/freertos.o
 .debug_macro   0x000000000000121c     0x3897 Core/Src/freertos.o
 .debug_macro   0x0000000000004ab3       0x5c Core/Src/freertos.o
 .debug_macro   0x0000000000004b0f     0x155f Core/Src/freertos.o
 .debug_macro   0x000000000000606e      0x59e Core/Src/freertos.o
 .debug_macro   0x000000000000660c      0x13d Core/Src/freertos.o
 .debug_macro   0x0000000000006749      0x18b Core/Src/freertos.o
 .debug_macro   0x00000000000068d4      0x26b Core/Src/freertos.o
 .debug_macro   0x0000000000006b3f      0x23d Core/Src/freertos.o
 .debug_macro   0x0000000000006d7c      0x241 Core/Src/freertos.o
 .debug_macro   0x0000000000006fbd      0x37c Core/Src/freertos.o
 .debug_macro   0x0000000000007339       0xd6 Core/Src/freertos.o
 .debug_macro   0x000000000000740f      0x22c Core/Src/freertos.o
 .debug_macro   0x000000000000763b       0x61 Core/Src/freertos.o
 .debug_macro   0x000000000000769c       0xa5 Core/Src/freertos.o
 .debug_macro   0x0000000000007741      0x122 Core/Src/freertos.o
 .debug_macro   0x0000000000007863      0x3e9 Core/Src/freertos.o
 .debug_macro   0x0000000000007c4c      0xa75 Core/Src/freertos.o
 .debug_macro   0x00000000000086c1      0x1e7 Core/Src/freertos.o
 .debug_macro   0x00000000000088a8      0x5ba Core/Src/freertos.o
 .debug_macro   0x0000000000008e62       0x44 Core/Src/freertos.o
 .debug_macro   0x0000000000008ea6      0x331 Core/Src/freertos.o
 .debug_macro   0x00000000000091d7       0x6c Core/Src/freertos.o
 .debug_macro   0x0000000000009243       0x74 Core/Src/freertos.o
 .debug_macro   0x00000000000092b7       0xdd Core/Src/freertos.o
 .debug_macro   0x0000000000009394       0x52 Core/Src/freertos.o
 .debug_macro   0x00000000000093e6       0x18 Core/Src/freertos.o
 .debug_macro   0x00000000000093fe       0x3c Core/Src/freertos.o
 .debug_macro   0x000000000000943a       0x34 Core/Src/freertos.o
 .debug_macro   0x000000000000946e       0x16 Core/Src/freertos.o
 .debug_macro   0x0000000000009484       0x43 Core/Src/freertos.o
 .debug_macro   0x00000000000094c7       0x34 Core/Src/freertos.o
 .debug_macro   0x00000000000094fb       0x10 Core/Src/freertos.o
 .debug_macro   0x000000000000950b       0x58 Core/Src/freertos.o
 .debug_macro   0x0000000000009563       0x71 Core/Src/freertos.o
 .debug_macro   0x00000000000095d4       0x1c Core/Src/freertos.o
 .debug_macro   0x00000000000095f0      0x12a Core/Src/freertos.o
 .debug_macro   0x000000000000971a      0x333 Core/Src/freertos.o
 .debug_macro   0x0000000000009a4d       0x10 Core/Src/freertos.o
 .debug_macro   0x0000000000009a5d       0x35 Core/Src/freertos.o
 .debug_macro   0x0000000000009a92       0x20 Core/Src/freertos.o
 .debug_macro   0x0000000000009ab2       0x1c Core/Src/freertos.o
 .debug_macro   0x0000000000009ace       0x10 Core/Src/freertos.o
 .debug_macro   0x0000000000009ade       0x10 Core/Src/freertos.o
 .debug_macro   0x0000000000009aee       0x1c Core/Src/freertos.o
 .debug_macro   0x0000000000009b0a       0x52 Core/Src/freertos.o
 .debug_macro   0x0000000000009b5c       0x22 Core/Src/freertos.o
 .debug_macro   0x0000000000009b7e       0x10 Core/Src/freertos.o
 .debug_macro   0x0000000000009b8e       0x40 Core/Src/freertos.o
 .debug_macro   0x0000000000009bce       0xd5 Core/Src/freertos.o
 .debug_macro   0x0000000000009ca3       0x1c Core/Src/freertos.o
 .debug_macro   0x0000000000009cbf       0x3d Core/Src/freertos.o
 .debug_macro   0x0000000000009cfc       0x16 Core/Src/freertos.o
 .debug_macro   0x0000000000009d12      0x145 Core/Src/freertos.o
 .debug_macro   0x0000000000009e57       0x87 Core/Src/freertos.o
 .debug_macro   0x0000000000009ede       0x9a Core/Src/freertos.o
 .debug_macro   0x0000000000009f78       0x4c Core/Src/freertos.o
 .debug_macro   0x0000000000009fc4      0x1ed Core/Src/gpio.o
 .debug_macro   0x000000000000a1b1      0x295 Core/Src/main.o
 .debug_macro   0x000000000000a446      0x184 Core/Src/main.o
 .debug_macro   0x000000000000a5ca       0x66 Core/Src/main.o
 .debug_macro   0x000000000000a630      0x1e3 Core/Src/stm32l4xx_hal_msp.o
 .debug_macro   0x000000000000a813      0x1d9 Core/Src/stm32l4xx_hal_timebase_tim.o
 .debug_macro   0x000000000000a9ec      0x1ed Core/Src/stm32l4xx_it.o
 .debug_macro   0x000000000000abd9      0x1df Core/Src/system_stm32l4xx.o
 .debug_macro   0x000000000000adb8      0x1ed Core/Src/tim.o
 .debug_macro   0x000000000000afa5      0x1ed Core/Src/usart.o
 .debug_macro   0x000000000000b192      0x227 Drivers/STM32L4xx_HAL_Driver/Src/stm32l4xx_hal.o
 .debug_macro   0x000000000000b3b9      0x1d9 Drivers/STM32L4xx_HAL_Driver/Src/stm32l4xx_hal_cortex.o
 .debug_macro   0x000000000000b592      0x1d9 Drivers/STM32L4xx_HAL_Driver/Src/stm32l4xx_hal_dma.o
 .debug_macro   0x000000000000b76b      0x218 Drivers/STM32L4xx_HAL_Driver/Src/stm32l4xx_hal_gpio.o
 .debug_macro   0x000000000000b983      0x1fd Drivers/STM32L4xx_HAL_Driver/Src/stm32l4xx_hal_pwr_ex.o